============================= test session starts =============================
platform win32 -- Python 3.12.13, pytest-9.1.1, pluggy-1.6.0
rootdir: G:\Project\xlm-p35-readiness-astra
configfile: pyproject.toml
plugins: anyio-4.15.1, cov-7.1.0, xdist-3.8.0
collected 112 items

tests\test_p35_readiness_runtime.py .................                    [ 15%]
tests\test_p35_readiness_recoverability.py ............................. [ 41%]
....                                                                     [ 44%]
tests\test_p35_readiness_planner.py ..............                       [ 57%]
tests\test_p35_readiness_payload.py .................................... [ 89%]
.                                                                        [ 90%]
tests\test_p35_readiness_m4.py ...........                               [100%]

=================================== PASSES ====================================
- generated xml file: G:\Project\xlm-p35-readiness-astra\docs\implementation\evidence\P35-READINESS-ASTRA\readiness.xml -
=========================== short test summary info ===========================
PASSED tests/test_p35_readiness_runtime.py::test_complete_c0_events_allow_update_1
PASSED tests/test_p35_readiness_runtime.py::test_failed_c0_event_blocks_update_1_after_bounded_retries[quick_lm]
PASSED tests/test_p35_readiness_runtime.py::test_failed_c0_event_blocks_update_1_after_bounded_retries[full_lm]
PASSED tests/test_p35_readiness_runtime.py::test_failed_c0_event_blocks_update_1_after_bounded_retries[search_benchmark]
PASSED tests/test_p35_readiness_runtime.py::test_retry_at_c0_that_succeeds_lets_training_proceed
PASSED tests/test_p35_readiness_runtime.py::test_without_a_policy_a_failed_c0_event_keeps_legacy_behavior
PASSED tests/test_p35_readiness_runtime.py::test_recovery_checkpoint_lands_on_the_natural_first_crossing
PASSED tests/test_p35_readiness_runtime.py::test_failed_evaluation_keeps_its_recovery_checkpoint_until_exact_rescore
PASSED tests/test_p35_readiness_runtime.py::test_crash_after_recovery_checkpoint_before_scoring_resumes_exactly
PASSED tests/test_p35_readiness_runtime.py::test_endpoint_failure_is_retried_on_the_live_endpoint_state
PASSED tests/test_p35_readiness_runtime.py::test_exhausted_endpoint_retries_fail_stop_evaluation_incomplete
PASSED tests/test_p35_readiness_runtime.py::test_disabled_endpoint_policy_keeps_m3_success_semantics
PASSED tests/test_p35_readiness_runtime.py::test_committed_updates_and_only_those_enter_the_chain
PASSED tests/test_p35_readiness_runtime.py::test_a_failed_optimizer_update_never_becomes_payload_evidence
PASSED tests/test_p35_readiness_runtime.py::test_resume_restores_the_chain_and_matches_the_uninterrupted_run
PASSED tests/test_p35_readiness_runtime.py::test_resume_without_the_receipt_declaration_is_refused
PASSED tests/test_p35_readiness_runtime.py::test_microbatch_grouping_does_not_change_the_trainer_chain
PASSED tests/test_p35_readiness_recoverability.py::test_policy_is_data_only_and_every_field_is_required
PASSED tests/test_p35_readiness_recoverability.py::test_config_schema_requires_cadences_and_is_omitted_when_absent
PASSED tests/test_p35_readiness_recoverability.py::test_pilot_recovery_checkpoints_are_exactly_1m_and_4m
PASSED tests/test_p35_readiness_recoverability.py::test_recovery_checkpoints_never_split_an_update
PASSED tests/test_p35_readiness_recoverability.py::test_first_crossing_marks_the_recovery_event_due_with_the_actual_count
PASSED tests/test_p35_readiness_recoverability.py::test_disabled_or_absent_policy_keeps_the_m3_plan_identity
PASSED tests/test_p35_readiness_recoverability.py::test_changed_policy_changes_the_checkpoint_plan_digest
PASSED tests/test_p35_readiness_recoverability.py::test_saved_plan_round_trips_and_fork_rebase_keeps_recovery_events
PASSED tests/test_p35_readiness_recoverability.py::test_recovery_events_require_a_policy
PASSED tests/test_p35_readiness_recoverability.py::test_run_plans_from_config_refuses_a_policy_without_cadences
PASSED tests/test_p35_readiness_recoverability.py::test_barrier_opens_only_when_every_required_c0_event_is_complete
PASSED tests/test_p35_readiness_recoverability.py::test_any_failed_c0_event_closes_the_barrier[quick_lm@0]
PASSED tests/test_p35_readiness_recoverability.py::test_any_failed_c0_event_closes_the_barrier[full_lm@0]
PASSED tests/test_p35_readiness_recoverability.py::test_any_failed_c0_event_closes_the_barrier[search_benchmark@0]
PASSED tests/test_p35_readiness_recoverability.py::test_partial_interrupted_or_unscored_c0_events_also_block[partial]
PASSED tests/test_p35_readiness_recoverability.py::test_partial_interrupted_or_unscored_c0_events_also_block[interrupted]
PASSED tests/test_p35_readiness_recoverability.py::test_partial_interrupted_or_unscored_c0_events_also_block[due]
PASSED tests/test_p35_readiness_recoverability.py::test_a_retry_at_c0_that_completes_opens_the_barrier
PASSED tests/test_p35_readiness_recoverability.py::test_exhausted_retries_keep_the_barrier_closed_and_stop_retrying
PASSED tests/test_p35_readiness_recoverability.py::test_uncrossed_c0_events_block_so_skipping_the_boundary_cannot_open_it
PASSED tests/test_p35_readiness_recoverability.py::test_no_policy_or_disabled_barrier_keeps_legacy_behavior
PASSED tests/test_p35_readiness_recoverability.py::test_mid_run_boundaries_are_not_retried_live
PASSED tests/test_p35_readiness_recoverability.py::test_endpoint_retries_live_then_fail_stops
PASSED tests/test_p35_readiness_recoverability.py::test_pilot_table_with_the_v1_policy_has_a_route_for_every_required_event
PASSED tests/test_p35_readiness_recoverability.py::test_pre_change_pilot_table_reproduces_the_audited_gaps
PASSED tests/test_p35_readiness_recoverability.py::test_disabling_any_part_leaves_a_required_event_without_a_route[change0-lost0]
PASSED tests/test_p35_readiness_recoverability.py::test_disabling_any_part_leaves_a_required_event_without_a_route[change1-lost1]
PASSED tests/test_p35_readiness_recoverability.py::test_disabling_any_part_leaves_a_required_event_without_a_route[change2-lost2]
PASSED tests/test_p35_readiness_recoverability.py::test_table_digest_binds_policy_and_rows
PASSED tests/test_p35_readiness_recoverability.py::test_recovery_checkpoint_is_pinned_while_its_evaluation_is_unresolved
PASSED tests/test_p35_readiness_recoverability.py::test_resolved_recovery_checkpoints_are_released_and_never_count_as_milestones
PASSED tests/test_p35_readiness_recoverability.py::test_a_recovery_checkpoint_that_is_the_last_good_state_is_kept
PASSED tests/test_p35_readiness_recoverability.py::test_recovery_checkpoints_do_not_displace_the_latest_two_rolling_states
PASSED tests/test_p35_readiness_planner.py::test_checked_in_draft_declares_the_v1_policy_and_stays_nonexecutable
PASSED tests/test_p35_readiness_planner.py::test_draft_review_table_has_a_route_for_every_required_event
PASSED tests/test_p35_readiness_planner.py::test_missing_policy_blocks_the_research_pilot_with_every_lost_event
PASSED tests/test_p35_readiness_planner.py::test_authored_fixtures_also_fail_closed_on_a_missing_route[initial_barrier-lost0]
PASSED tests/test_p35_readiness_planner.py::test_authored_fixtures_also_fail_closed_on_a_missing_route[recovery_checkpoints-lost1]
PASSED tests/test_p35_readiness_planner.py::test_authored_fixtures_also_fail_closed_on_a_missing_route[endpoint-lost2]
PASSED tests/test_p35_readiness_planner.py::test_recoverability_policy_is_bound_into_the_plan_hash
PASSED tests/test_p35_readiness_planner.py::test_capacity_counts_worst_case_recovery_states_and_transients
PASSED tests/test_p35_readiness_planner.py::test_capacity_without_recovery_checkpoints_is_the_m3_bound
PASSED tests/test_p35_readiness_planner.py::test_insufficient_capacity_blocks_and_the_measured_size_is_mandatory
PASSED tests/test_p35_readiness_planner.py::test_caps_are_unchanged_and_the_resolver_uses_the_named_constants
PASSED tests/test_p35_readiness_planner.py::test_input_report_names_the_sources_and_bytes_against_the_caps
PASSED tests/test_p35_readiness_planner.py::test_input_check_stats_real_files_without_reading_them
PASSED tests/test_p35_readiness_planner.py::test_input_check_blocks_without_raising_the_cap
PASSED tests/test_p35_readiness_payload.py::test_b8_b16_b32_partitions_of_one_global_update_have_one_digest
PASSED tests/test_p35_readiness_payload.py::test_consecutive_updates_differ_and_repeats_are_deterministic
PASSED tests/test_p35_readiness_payload.py::test_container_types_do_not_change_the_identity
PASSED tests/test_p35_readiness_payload.py::test_producer_encoding_and_synchronous_batches_have_one_digest
PASSED tests/test_p35_readiness_payload.py::test_a_stale_pending_update_is_refused
PASSED tests/test_p35_readiness_payload.py::test_one_changed_model_or_provenance_value_changes_the_digest[input_ids]
PASSED tests/test_p35_readiness_payload.py::test_one_changed_model_or_provenance_value_changes_the_digest[labels]
PASSED tests/test_p35_readiness_payload.py::test_one_changed_model_or_provenance_value_changes_the_digest[loss_mask]
PASSED tests/test_p35_readiness_payload.py::test_one_changed_model_or_provenance_value_changes_the_digest[position_ids]
PASSED tests/test_p35_readiness_payload.py::test_one_changed_model_or_provenance_value_changes_the_digest[segment_ids]
PASSED tests/test_p35_readiness_payload.py::test_one_changed_model_or_provenance_value_changes_the_digest[attention_mask]
PASSED tests/test_p35_readiness_payload.py::test_one_changed_model_or_provenance_value_changes_the_digest[doc_ids]
PASSED tests/test_p35_readiness_payload.py::test_one_changed_model_or_provenance_value_changes_the_digest[lineage_ids]
PASSED tests/test_p35_readiness_payload.py::test_one_changed_model_or_provenance_value_changes_the_digest[source_attribution]
PASSED tests/test_p35_readiness_payload.py::test_one_changed_model_or_provenance_value_changes_the_digest[byte_spans]
PASSED tests/test_p35_readiness_payload.py::test_one_changed_model_or_provenance_value_changes_the_digest[token_offsets]
PASSED tests/test_p35_readiness_payload.py::test_one_changed_model_or_provenance_value_changes_the_digest[packing_mode]
PASSED tests/test_p35_readiness_payload.py::test_same_values_in_a_different_global_order_change_the_digest
PASSED tests/test_p35_readiness_payload.py::test_absent_fields_are_listed_never_invented
PASSED tests/test_p35_readiness_payload.py::test_device_tensors_are_refused_rather_than_synchronized
PASSED tests/test_p35_readiness_payload.py::test_non_integer_masks_are_refused
PASSED tests/test_p35_readiness_payload.py::test_grouping_invariant_chains_across_updates
PASSED tests/test_p35_readiness_payload.py::test_only_committed_updates_enter_the_chain
PASSED tests/test_p35_readiness_payload.py::test_replayed_or_skipped_updates_are_never_appended[1-0]
PASSED tests/test_p35_readiness_payload.py::test_replayed_or_skipped_updates_are_never_appended[2-0]
PASSED tests/test_p35_readiness_payload.py::test_replayed_or_skipped_updates_are_never_appended[3-10]
PASSED tests/test_p35_readiness_payload.py::test_replayed_or_skipped_updates_are_never_appended[2-11]
PASSED tests/test_p35_readiness_payload.py::test_resume_restores_the_chain_and_continues_exactly
PASSED tests/test_p35_readiness_payload.py::test_a_tampered_saved_chain_is_refused[payload]
PASSED tests/test_p35_readiness_payload.py::test_a_tampered_saved_chain_is_refused[link]
PASSED tests/test_p35_readiness_payload.py::test_a_tampered_saved_chain_is_refused[head]
PASSED tests/test_p35_readiness_payload.py::test_a_tampered_saved_chain_is_refused[gap]
PASSED tests/test_p35_readiness_payload.py::test_a_tampered_saved_chain_is_refused[version]
PASSED tests/test_p35_readiness_payload.py::test_the_genesis_is_run_independent
PASSED tests/test_p35_readiness_payload.py::test_the_digest_binds_scalars_through_the_header
PASSED tests/test_p35_readiness_payload.py::test_per_sequence_attribution_is_one_column_not_characters
PASSED tests/test_p35_readiness_payload.py::test_a_moved_loss_mask_bit_with_the_same_count_changes_the_digest
PASSED tests/test_p35_readiness_m4.py::test_track_tables_classify_the_new_fields
PASSED tests/test_p35_readiness_m4.py::test_the_b8_b16_b32_draft_uses_the_strengthened_track
PASSED tests/test_p35_readiness_m4.py::test_extraction_reads_and_verifies_the_chain
PASSED tests/test_p35_readiness_m4.py::test_runs_without_the_receipt_extract_as_unknown
PASSED tests/test_p35_readiness_m4.py::test_an_inconsistent_chain_is_refused_never_treated_as_unknown[link]
PASSED tests/test_p35_readiness_m4.py::test_an_inconsistent_chain_is_refused_never_treated_as_unknown[rows_vs_lr]
PASSED tests/test_p35_readiness_m4.py::test_pre_readiness_records_stay_verifiable_and_read_as_unknown
PASSED tests/test_p35_readiness_m4.py::test_identical_payload_chains_are_eligible_on_v2
PASSED tests/test_p35_readiness_m4.py::test_a_payload_chain_mismatch_is_ineligible_on_v2
PASSED tests/test_p35_readiness_m4.py::test_a_run_without_the_receipt_is_ineligible_on_v2
PASSED tests/test_p35_readiness_m4.py::test_historical_v1_keeps_its_meaning
============================ 112 passed in 32.35s =============================
