{
  "scope": "authored tiny CUDA Trainer, B8, fp32 eager strict; NOT pilot-size throughput",
  "design": "ABBA; identical seed/data/global updates; four warmups excluded per block",
  "device": "NVIDIA GeForce RTX 4090",
  "torch": "2.14.0+cu126",
  "python": "3.12.13 (main, Apr  7 2026, 20:53:22) [MSC v.1944 64 bit (AMD64)]",
  "blocks": [
    {
      "receipt_enabled": false,
      "measured_updates": 16,
      "warmup_updates_excluded": 4,
      "measured_targets": 32768,
      "elapsed_seconds": 0.8431981999892741,
      "targets_per_second": 38861.56303514028,
      "receipt_cpu_ms_per_update": 0.0,
      "peak_cuda_allocated_bytes": 70657024,
      "peak_cuda_reserved_bytes": 73400320,
      "process_rss_bytes": 1370976256,
      "unique_deployed_parameters": 6768,
      "chain_head": null,
      "explicit_stream_synchronizations_per_update": 1.0
    },
    {
      "receipt_enabled": true,
      "measured_updates": 16,
      "warmup_updates_excluded": 4,
      "measured_targets": 32768,
      "elapsed_seconds": 0.8322678999975324,
      "targets_per_second": 39371.937810045485,
      "receipt_cpu_ms_per_update": 0.3712062753038481,
      "peak_cuda_allocated_bytes": 70657024,
      "peak_cuda_reserved_bytes": 73400320,
      "process_rss_bytes": 1373179904,
      "unique_deployed_parameters": 6768,
      "chain_head": "cd3d2857e0db80fe6b0ab00a4ecf598ed6ed8b6154e77d719d14e0ea6ec09f64",
      "explicit_stream_synchronizations_per_update": 1.0
    },
    {
      "receipt_enabled": true,
      "measured_updates": 16,
      "warmup_updates_excluded": 4,
      "measured_targets": 32768,
      "elapsed_seconds": 0.909276399994269,
      "targets_per_second": 36037.44691955772,
      "receipt_cpu_ms_per_update": 0.3828999906545505,
      "peak_cuda_allocated_bytes": 70657024,
      "peak_cuda_reserved_bytes": 73400320,
      "process_rss_bytes": 1373843456,
      "unique_deployed_parameters": 6768,
      "chain_head": "cd3d2857e0db80fe6b0ab00a4ecf598ed6ed8b6154e77d719d14e0ea6ec09f64",
      "explicit_stream_synchronizations_per_update": 1.0
    },
    {
      "receipt_enabled": false,
      "measured_updates": 16,
      "warmup_updates_excluded": 4,
      "measured_targets": 32768,
      "elapsed_seconds": 0.8875050999922678,
      "targets_per_second": 36921.4779726736,
      "receipt_cpu_ms_per_update": 0.0,
      "peak_cuda_allocated_bytes": 70657024,
      "peak_cuda_reserved_bytes": 73400320,
      "process_rss_bytes": 1373851648,
      "unique_deployed_parameters": 6768,
      "chain_head": null,
      "explicit_stream_synchronizations_per_update": 1.0
    }
  ],
  "total_targets_including_warmup": 163840,
  "wall_seconds": 6.781000000075437,
  "output_bytes_before_report": 98304,
  "targets_per_second_delta_percent": -0.49306054922254594,
  "peak_gpu_memory_delta_bytes": 0,
  "new_cuda_sync": "Stream.synchronize calls instrumented in both arms; receipt hashes CPU arrays only. This is not a driver-level synchronization profile.",
  "limitation": "Small model and synchronous synthetic-token batcher do not estimate 50M/B8/producer overhead."
}
