.FF.FF.F................................................................ [  6%]
.................F...................................................... [ 13%]
........................F............................................... [ 19%]
........................................................................ [ 26%]
.............................................................s.......... [ 33%]
........................................................................ [ 39%]
........................................................................ [ 46%]
........................................................................ [ 52%]
.......................F................................................ [ 59%]
........................................................................ [ 66%]
........................................................................ [ 72%]
........................................................................ [ 79%]
......................................................F................. [ 86%]
....F................................................................... [ 92%]
........................................................................ [ 99%]
.......                                                                  [100%]
================================== FAILURES ===================================
_____________________ test_fetcher_ignored_range_handling _____________________

local_http_server = 'http://127.0.0.1:51393'
tmp_path = WindowsPath('D:/Project/xlm-d0405/.d0405/work/pytest-full/test_fetcher_ignored_range_han0')

    def test_fetcher_ignored_range_handling(local_http_server: str, tmp_path: Path) -> None:
        """Verify that when server returns 200 (ignored Range), fetcher restarts cleanly."""
        plan = create_authorized_plan(local_http_server, "ignore_range", tmp_path)
        output_dir = tmp_path / "output"
        scratch_dir = tmp_path / "scratch"
    
        # Pre-populate partial file with some existing data to simulate prior interrupted run
        partial_dir = scratch_dir / "partials" / plan.plan_id
        partial_dir.mkdir(parents=True, exist_ok=True)
        partial_file = partial_dir / "ignore_range.part"
        partial_file.write_bytes(b"STALE_OLD_PARTIAL_DATA")
    
        fetcher = BoundedFetcher(plan, scratch_dir=scratch_dir, output_dir=output_dir)
>       state = fetcher.run()
                ^^^^^^^^^^^^^

tests\test_acquisition_fetcher.py:249: 
_ _ _ _ _ _ _ _ _ _ _ _ _ _ _ _ _ _ _ _ _ _ _ _ _ _ _ _ _ _ _ _ _ _ _ _ _ _ _ _
src\xlm\data\acquisition\fetcher.py:269: in run
    list(pool.map(self._fetch_file, self.plan.selected_files))
C:\Users\gamma\AppData\Roaming\uv\python\cpython-3.12.13-windows-x86_64-none\Lib\concurrent\futures\_base.py:619: in result_iterator
    yield _result_or_cancel(fs.pop())
          ^^^^^^^^^^^^^^^^^^^^^^^^^^^
C:\Users\gamma\AppData\Roaming\uv\python\cpython-3.12.13-windows-x86_64-none\Lib\concurrent\futures\_base.py:317: in _result_or_cancel
    return fut.result(timeout)
           ^^^^^^^^^^^^^^^^^^^
C:\Users\gamma\AppData\Roaming\uv\python\cpython-3.12.13-windows-x86_64-none\Lib\concurrent\futures\_base.py:456: in result
    return self.__get_result()
           ^^^^^^^^^^^^^^^^^^^
C:\Users\gamma\AppData\Roaming\uv\python\cpython-3.12.13-windows-x86_64-none\Lib\concurrent\futures\_base.py:401: in __get_result
    raise self._exception
C:\Users\gamma\AppData\Roaming\uv\python\cpython-3.12.13-windows-x86_64-none\Lib\concurrent\futures\thread.py:59: in run
    result = self.fn(*self.args, **self.kwargs)
             ^^^^^^^^^^^^^^^^^^^^^^^^^^^^^^^^^^
_ _ _ _ _ _ _ _ _ _ _ _ _ _ _ _ _ _ _ _ _ _ _ _ _ _ _ _ _ _ _ _ _ _ _ _ _ _ _ _

self = <xlm.data.acquisition.fetcher.BoundedFetcher object at 0x000001735BB79BE0>
rel_path = 'ignore_range'

    def _fetch_file(self, rel_path: str) -> Path:
        final_path, partial = self.output_dir / rel_path, self.partial_dir / f"{rel_path}.part"
        ensure_plain_path(final_path)
        ensure_plain_path(partial)
        self.journal.save()
        fp = self.journal.state.file_progress.get(rel_path)
        if final_path.exists():
            if not fp or fp.status != "completed" or not fp.content_sha256:
                raise ProgressCorruptionError("incomplete/untracked original exists; refusing overwrite")
            actual = compute_file_sha256(final_path, max_bytes=self.plan.limits.max_output_disk_bytes)
            expected = self.plan.expected_file_digests.get(rel_path, fp.content_sha256)
            if actual != expected or actual != fp.content_sha256:
                raise ProgressCorruptionError("completed original integrity checksum mismatch")
            self.capacity_mgr.record_cache_hit()
            return final_path
        if fp and fp.status == "completed":
            raise ProgressCorruptionError("completed original is missing; refusing repair")
        if partial.exists() and not fp:
>           raise ProgressCorruptionError("unowned partial file; cannot infer historical consumption")
E           xlm.data.acquisition.progress.ProgressCorruptionError: unowned partial file; cannot infer historical consumption

src\xlm\data\acquisition\fetcher.py:168: ProgressCorruptionError
____________________ test_fetcher_source_drift_412_blocks _____________________

local_http_server = 'http://127.0.0.1:51393'
tmp_path = WindowsPath('D:/Project/xlm-d0405/.d0405/work/pytest-full/test_fetcher_source_drift_412_0')

    def test_fetcher_source_drift_412_blocks(local_http_server: str, tmp_path: Path) -> None:
        """Verify that an upstream ETag change during resume triggers SourceDriftDetectedError."""
        plan = create_authorized_plan(local_http_server, "changed_etag", tmp_path)
        output_dir = tmp_path / "output"
        scratch_dir = tmp_path / "scratch"
    
        # Pre-populate journal with prior ETag and partial file
        partial_dir = scratch_dir / "partials" / plan.plan_id
        partial_dir.mkdir(parents=True, exist_ok=True)
        partial_file = partial_dir / "changed_etag.part"
        partial_file.write_bytes(b"Initial content")
    
        journal_path = scratch_dir / "journals" / f"{plan.plan_id}.progress.json"
        journal = ProgressJournal(journal_path, plan.plan_id, plan.compute_behavioral_hash())
        journal.update_file_progress("changed_etag", bytes_added=15, etag='"etag-v1-original"')
        journal.save()
    
        fetcher = BoundedFetcher(plan, scratch_dir=scratch_dir, output_dir=output_dir)
>       with pytest.raises(SourceDriftDetectedError, match="Source drift detected"):
             ^^^^^^^^^^^^^^^^^^^^^^^^^^^^^^^^^^^^^^^^^^^^^^^^^^^^^^^^^^^^^^^^^^^^^^
E       AssertionError: Regex pattern did not match.
E         Expected regex: 'Source drift detected'
E         Actual message: 'source/range changed: HTTP 412'

tests\test_acquisition_fetcher.py:277: AssertionError
________________ test_fetcher_inconsistent_content_range_fails ________________

local_http_server = 'http://127.0.0.1:51393'
tmp_path = WindowsPath('D:/Project/xlm-d0405/.d0405/work/pytest-full/test_fetcher_inconsistent_cont0')

    def test_fetcher_inconsistent_content_range_fails(local_http_server: str, tmp_path: Path) -> None:
        """Verify that inconsistent Content-Range header start offset raises an immediate error."""
        plan = create_authorized_plan(local_http_server, "inconsistent_range", tmp_path)
        output_dir = tmp_path / "output"
        scratch_dir = tmp_path / "scratch"
    
        # Create partial file to trigger Range request
        partial_dir = scratch_dir / "partials" / plan.plan_id
        partial_dir.mkdir(parents=True, exist_ok=True)
        (partial_dir / "inconsistent_range.part").write_bytes(b"X" * 500)
    
        fetcher = BoundedFetcher(plan, scratch_dir=scratch_dir, output_dir=output_dir)
>       with pytest.raises(RuntimeError, match="Inconsistent Content-Range start"):
             ^^^^^^^^^^^^^^^^^^^^^^^^^^^^^^^^^^^^^^^^^^^^^^^^^^^^^^^^^^^^^^^^^^^^^
E       AssertionError: Regex pattern did not match.
E         Expected regex: 'Inconsistent Content-Range start'
E         Actual message: 'unowned partial file; cannot infer historical consumption'

tests\test_acquisition_fetcher.py:308: AssertionError
_________________ test_fetcher_oversized_payload_halts_budget _________________

local_http_server = 'http://127.0.0.1:51393'
tmp_path = WindowsPath('D:/Project/xlm-d0405/.d0405/work/pytest-full/test_fetcher_oversized_payload0')

    def test_fetcher_oversized_payload_halts_budget(local_http_server: str, tmp_path: Path) -> None:
        """Verify that stream exceeding max_transferred_bytes triggers BudgetExhaustedError."""
        # Set tight budget: 128 KiB
        limits = AcquisitionLimits(max_transferred_bytes=128 * 1024)
        plan = create_authorized_plan(local_http_server, "oversized", tmp_path, limits=limits)
        output_dir = tmp_path / "output"
        scratch_dir = tmp_path / "scratch"
    
        fetcher = BoundedFetcher(plan, scratch_dir=scratch_dir, output_dir=output_dir)
>       with pytest.raises(BudgetExhaustedError, match="Transferred bytes limit"):
             ^^^^^^^^^^^^^^^^^^^^^^^^^^^^^^^^^^^^^^^^^^^^^^^^^^^^^^^^^^^^^^^^^^^^
E       AssertionError: Regex pattern did not match.
E         Expected regex: 'Transferred bytes limit'
E         Actual message: 'declared response exceeds remaining transfer allowance'

tests\test_acquisition_fetcher.py:321: AssertionError
__________________ test_fetcher_cache_hits_and_zero_network ___________________

local_http_server = 'http://127.0.0.1:51393'
tmp_path = WindowsPath('D:/Project/xlm-d0405/.d0405/work/pytest-full/test_fetcher_cache_hits_and_ze0')

    def test_fetcher_cache_hits_and_zero_network(local_http_server: str, tmp_path: Path) -> None:
        """Verify that re-running on an already completed file records cache hit and 0 network bytes."""
        plan = create_authorized_plan(local_http_server, "normal_file", tmp_path)
        output_dir = tmp_path / "output"
        scratch_dir = tmp_path / "scratch"
    
        # Run 1: initial download
        fetcher1 = BoundedFetcher(plan, scratch_dir=scratch_dir, output_dir=output_dir)
        state1 = fetcher1.run()
        initial_transferred = state1.transferred_bytes
        assert initial_transferred > 0
    
        # Run 2: re-run
        fetcher2 = BoundedFetcher(plan, scratch_dir=scratch_dir, output_dir=output_dir)
        state2 = fetcher2.run()
        assert state2.cache_hits == 1
        # Zero network bytes transferred during run 2
>       assert fetcher2.capacity_mgr.transferred_bytes == 0
               ^^^^^^^^^^^^^^^^^^^^^^^^^^^^^^^^^^^^^^^
E       AttributeError: 'StorageCapacityManager' object has no attribute 'transferred_bytes'. Did you mean: 'max_transferred_bytes'?

tests\test_acquisition_fetcher.py:356: AttributeError
_____________ test_actual_public_cli_current_and_legacy_artifacts _____________

tmp_path = WindowsPath('D:/Project/xlm-d0405/.d0405/work/pytest-full/test_actual_public_cli_current0')

    def test_actual_public_cli_current_and_legacy_artifacts(tmp_path: Path) -> None:
        import json
        import os
        import subprocess
        import sys
    
        root = Path(__file__).resolve().parents[1]
        home = tmp_path / "home"
        source = tmp_path / "fixture.txt"
        source.write_text("An authored local fixture for immutable publication.\n", encoding="utf-8")
        env = {**os.environ, "XLM_HOME": str(home), "PYTHONPATH": str(root / "src")}
    
        def cli(*args: str) -> subprocess.CompletedProcess[str]:
            return subprocess.run(
                [sys.executable, "-m", "xlm.cli.main", *args],
                env=env,
                cwd=tmp_path,
                text=True,
                capture_output=True,
                timeout=30,
            )
    
        args = (
            "data",
            "import-local",
            "--input",
            str(source),
            "--source-id",
            "d01_cli",
            "--format",
            "text",
            "--output-dir",
            str(tmp_path / "scratch"),
            "--publish",
        )
        first = cli(*args)
        assert first.returncode == 0, first.stderr
        path = home / "clean/canonical_d01_cli"
        original = snapshot(path)
        second = cli(*args)
        assert second.returncode == 0, second.stderr
        assert snapshot(path) == original
        result = cli("artifact", "inspect", "canonical_d01_cli", "--json")
        assert result.returncode == 0, result.stderr
        data = json.loads(result.stdout)
        assert data["schema_version"] == 2 and data["identity_scope"] == "declared-request-v2"
        assert cli("artifact", "verify", "canonical_d01_cli").returncode == 0
        source.write_text("Different authored text with the same publication name.\n", encoding="utf-8")
        changed = cli(*args)
        assert changed.returncode != 0
>       assert "Artifact conflict" in changed.stderr + changed.stdout
                                      ^^^^^^^^^^^^^^^^^^^^^^^^^^^^^^^
E       TypeError: unsupported operand type(s) for +: 'NoneType' and 'str'

tests\test_artifact_identity.py:383: TypeError
____________________ test_installed_entrypoint_subprocess _____________________

tmp_path = WindowsPath('D:/Project/xlm-d0405/.d0405/work/pytest-full/test_installed_entrypoint_subp0')

    def test_installed_entrypoint_subprocess(tmp_path: Path) -> None:
        """Verify the installed 'xlm' console script runs outside the repo directory."""
        # Locate the xlm executable in the current virtualenv
        bin_dir = Path(sys.prefix) / ("Scripts" if sys.platform == "win32" else "bin")
        xlm_exe = bin_dir / ("xlm.exe" if sys.platform == "win32" else "xlm")
    
        if not xlm_exe.exists():
            found = shutil.which("xlm")
            if found:
                xlm_exe = Path(found)
            else:
                pytest.skip(f"Installed entrypoint '{xlm_exe}' not found in virtualenv")
    
        # Execute outside the repo from tmp_path
        res_ver = subprocess.run(
            [str(xlm_exe), "--version"],
            cwd=str(tmp_path),
            capture_output=True,
            text=True,
            check=False,
        )
        assert res_ver.returncode == 0
        assert f"xlm {__version__}" in res_ver.stdout
    
        res_help = subprocess.run(
            [str(xlm_exe), "--help"],
            cwd=str(tmp_path),
            capture_output=True,
            text=True,
            check=False,
        )
        assert res_help.returncode == 0
>       assert "doctor" in res_help.stdout
               ^^^^^^^^^^^^^^^^^^^^^^^^^^^
E       TypeError: argument of type 'NoneType' is not iterable

tests\test_cli.py:92: TypeError
____ test_relocated_locked_environment_ignores_editable_hooks_and_bytecode ____

tmp_path = WindowsPath('D:/Project/xlm-d0405/.d0405/work/pytest-full/test_relocated_locked_environm0')
monkeypatch = <_pytest.monkeypatch.MonkeyPatch object at 0x00000173850ABA70>

    def test_relocated_locked_environment_ignores_editable_hooks_and_bytecode(
        tmp_path: Path, monkeypatch: pytest.MonkeyPatch
    ) -> None:
        import py_compile
        import subprocess
    
        from xlm.experiments import environment
    
        plan, queue, _, _, snapshot = frozen_fixture(tmp_path)
        venv = tmp_path / "relocated-venv"
        result = subprocess.run(
            ["uv", "sync", "--offline", "--locked", "--extra", "cpu", "--extra", "eval"],
            cwd=ROOT,
            env={**os.environ, "UV_PROJECT_ENVIRONMENT": str(venv)},
            capture_output=True,
            timeout=180,
            check=False,
        )
        assert result.returncode == 0, result.stderr.decode(errors="replace")
        (tmp_path / "uv-sync.log").write_bytes(result.stdout + result.stderr)
        site = venv / ("Lib/site-packages" if os.name == "nt" else "lib/python3.12/site-packages")
        python = venv / ("Scripts/python.exe" if os.name == "nt" else "bin/python")
        # Break any installer hardlink before authoring a private poison hook.
        hook = site / "_editable_impl_xlm.pth"
        hook.unlink(missing_ok=True)
        hook.write_text("import os; os._exit(86)\n", encoding="utf-8")
        poison = site / "xlm"
        poison.mkdir(exist_ok=True)
        (poison / "__init__.py").write_text('raise RuntimeError("wrong installed XLM")\n')
        authored = tmp_path / "bytecode_poison.py"
        authored.write_text('raise RuntimeError("unchecked bytecode executed")\n')
        cache = site / "filelock/__pycache__/__init__.cpython-312.pyc"
        cache.parent.mkdir(exist_ok=True)
        cache.unlink(missing_ok=True)
        py_compile.compile(
            str(authored),
            cfile=str(cache),
            invalidation_mode=py_compile.PycInvalidationMode.UNCHECKED_HASH,
        )
        assert plan.execution_envelope is not None
>       observed = environment.installed_runtime(snapshot / "code/uv.lock", ["cpu"], site)
                   ^^^^^^^^^^^^^^^^^^^^^^^^^^^^^^^^^^^^^^^^^^^^^^^^^^^^^^^^^^^^^^^^^^^^^^^

tests\test_frozen_execution.py:423: 
_ _ _ _ _ _ _ _ _ _ _ _ _ _ _ _ _ _ _ _ _ _ _ _ _ _ _ _ _ _ _ _ _ _ _ _ _ _ _ _

lock = WindowsPath('D:/Project/xlm-d0405/.d0405/work/pytest-full/test_relocated_locked_environm0/snapshot/code/uv.lock')
extras = ['cpu']
site = WindowsPath('D:/Project/xlm-d0405/.d0405/work/pytest-full/test_relocated_locked_environm0/relocated-venv/Lib/site-packages')

    def installed_runtime(lock: Path, extras: list[str], site: Path | None = None) -> dict[str, Any]:
        """Hash actual installed bytes; no imports of installed packages or network."""
        started = time.monotonic()
        if sorted(extras) not in (["cpu"], ["cpu", "eval"], ["cuda"], ["cuda", "eval"]):
            raise ValueError("execution requires explicit mutually exclusive CPU/CUDA extras")
        site = site or Path(sysconfig.get_paths()["purelib"])
        ensure_plain_path(site)
        if not site.is_dir() or lock.stat().st_size > 8 * 1024**2:
            raise ValueError("offline runtime or bounded lockfile unavailable")
        graph = tomllib.loads(lock.read_text(encoding="utf-8"))
        allowed: dict[str, set[str]] = {}
        for package in graph["package"]:
            name = re.sub(r"[-_.]+", "-", package["name"]).lower()
            allowed.setdefault(name, set()).add(package["version"])
        versions: dict[str, str] = {}
        distributions: dict[str, importlib.metadata.Distribution] = {}
        for distribution in importlib.metadata.distributions(path=[str(site)]):
            name = re.sub(r"[-_.]+", "-", distribution.metadata["Name"]).lower()
            if name == "xlm":
                continue
            if name in versions or distribution.version not in allowed.get(name, set()):
                raise ValueError(f"installed dependency is duplicate or not locked: {name}")
            versions[name] = distribution.version
            distributions[name] = distribution
        required = {"torch", "pydantic", "filelock", "typer", "psutil", "safetensors"}
        if "eval" in extras:
            required.add("lm-eval")
        if not required.issubset(versions):
            raise ValueError(f"missing offline dependencies: {sorted(required - versions.keys())}")
        from packaging.requirements import Requirement
    
        project = tomllib.loads((lock.parent / "pyproject.toml").read_text(encoding="utf-8"))["project"]
        requirements = list(project["dependencies"])
        for extra in extras:
            requirements.extend(project["optional-dependencies"][extra])
        pending_requirements = [(Requirement(item), {""}) for item in requirements]
        checked: set[tuple[str, tuple[str, ...]]] = set()
        while pending_requirements:
            requirement, parent_extras = pending_requirements.pop()
            if requirement.marker and not any(
                requirement.marker.evaluate({"extra": e}) for e in parent_extras
            ):
                continue
            name = re.sub(r"[-_.]+", "-", requirement.name).lower()
            if name not in versions or not requirement.specifier.contains(versions[name]):
                raise ValueError(f"missing/incompatible offline dependency: {requirement}")
            selected_extras = {"", *requirement.extras}
            key = (name, tuple(sorted(selected_extras)))
            if key in checked:
                continue
            checked.add(key)
            pending_requirements.extend(
                (Requirement(item), selected_extras) for item in distributions[name].requires or []
            )
            if len(checked) > 2000 or time.monotonic() - started > 90:
                raise ValueError("offline dependency resolution exceeds bound")
        if ("+cpu" in versions["torch"]) != ("cpu" in extras):
            raise ValueError("installed torch accelerator does not match selected extras")
        pinned_python = lock.parent / ".python-version"
        if (
            not pinned_python.is_file()
            or pinned_python.read_text().strip() != platform.python_version()
        ):
            raise ValueError("actual interpreter does not match frozen Python patch pin")
        files: dict[str, tuple[str, int]] = {}
        pending: list[tuple[Path, int]] = []
        with ThreadPoolExecutor(max_workers=8) as pool:
            for path, file_size in _installed_files(site):
                pending.append((path, file_size))
                if len(pending) == 64:
                    _hash_batch(pending, site, files, pool)
                    pending.clear()
                if time.monotonic() - started > 90:
>                   raise ValueError("installed runtime inventory exceeds time bound")
E                   ValueError: installed runtime inventory exceeds time bound

src\xlm\experiments\environment.py:127: ValueError
________________ test_readme_example_commands_are_implemented _________________

tmp_path = WindowsPath('D:/Project/xlm-d0405/.d0405/work/pytest-full/test_readme_example_commands_a0')

    def test_readme_example_commands_are_implemented(tmp_path: Path) -> None:
        """The recipes README examples must match the real CLI surface."""
        import os
        import subprocess
        import sys
    
        readme = (REPO_ROOT / "recipes" / "README.md").read_text(encoding="utf-8")
        assert "xlm config validate recipes/experiments/baseline_50m.yaml --mode draft" in readme
        assert "xlm experiment plan recipes/experiments/baseline_50m.yaml" in readme
        assert "--device cuda --max-targets 128000000" in readme
    
        validate = subprocess.run(
            [
                sys.executable,
                "-m",
                "xlm.cli.main",
                "config",
                "validate",
                "recipes/experiments/baseline_50m.yaml",
                "--mode",
                "draft",
            ],
            capture_output=True,
            text=True,
            check=False,
            cwd=str(REPO_ROOT),
            timeout=120.0,
        )
        assert validate.returncode == 0, validate.stderr[-1000:]
        planned = subprocess.run(
            [
                sys.executable,
                "-m",
                "xlm.cli.main",
                "experiment",
                "plan",
                "recipes/experiments/baseline_50m.yaml",
            ],
            capture_output=True,
            text=True,
            check=False,
            cwd=str(REPO_ROOT),
            timeout=120.0,
            env={**os.environ, "XLM_HOME": str(tmp_path / "home")},
        )
>       assert planned.returncode == 0, planned.stderr[-1000:]
E       AssertionError: <frozen runpy>:128: RuntimeWarning: 'xlm.cli.main' found in sys.modules after import of package 'xlm.cli', but prior to execution of 'xlm.cli.main'; this may result in unpredictable behaviour
E         Error: cannot resolve plan: immutable snapshot conflict; original is preserved
E         
E       assert 1 == 0
E        +  where 1 = CompletedProcess(args=['D:\\Project\\xlm-d0405\\.venv-d0405\\Scripts\\python.exe', '-m', 'xlm.cli.main', 'experiment',...y result in unpredictable behaviour\nError: cannot resolve plan: immutable snapshot conflict; original is preserved\n").returncode

tests\test_recipes.py:166: AssertionError
___________________ test_cli_runs_list_empty_and_populated ____________________

tmp_path = WindowsPath('D:/Project/xlm-d0405/.d0405/work/pytest-full/test_cli_runs_list_empty_and_p0')
monkeypatch = <_pytest.monkeypatch.MonkeyPatch object at 0x00000173838E3B30>

    def test_cli_runs_list_empty_and_populated(tmp_path: Path, monkeypatch: pytest.MonkeyPatch) -> None:
        from xlm.artifacts.ledger import RunLedger
        from xlm.core.paths import ArtifactPaths
        from xlm.experiments.plans import ExecutablePlan
        from xlm.experiments.queue import ExperimentQueue
        from xlm.experiments.snapshot import CodeSnapshot
    
        empty = _invoke(["runs", "list"], monkeypatch, tmp_path)
        assert empty.exit_code == 0 and "No runs recorded" in empty.output
    
        paths = ArtifactPaths(root=tmp_path / "home")
        ledger = RunLedger(paths.ledger / "ledger.sqlite")
        queue = ExperimentQueue(ledger, paths)
        snapshot = CodeSnapshot("1", "abc", None, [], {}, 0, "")
        snap_dir = tmp_path / "snap"
        snap_dir.mkdir()
        (snap_dir / "manifest.json").write_text(json.dumps(snapshot.to_dict()), encoding="utf-8")
        plan = ExecutablePlan(
            plan_version="1",
            plan_id="plan_x",
            plan_hash="h" * 32,
            draft_id="d",
            track="baseline",
            horizon_kind="standalone",
            resolved_config={},
            code_snapshot=snapshot,
            dependency_hash="dep",
            seeds={"init_seed": 1, "data_seed": 2},
            budget_valid_targets=10,
            budget_max_seconds=None,
            estimated_new_disk_gib=None,
            gpu_processes=1,
            evaluation_tier="search",
            checkpoint_every_valid_targets=10,
            evaluation_every_valid_targets=10,
            exposure={},
            cost_estimate={},
            storage_estimate_gib=None,
            blockers=[],
        )
        plan_path = tmp_path / "plan.json"
        plan.save(plan_path)
>       job_id, _ = queue.submit(plan, plan_path, snap_dir, "cpu", authorization_token="t")
                    ^^^^^^^^^^^^^^^^^^^^^^^^^^^^^^^^^^^^^^^^^^^^^^^^^^^^^^^^^^^^^^^^^^^^^^^

tests\test_reports.py:437: 
_ _ _ _ _ _ _ _ _ _ _ _ _ _ _ _ _ _ _ _ _ _ _ _ _ _ _ _ _ _ _ _ _ _ _ _ _ _ _ _
src\xlm\experiments\queue.py:374: in submit
    plan.validate_identity()
_ _ _ _ _ _ _ _ _ _ _ _ _ _ _ _ _ _ _ _ _ _ _ _ _ _ _ _ _ _ _ _ _ _ _ _ _ _ _ _

self = ExecutablePlan(plan_version='1', plan_id='plan_x', plan_hash='hhhhhhhhhhhhhhhhhhhhhhhhhhhhhhhh', draft_id='d', track='... storage_estimate_gib=None, blockers=[], parent_plan_id=None, fork_reason=None, created_at='', execution_envelope=None)

    def validate_identity(self) -> None:
        from xlm.artifacts.manifest import identity_digest
    
        if self.plan_version != "2" or self.execution_envelope is None:
>           raise PlanError("legacy/unfrozen plan cannot execute; resolve a new frozen plan")
E           xlm.experiments.plans.PlanError: legacy/unfrozen plan cannot execute; resolve a new frozen plan

src\xlm\experiments\plans.py:121: PlanError
============================== warnings summary ===============================
tests/test_artifact_identity.py::test_actual_public_cli_current_and_legacy_artifacts
  D:\Project\xlm-d0405\.venv-d0405\Lib\site-packages\_pytest\threadexception.py:58: PytestUnhandledThreadExceptionWarning: Exception in thread Thread-34 (_readerthread)
  
  Traceback (most recent call last):
    File "C:\Users\gamma\AppData\Roaming\uv\python\cpython-3.12.13-windows-x86_64-none\Lib\threading.py", line 1075, in _bootstrap_inner
      self.run()
    File "C:\Users\gamma\AppData\Roaming\uv\python\cpython-3.12.13-windows-x86_64-none\Lib\threading.py", line 1012, in run
      self._target(*self._args, **self._kwargs)
    File "C:\Users\gamma\AppData\Roaming\uv\python\cpython-3.12.13-windows-x86_64-none\Lib\subprocess.py", line 1599, in _readerthread
      buffer.append(fh.read())
                    ^^^^^^^^^
  UnicodeDecodeError: 'cp932' codec can't decode byte 0x90 in position 359: illegal multibyte sequence
  
  Enable tracemalloc to get traceback where the object was allocated.
  See https://docs.pytest.org/en/stable/how-to/capture-warnings.html#resource-warnings for more info.
    warnings.warn(pytest.PytestUnhandledThreadExceptionWarning(msg))

tests/test_cli.py::test_installed_entrypoint_subprocess
  D:\Project\xlm-d0405\.venv-d0405\Lib\site-packages\_pytest\threadexception.py:58: PytestUnhandledThreadExceptionWarning: Exception in thread Thread-51 (_readerthread)
  
  Traceback (most recent call last):
    File "C:\Users\gamma\AppData\Roaming\uv\python\cpython-3.12.13-windows-x86_64-none\Lib\threading.py", line 1075, in _bootstrap_inner
      self.run()
    File "C:\Users\gamma\AppData\Roaming\uv\python\cpython-3.12.13-windows-x86_64-none\Lib\threading.py", line 1012, in run
      self._target(*self._args, **self._kwargs)
    File "C:\Users\gamma\AppData\Roaming\uv\python\cpython-3.12.13-windows-x86_64-none\Lib\subprocess.py", line 1599, in _readerthread
      buffer.append(fh.read())
                    ^^^^^^^^^
  UnicodeDecodeError: 'cp932' codec can't decode byte 0x90 in position 623: illegal multibyte sequence
  
  Enable tracemalloc to get traceback where the object was allocated.
  See https://docs.pytest.org/en/stable/how-to/capture-warnings.html#resource-warnings for more info.
    warnings.warn(pytest.PytestUnhandledThreadExceptionWarning(msg))

tests/test_final_acceptance.py::test_failed_check_stops_preparation_and_records_failure
  D:\Project\xlm-d0405\.venv-d0405\Lib\site-packages\_pytest\threadexception.py:58: PytestUnhandledThreadExceptionWarning: Exception in thread Thread-421 (_readerthread)
  
  Traceback (most recent call last):
    File "C:\Users\gamma\AppData\Roaming\uv\python\cpython-3.12.13-windows-x86_64-none\Lib\threading.py", line 1075, in _bootstrap_inner
      self.run()
    File "C:\Users\gamma\AppData\Roaming\uv\python\cpython-3.12.13-windows-x86_64-none\Lib\threading.py", line 1012, in run
      self._target(*self._args, **self._kwargs)
    File "C:\Users\gamma\AppData\Roaming\uv\python\cpython-3.12.13-windows-x86_64-none\Lib\subprocess.py", line 1599, in _readerthread
      buffer.append(fh.read())
                    ^^^^^^^^^
  UnicodeDecodeError: 'cp932' codec can't decode byte 0x90 in position 521: illegal multibyte sequence
  
  Enable tracemalloc to get traceback where the object was allocated.
  See https://docs.pytest.org/en/stable/how-to/capture-warnings.html#resource-warnings for more info.
    warnings.warn(pytest.PytestUnhandledThreadExceptionWarning(msg))

tests/test_prepare.py::test_failed_stage_stops_with_reason_and_state
  D:\Project\xlm-d0405\.venv-d0405\Lib\site-packages\_pytest\threadexception.py:58: PytestUnhandledThreadExceptionWarning: Exception in thread Thread-713 (_readerthread)
  
  Traceback (most recent call last):
    File "C:\Users\gamma\AppData\Roaming\uv\python\cpython-3.12.13-windows-x86_64-none\Lib\threading.py", line 1075, in _bootstrap_inner
      self.run()
    File "C:\Users\gamma\AppData\Roaming\uv\python\cpython-3.12.13-windows-x86_64-none\Lib\threading.py", line 1012, in run
      self._target(*self._args, **self._kwargs)
    File "C:\Users\gamma\AppData\Roaming\uv\python\cpython-3.12.13-windows-x86_64-none\Lib\subprocess.py", line 1599, in _readerthread
      buffer.append(fh.read())
                    ^^^^^^^^^
  UnicodeDecodeError: 'cp932' codec can't decode byte 0x90 in position 531: illegal multibyte sequence
  
  Enable tracemalloc to get traceback where the object was allocated.
  See https://docs.pytest.org/en/stable/how-to/capture-warnings.html#resource-warnings for more info.
    warnings.warn(pytest.PytestUnhandledThreadExceptionWarning(msg))

-- Docs: https://docs.pytest.org/en/stable/how-to/capture-warnings.html
============================ slowest 12 durations =============================
193.76s call     tests/test_offline_workflow.py::test_offline_workflow_from_clean_environment
193.31s call     tests/test_configurable_workflow.py::test_public_two_source_prepare_direct_queue_and_resume[False]
160.15s call     tests/test_frozen_execution.py::test_relocated_locked_environment_ignores_editable_hooks_and_bytecode
149.13s call     tests/test_configurable_workflow.py::test_public_two_source_prepare_direct_queue_and_resume[True]
148.44s call     tests/test_queue.py::test_toy_campaign_runs_sequentially_to_success
126.46s call     tests/test_final_acceptance.py::test_cli_resume_reconstructs_real_settings_and_exact_nonmultiple_budget
124.67s call     tests/test_cli_train_demo.py::test_cli_train_and_resume_subprocess
115.55s call     tests/test_frozen_execution.py::test_public_queue_and_diagnostic_receipt_keep_separate_provenance
90.47s call     tests/test_cli_eval_gen.py::test_cli_evaluate_and_generate_subprocess
88.76s call     tests/test_queue.py::test_cancel_stops_a_queued_job_and_a_running_job
86.67s call     tests/test_frozen_recovery.py::test_real_crash_preserves_committed_boundary_on_retry
78.69s call     tests/test_eval_declared_inputs.py::test_cli_declared_run_publishes_a_labelled_index
=========================== short test summary info ===========================
SKIPPED [1] tests\test_cuda_execution.py:405: torch.compile unavailable on cpu: InductorError: InvalidCxxCompiler: Compiler: cl is not found.

Set TORCHDYNAMO_VERBOSE=1 for the internal stack trace (please do this especially if you're reporting a bug to PyTorch). For even more developer context, set TORCH_LOGS="+dynamo"
10 failed, 1076 passed, 1 skipped, 12 deselected, 4 warnings in 3071.37s (0:51:11)
