bringing up nodes...
bringing up nodes...

........................................................................ [ 16%]
........................................................................ [ 33%]
........................................................................ [ 50%]
........................................................................ [ 67%]
........................................................................ [ 83%]
...........F.........F...............................................    [100%]
================================== FAILURES ===================================
________________ test_production_fetch_with_verified_admission ________________
[gw2] win32 -- Python 3.12.13 F:\Project\xlm-data-ultrax\.venv\Scripts\python.exe

server = ('http://127.0.0.1:50753', [], {'/rows.jsonl': b'{"text":"authored A"}\n{"text":"authored B"}\n', '/rows.parquet': b'P...00\x00\x00\x00\x00\x00\x00\x00\x00\x00\x00\x00\x00\x00\x00\x00\x00\x00\x00\x00\x00\x00|+w<<`\xa2\x8f\xac\x86\x01\x00"})
tmp_path = WindowsPath('C:/Users/gamma/AppData/Local/Temp/pytest-of-gamma/pytest-131/popen-gw2/test_production_fetch_with_ver0')

>   ???

G:\Project\xlm-data-ultrax\tests\test_acquisition_bounds.py:993: 
_ _ _ _ _ _ _ _ _ _ _ _ _ _ _ _ _ _ _ _ _ _ _ _ _ _ _ _ _ _ _ _ _ _ _ _ _ _ _ _

home = WindowsPath('C:/Users/gamma/AppData/Local/Temp/pytest-of-gamma/pytest-131/popen-gw2/test_production_fetch_with_ver0/home')
success = True
args = ('data', 'fetch', '--plan', 'C:\\Users\\gamma\\AppData\\Local\\Temp\\pytest-of-gamma\\pytest-131\\popen-gw2\\test_production_fetch_with_ver0\\plan.json')

>   ???
E   AssertionError: <frozen runpy>:128: RuntimeWarning: 'xlm.cli.main' found in sys.modules after import of package 'xlm.cli', but prior to execution of 'xlm.cli.main'; this may result in unpredictable behaviour
E     Acquisition failed: [Errno 2] No such file or directory: 'C:\\Users\\gamma\\AppData\\Local\\Temp\\pytest-of-gamma\\pytest-131\\popen-gw2\\test_production_fetch_with_ver0\\home\\acquisition\\plan_authored_default_https_e4794661e964405c52f8\\scratch\\journals\\plan_authored_default_https_e4794661e964405c52f8.progress.json.1353304988d94b7da70433be321f3e0e.tmp'
E     
E   assert (1 == 0) == True
E    +  where 1 = CompletedProcess(args=['F:\\Project\\xlm-data-ultrax\\.venv\\Scripts\\python.exe', '-m', 'xlm.cli.main', 'data', 'fetc...\\\journals\\\\plan_authored_default_https_e4794661e964405c52f8.progress.json.1353304988d94b7da70433be321f3e0e.tmp'\n").returncode

G:\Project\xlm-data-ultrax\tests\test_acquisition_bounds.py:863: AssertionError
________________ test_public_plan_fetch_status_verify_prepare _________________
[gw4] win32 -- Python 3.12.13 F:\Project\xlm-data-ultrax\.venv\Scripts\python.exe

server = ('http://127.0.0.1:50755', [], {'/rows.jsonl': b'{"text":"authored A"}\n{"text":"authored B"}\n', '/rows.parquet': b'P...00\x00\x00\x00\x00\x00\x00\x00\x00\x00\x00\x00\x00\x00\x00\x00\x00\x00\x00\x00\x00\x00|+w<<`\xa2\x8f\xac\x86\x01\x00"})
tmp_path = WindowsPath('C:/Users/gamma/AppData/Local/Temp/pytest-of-gamma/pytest-131/popen-gw4/test_public_plan_fetch_status_0')

>   ???

G:\Project\xlm-data-ultrax\tests\test_acquisition_bounds.py:527: 
_ _ _ _ _ _ _ _ _ _ _ _ _ _ _ _ _ _ _ _ _ _ _ _ _ _ _ _ _ _ _ _ _ _ _ _ _ _ _ _

success = True
args = ('data', 'fetch', '--plan', 'C:\\Users\\gamma\\AppData\\Local\\Temp\\pytest-of-gamma\\pytest-131\\popen-gw4\\test_public_plan_fetch_status_0\\plan.json', '--pilot-approved')

>   ???
E   AssertionError: <frozen runpy>:128: RuntimeWarning: 'xlm.cli.main' found in sys.modules after import of package 'xlm.cli', but prior to execution of 'xlm.cli.main'; this may result in unpredictable behaviour
E     Acquisition failed: [Errno 2] No such file or directory: 'C:\\Users\\gamma\\AppData\\Local\\Temp\\pytest-of-gamma\\pytest-131\\popen-gw4\\test_public_plan_fetch_status_0\\home\\acquisition\\plan_authored_default_https_783808cf1ac98da71eae\\scratch\\journals\\plan_authored_default_https_783808cf1ac98da71eae.progress.json.55b021853cfe47ef97d247c5ca27c2e4.tmp'
E     
E   assert (1 == 0) == True
E    +  where 1 = CompletedProcess(args=['F:\\Project\\xlm-data-ultrax\\.venv\\Scripts\\python.exe', '-m', 'xlm.cli.main', 'data', 'fetc...\\\journals\\\\plan_authored_default_https_783808cf1ac98da71eae.progress.json.55b021853cfe47ef97d247c5ca27c2e4.tmp'\n").returncode

G:\Project\xlm-data-ultrax\tests\test_acquisition_bounds.py:480: AssertionError
=========================== short test summary info ===========================
FAILED tests/test_acquisition_bounds.py::test_production_fetch_with_verified_admission
FAILED tests/test_acquisition_bounds.py::test_public_plan_fetch_status_verify_prepare
2 failed, 427 passed in 25.67s
