============================= test session starts =============================
platform win32 -- Python 3.12.13, pytest-9.1.1, pluggy-1.6.0 -- D:\Project\xlm\data\audit\p23-remediation\stage01\after01\.venv\Scripts\python.exe
cachedir: .pytest_cache
rootdir: D:\Project\xlm
configfile: pyproject.toml
plugins: anyio-4.15.1, cov-7.1.0
collecting ... collected 115 items

tests/test_configurable_training.py::test_document_visit_respects_declared_cap PASSED [  0%]
tests/test_configurable_training.py::test_uncapped_authored_stream_positive_control PASSED [  1%]
tests/test_configurable_training.py::test_public_cli_executes_registered_objective PASSED [  2%]
tests/test_configurable_training.py::test_capped_visits_preserve_every_target_and_real_document[causal_stream-1] PASSED [  3%]
tests/test_configurable_training.py::test_capped_visits_preserve_every_target_and_real_document[causal_stream-4] PASSED [  4%]
tests/test_configurable_training.py::test_capped_visits_preserve_every_target_and_real_document[causal_stream-17] PASSED [  5%]
tests/test_configurable_training.py::test_capped_visits_preserve_every_target_and_real_document[isolated_document-1] PASSED [  6%]
tests/test_configurable_training.py::test_capped_visits_preserve_every_target_and_real_document[isolated_document-4] PASSED [  6%]
tests/test_configurable_training.py::test_capped_visits_preserve_every_target_and_real_document[isolated_document-17] PASSED [  7%]
tests/test_configurable_training.py::test_cap_changes_real_source_visits_and_shares PASSED [  8%]
tests/test_configurable_training.py::test_mixture_partial_budget_rollback_and_resume_preserve_suffix PASSED [  9%]
tests/test_configurable_workflow.py::test_public_two_source_prepare_direct_queue_and_resume[False] PASSED [ 10%]
tests/test_configurable_workflow.py::test_public_two_source_prepare_direct_queue_and_resume[True] PASSED [ 11%]
tests/test_training_resolution.py::test_declared_input_mismatches_are_refused[missing] PASSED [ 12%]
tests/test_training_resolution.py::test_declared_input_mismatches_are_refused[source] PASSED [ 13%]
tests/test_training_resolution.py::test_declared_input_mismatches_are_refused[tokenizer] PASSED [ 13%]
tests/test_training_resolution.py::test_declared_input_mismatches_are_refused[exposure] PASSED [ 14%]
tests/test_training_resolution.py::test_declared_input_mismatches_are_refused[seed] PASSED [ 15%]
tests/test_training_resolution.py::test_declared_input_mismatches_are_refused[field] PASSED [ 16%]
tests/test_training_resolution.py::test_declared_input_mismatches_are_refused[packing] PASSED [ 17%]
tests/test_training_resolution.py::test_token_exposure_projection_is_recomputed PASSED [ 18%]
tests/test_training_resolution.py::test_exposure_quotas_and_block_size_change_actual_stream PASSED [ 19%]
tests/test_training_resolution.py::test_registered_unsupported_capabilities_fail_before_training PASSED [ 20%]
tests/test_training_resolution.py::test_explicit_existing_control_plugin_does_not_mutate_global_registry PASSED [ 20%]
tests/test_training_resolution.py::test_worker_disk_sampling_tolerates_retired_staging_only PASSED [ 21%]
tests/test_training_resolution.py::test_production_shapes_are_meta_only_and_smoke_refuses[50m] PASSED [ 22%]
tests/test_training_resolution.py::test_production_shapes_are_meta_only_and_smoke_refuses[150m] PASSED [ 23%]
tests/test_training_resolution.py::test_production_shapes_are_meta_only_and_smoke_refuses[300m] PASSED [ 24%]
tests/test_training_resolution.py::test_real_document_boundaries_positions_and_model_isolation[None] PASSED [ 25%]
tests/test_training_resolution.py::test_real_document_boundaries_positions_and_model_isolation[1] PASSED [ 26%]
tests/test_training_resolution.py::test_real_document_boundaries_positions_and_model_isolation[4] PASSED [ 26%]
tests/test_packing_scheduling.py::test_shift_feeds_first_t_and_targets_next_t PASSED [ 27%]
tests/test_packing_scheduling.py::test_partial_window_is_padded_and_masked_not_dropped PASSED [ 28%]
tests/test_packing_scheduling.py::test_window_shorter_than_two_tokens_is_rejected PASSED [ 29%]
tests/test_packing_scheduling.py::test_one_token_overlap_neither_drops_nor_double_counts_targets PASSED [ 30%]
tests/test_packing_scheduling.py::test_bos_is_context_only_and_never_a_target_position PASSED [ 31%]
tests/test_packing_scheduling.py::test_causal_stream_uses_one_segment_and_continuous_positions PASSED [ 32%]
tests/test_packing_scheduling.py::test_isolated_packing_resets_positions_and_masks_boundaries PASSED [ 33%]
tests/test_packing_scheduling.py::test_isolated_packing_preserves_document_and_byte_provenance PASSED [ 33%]
tests/test_packing_scheduling.py::test_isolated_packing_rejects_a_window_without_a_target PASSED [ 34%]
tests/test_packing_scheduling.py::test_build_packer_selects_the_declared_policy PASSED [ 35%]
tests/test_packing_scheduling.py::test_the_two_packing_policies_produce_different_masks PASSED [ 36%]
tests/test_packing_scheduling.py::test_deficit_scheduling_tracks_configured_weights PASSED [ 37%]
tests/test_packing_scheduling.py::test_first_selection_is_deterministic_not_arbitrary PASSED [ 38%]
tests/test_packing_scheduling.py::test_eos_is_attributed_to_its_own_source_and_reported_separately PASSED [ 39%]
tests/test_packing_scheduling.py::test_bos_and_padding_are_excluded_from_the_budget PASSED [ 40%]
tests/test_packing_scheduling.py::test_repeat_false_raises_on_exhaustion_without_redistributing PASSED [ 40%]
tests/test_packing_scheduling.py::test_bounded_repeat_allows_declared_epochs_then_stops PASSED [ 41%]
tests/test_packing_scheduling.py::test_repeated_exposure_is_counted_separately_from_unique PASSED [ 42%]
tests/test_packing_scheduling.py::test_repeat_ceiling_is_enforced_at_runtime PASSED [ 43%]
tests/test_packing_scheduling.py::test_scheduler_state_round_trips_exactly PASSED [ 44%]
tests/test_packing_scheduling.py::test_schedule_state_survives_a_dict_round_trip PASSED [ 45%]
tests/test_packing_scheduling.py::test_scheduler_rejects_a_source_without_availability PASSED [ 46%]
tests/test_packing_scheduling.py::test_negative_exposure_is_rejected PASSED [ 46%]
tests/test_mixture_stream.py::test_shard_records_offsets_markers_and_coverage PASSED [ 47%]
tests/test_mixture_stream.py::test_shard_counters_report_targets_and_structural_tokens PASSED [ 48%]
tests/test_mixture_stream.py::test_mmap_reads_match_direct_reads PASSED  [ 49%]
tests/test_mixture_stream.py::test_token_dtype_overflow_is_caught PASSED [ 50%]
tests/test_mixture_stream.py::test_corrupted_shard_fails_verification PASSED [ 51%]
tests/test_mixture_stream.py::test_a_second_mixture_reuses_the_same_shards PASSED [ 52%]
tests/test_mixture_stream.py::test_a_second_tokenizer_invalidates_the_shards PASSED [ 53%]
tests/test_mixture_stream.py::test_matched_byte_plan_holds_raw_exposure_across_real_tokenizers PASSED [ 53%]
tests/test_mixture_stream.py::test_observed_shares_match_configured_weights_on_unequal_sources PASSED [ 54%]
tests/test_mixture_stream.py::test_exact_token_stopping_at_a_nonmultiple_budget PASSED [ 55%]
tests/test_mixture_stream.py::test_zero_or_negative_budget_produces_no_batches PASSED [ 56%]
tests/test_mixture_stream.py::test_batches_carry_masks_positions_and_source_attribution PASSED [ 57%]
tests/test_mixture_stream.py::test_isolated_packing_mode_is_honoured PASSED [ 58%]
tests/test_mixture_stream.py::test_interrupted_run_resumes_to_identical_ids_and_masks PASSED [ 59%]
tests/test_mixture_stream.py::test_resume_restores_masks_and_scheduler_counters PASSED [ 60%]
tests/test_mixture_stream.py::test_rollback_discards_speculative_progress PASSED [ 60%]
tests/test_mixture_stream.py::test_resume_refuses_a_checkpoint_from_a_different_mixture PASSED [ 61%]
tests/test_mixture_stream.py::test_batching_is_independent_of_microbatch_grouping PASSED [ 62%]
tests/test_mixture_stream.py::test_exhaustion_raises_when_repeat_is_disabled PASSED [ 63%]
tests/test_mixture_stream.py::test_bounded_repeat_counts_repeated_targets_separately PASSED [ 64%]
tests/test_mixture_stream.py::test_missing_shard_for_a_weighted_source_is_refused PASSED [ 65%]
tests/test_mixture_stream.py::test_invalid_batcher_configuration_is_rejected PASSED [ 66%]
tests/test_mixture_planning.py::test_weights_must_sum_to_one_and_are_never_renormalized PASSED [ 66%]
tests/test_mixture_planning.py::test_thirds_are_accepted_within_tolerance PASSED [ 67%]
tests/test_mixture_planning.py::test_duplicate_sources_are_rejected PASSED [ 68%]
tests/test_mixture_planning.py::test_zero_or_negative_weight_is_rejected PASSED [ 69%]
tests/test_mixture_planning.py::test_missing_source_is_an_error_not_a_redistribution PASSED [ 70%]
tests/test_mixture_planning.py::test_empty_source_is_an_error PASSED     [ 71%]
tests/test_mixture_planning.py::test_unused_available_source_is_warned_not_silently_included PASSED [ 72%]
tests/test_mixture_planning.py::test_mixture_identity_includes_the_scheduling_policy PASSED [ 73%]
tests/test_mixture_planning.py::test_component_order_does_not_change_identity PASSED [ 73%]
tests/test_mixture_planning.py::test_repeat_policy_validation PASSED     [ 74%]
tests/test_mixture_planning.py::test_isolated_packing_cannot_claim_cross_document_attention PASSED [ 75%]
tests/test_mixture_planning.py::test_plan_reports_repetition_risk_before_the_run PASSED [ 76%]
tests/test_mixture_planning.py::test_plan_without_repetition_reports_none PASSED [ 77%]
tests/test_mixture_planning.py::test_bounded_repeat_policy_is_reported_as_declared PASSED [ 78%]
tests/test_mixture_planning.py::test_repeat_ceiling_breach_is_reported PASSED [ 79%]
tests/test_mixture_planning.py::test_plan_is_deterministic_and_identity_bound PASSED [ 80%]
tests/test_mixture_planning.py::test_source_order_is_frozen_by_the_data_seed PASSED [ 80%]
tests/test_mixture_planning.py::test_plan_rejects_a_nonpositive_budget PASSED [ 81%]
tests/test_mixture_planning.py::test_plan_refuses_to_compile_from_an_invalid_mixture PASSED [ 82%]
tests/test_mixture_planning.py::test_blocks_are_generated_not_materialized PASSED [ 83%]
tests/test_mixture_planning.py::test_block_ranges_are_contiguous_per_source PASSED [ 84%]
tests/test_mixture_planning.py::test_preview_shares_match_configured_weights PASSED [ 85%]
tests/test_mixture_planning.py::test_preview_marks_itself_truncated_when_bounded PASSED [ 86%]
tests/test_mixture_planning.py::test_unequal_source_sizes_still_meet_configured_shares PASSED [ 86%]
tests/test_mixture_planning.py::test_storage_projection_follows_token_dtype PASSED [ 87%]
tests/test_mixture_planning.py::test_plan_labels_unique_counts_as_exact_not_estimated PASSED [ 88%]
tests/test_mixture_planning.py::test_matched_byte_plan_fixes_raw_bytes_across_tokenizers PASSED [ 89%]
tests/test_mixture_planning.py::test_matched_document_plan_fixes_document_counts PASSED [ 90%]
tests/test_mixture_planning.py::test_matched_plan_labels_byte_availability_as_exact PASSED [ 91%]
tests/test_mixture_planning.py::test_matched_plan_reports_repetition_when_bytes_exceed_availability PASSED [ 92%]
tests/test_mixture_planning.py::test_matched_plan_rejects_unknown_basis_and_bad_budget PASSED [ 93%]
tests/test_trainer_mixture.py::test_real_trainer_consumes_the_mixture_loader PASSED [ 93%]
tests/test_trainer_mixture.py::test_mixture_batches_are_tensors_with_correct_shapes PASSED [ 94%]
tests/test_trainer_mixture.py::test_mixture_run_resumes_to_the_same_committed_data PASSED [ 95%]
tests/test_trainer_mixture.py::test_trainer_checkpoint_carries_mixture_state PASSED [ 96%]
tests/test_trainer_mixture.py::test_trainer_loss_decreases_on_a_bounded_mixture_run PASSED [ 97%]
tests/test_trainer_mixture.py::test_share_drift_converges_as_the_run_lengthens PASSED [ 98%]
tests/test_token_shards.py::test_token_shard_writer_and_reader_roundtrip PASSED [ 99%]
tests/test_token_shards.py::test_token_shard_corruption_detection PASSED [100%]

- generated xml file: D:\Project\xlm\data\audit\p23-remediation\stage03\after04\focused.xml -
======================= 115 passed in 455.42s (0:07:35) =======================
