{
  "package_version": "0.1.0",
  "python_version": "3.12.13",
  "python_executable": "D:\\Project\\xlm\\data\\audit\\p23\\final-repo\\.venv\\Scripts\\python.exe",
  "uv_version": "uv 0.11.6 (65950801c 2026-04-09 x86_64-pc-windows-msvc)",
  "os_name": "Windows",
  "os_release": "11",
  "os_arch": "AMD64",
  "cpu_count_logical": 16,
  "cpu_count_physical": 8,
  "ram_total_gb": 71.93,
  "ram_available_gb": 9.16,
  "artifact_root": "D:\\Project\\xlm\\data\\audit\\p23\\verified-evidence\\home",
  "artifact_root_exists": true,
  "disk_free_gb": 202.09,
  "disk_total_gb": 771.64,
  "torch_installed": true,
  "torch_version": "2.14.0+cpu",
  "torch_cuda_version": null,
  "torch_cuda_available": false,
  "torch_bf16_supported": false,
  "sdpa_kernels": {},
  "cuda_devices": [],
  "nvidia_driver_version": "596.49",
  "nvidia_driver_cuda_version": "13.2",
  "unsupported_explanations": [],
  "capabilities": {
    "offline_cpu_execution": "ready",
    "cli_and_path_resolver": "ready",
    "cuda_acceleration": "disabled (no cuda torch)",
    "bf16_execution": "unsupported on this device/build (refused, never downgraded)",
    "training_engine": "ready (prompts 05, 12, 14)",
    "execution_profiler": "ready (prompt 14)",
    "evaluation_harness": "unimplemented (prompt 15 pending)"
  }
}
