warning: `VIRTUAL_ENV=D:\Project\xlm\data\audit\p23\repo\.venv` does not match the project environment path `.venv` and will be ignored; use `--active` to target the active environment instead
Using CPython 3.12.13
Creating virtual environment at: .venv
Resolved 122 packages in 1ms
   Building xlm @ file:///D:/Project/xlm/data/audit/p23/final-repo
      Built xlm @ file:///D:/Project/xlm/data/audit/p23/final-repo
Prepared 1 package in 891ms
warning: Failed to hardlink files; falling back to full copy. This may lead to degraded performance.
         If the cache and target directories are on different filesystems, hardlinking may not be supported.
         If this is intentional, set `export UV_LINK_MODE=copy` or use `--link-mode=copy` to suppress this warning.
Installed 101 packages in 46.83s
 + absl-py==2.5.0
 + aiohappyeyeballs==2.7.1
 + aiohttp==3.14.3
 + aiosignal==1.4.0
 + annotated-doc==0.0.5
 + annotated-types==0.8.0
 + anyio==4.15.1
 + ast-serialize==0.11.2
 + attrs==26.1.0
 + certifi==2026.7.22
 + chardet==6.0.0.post1
 + charset-normalizer==3.5.1
 + click==8.5.0
 + cloudpickle==3.1.2
 + colorama==0.4.6
 + coverage==7.16.1
 + dataproperty==1.1.1
 + datasets==5.0.1
 + defusedxml==0.7.1
 + dill==0.4.1
 + evaluate==0.4.6
 + filelock==4.0.0
 + frozenlist==1.8.0
 + fsspec==2026.6.0
 + h11==0.16.0
 + hf-xet==1.6.0
 + httpcore==1.0.9
 + httpx==0.28.1
 + huggingface-hub==1.32.0
 + idna==3.20
 + iniconfig==2.3.0
 + jinja2==3.1.6
 + joblib==1.6.0
 + librt==0.15.0
 + lm-eval==0.4.13
 + lxml==6.1.3
 + markdown-it-py==4.2.0
 + markupsafe==3.0.3
 + mbstrdecoder==1.1.5
 + mdurl==0.1.2
 + more-itertools==11.1.0
 + mpmath==1.3.0
 + multidict==6.9.0
 + multiprocess==0.70.19
 + mypy==2.3.1
 + mypy-extensions==1.1.0
 + narwhals==2.26.0
 + networkx==3.6.1
 + nltk==3.10.3
 + numpy==2.5.3
 + packaging==26.3
 + pandas==3.0.6
 + pathspec==1.1.1
 + pathvalidate==3.3.1
 + pluggy==1.6.0
 + portalocker==4.3.2
 + propcache==0.5.4
 + psutil==7.2.2
 + pyarrow==25.0.1
 + pydantic==2.13.5
 + pydantic-core==2.46.5
 + pygments==2.21.0
 + pytablewriter==1.2.1
 + pytest==9.1.1
 + pytest-cov==7.1.0
 + python-dateutil==2.9.0.post0
 + pytz==2026.3.post1
 + pyyaml==6.0.3
 + regex==2026.9.10
 + requests==2.34.2
 + rich==15.0.0
 + rouge-score==0.1.2
 + ruff==0.16.8
 + sacrebleu==2.6.0
 + safetensors==0.8.0
 + scikit-learn==1.9.1
 + scipy==1.18.1
 + setuptools==84.0.0
 + shellingham==1.5.4
 + six==1.17.0
 + sqlitedict==2.1.0
 + sympy==1.14.0
 + tabledata==1.3.5
 + tabulate==0.10.0
 + tcolorpy==0.1.7
 + threadpoolctl==3.7.0
 + tokenizers==0.23.2
 + torch==2.14.0+cpu
 + tqdm==4.70.1
 + typepy==1.3.5
 + typer==0.27.2
 + types-psutil==7.2.2.20260906
 + types-pyyaml==6.0.12.20260906
 + typing-extensions==4.16.0
 + typing-inspection==0.4.4
 + tzdata==2026.4
 + urllib3==2.8.0
 + word2number==1.1
 + xlm==0.1.0 (from file:///D:/Project/xlm/data/audit/p23/final-repo)
 + xxhash==4.0.1
 + yarl==1.25.1
