{
  "binding": {
    "calibration_digest": "c8a32cced2bae62c21b4e4396d46f0803f11745117e52d468adf3912dde0541d",
    "component_allowlist_digest": "b2bb7c0dc532a6263ca17b78816186fa194c12c09c74614baaeb29c76cdaab04",
    "component_id": "common_pile_prose",
    "production_inventory_digest": "c0984aa33fb3598a9e724b9518df8cd8a0f2af52b5708ec211fb7fd693df7637",
    "repository": "common-pile/comma_v0.1_training_dataset",
    "revision": "5afc546db324e7f39f297ba757c9a60547151e7c",
    "source_id": "common_pile",
    "view_id": "common_pile_prose"
  },
  "bounds": {
    "file_deadline_seconds": 5700.0,
    "max_canonical_bytes_per_file": 644874996,
    "max_decoded_bytes_per_file": 854724290,
    "max_decompression_ratio": 7,
    "max_durable_bytes_per_file": 1911202866,
    "max_file_bytes": 122103470,
    "max_ledger_bytes": 67108864,
    "max_record_bytes": 524288,
    "max_rows_per_file": 5612,
    "plan_deadline_seconds": 34200.0,
    "processing_growth": {
      "event_bytes": 1048576,
      "metadata_bytes": 1048576,
      "output_bytes": 1789099396,
      "progress_bytes": 4096,
      "run_metadata_bytes": 8388608,
      "source_max_bytes": 122103470,
      "state_bytes": 1048576,
      "version": 1
    },
    "scratch_cap_bytes": 3828713572
  },
  "digest": "15e186e4628973f6d4a42e2cce1008ac66bdca479b25d37df941d383a9b7ed41",
  "kind": "mix01-component-reviewed-bounds-v1",
  "operator": "PREVIEW_ONLY",
  "rationale": "Calibrated operating ceilings with explicit 2x rate/row/line margins; not whole-shard measured maxima"
}
