{
  "schema_version": 1,
  "receipt_id": "receipt_plan_essential_web_essential_science_huggingface_31f7dfe17490f2ff9edb",
  "plan_id": "plan_essential_web_essential_science_huggingface_31f7dfe17490f2ff9edb",
  "plan_hash": "04db5c763959ebf7187ba69d23a4f99b5d4e2e77c2f07bc4350e4b427f52b04c",
  "source_id": "essential_web",
  "view_id": "essential_science",
  "provider": "huggingface",
  "repository": "EssentialAI/essential-web-v1.0",
  "revision": "ce4eccc7e9604667b6d7f32cb6274b8b41f3113d",
  "mode": "selected_records",
  "eligibility": "admission_required",
  "files": [
    {
      "relative_path": "selected_records.jsonl",
      "size_bytes": 2793802,
      "locally_computed_sha256": "a1c2b8078b662af59d0a4f56a131710b8654c6ab5e9103d4d4760cb462b0a9f5",
      "provider_declared_checksum": null,
      "independent_expected_sha256": null,
      "independent_checksum_verified": false,
      "record_count": 256
    }
  ],
  "resource_metrics": {
    "transferred_bytes": 9511581,
    "decompressed_bytes": 1924727,
    "requests_made": 105,
    "records_acquired": 256
  },
  "created_at": "2026-09-30T12:28:24.476788+00:00",
  "is_verified": true,
  "verification_notes": [
    "Transfer counts response-body bytes; wire/TLS overhead is not measured.",
    "Opaque files have unknown record counts; metadata is not corpus admission.",
    "Selected-row hashes do not verify an untransferred full-file expected digest."
  ]
}
no adapted outputs; run data adapt
Adapted 0 record(s) via 'essential_web_bnormal' to: G:\XLM\calib\essential-web-production\probe\probe-00\essential_science\documents.jsonl (256 rejection(s) in G:\XLM\calib\essential-web-production\probe\probe-00\essential_science\adaptation_rejections.jsonl, summary in G:\XLM\calib\essential-web-production\probe\probe-00\essential_science\adaptation_summary.json)
Adapt throughput: 256 records in 0.05s (5446.8/s, 56.689 MiB/s input, batch 512, parse 0.02s adapt 0.03s serialize 0.00s write 0.00s)
no adapted outputs; run data adapt
Adapted 5 record(s) via 'essential_web_bnormal' to: G:\XLM\calib\essential-web-production\probe\probe-00\essential_practical\documents.jsonl (251 rejection(s) in G:\XLM\calib\essential-web-production\probe\probe-00\essential_practical\adaptation_rejections.jsonl, summary in G:\XLM\calib\essential-web-production\probe\probe-00\essential_practical\adaptation_summary.json)
Adapt throughput: 256 records in 0.05s (5446.8/s, 56.689 MiB/s input, batch 512, parse 0.03s adapt 0.02s serialize 0.00s write 0.00s)
no adapted outputs; run data adapt
Adapted 26 record(s) via 'essential_web_bnormal' to: G:\XLM\calib\essential-web-production\probe\probe-00\essential_prose\documents.jsonl (230 rejection(s) in G:\XLM\calib\essential-web-production\probe\probe-00\essential_prose\adaptation_rejections.jsonl, summary in G:\XLM\calib\essential-web-production\probe\probe-00\essential_prose\adaptation_summary.json)
Adapt throughput: 256 records in 0.05s (5446.8/s, 56.689 MiB/s input, batch 512, parse 0.00s adapt 0.03s serialize 0.00s write 0.00s)
{
  "schema_version": 2,
  "plan_id": "plan_essential_web_essential_science_huggingface_31f7dfe17490f2ff9edb",
  "plan_hash": "04db5c763959ebf7187ba69d23a4f99b5d4e2e77c2f07bc4350e4b427f52b04c",
  "status": "COMPLETED",
  "transferred_bytes": 9511581,
  "decompressed_bytes": 1924727,
  "temp_disk_bytes": 0,
  "output_disk_bytes": 5590513,
  "requests_made": 105,
  "cache_hits": 0,
  "records_acquired": 256,
  "file_progress": {
    "selected_records.jsonl": {
      "file_path": "selected_records.jsonl",
      "bytes_downloaded": 2793802,
      "total_expected": null,
      "etag": null,
      "last_modified": null,
      "verified_prefix_bytes": 2793802,
      "prefix_sha256": "a1c2b8078b662af59d0a4f56a131710b8654c6ab5e9103d4d4760cb462b0a9f5",
      "content_sha256": "a1c2b8078b662af59d0a4f56a131710b8654c6ab5e9103d4d4760cb462b0a9f5",
      "record_count": 256,
      "status": "completed",
      "error": null,
      "publication": null
    }
  },
  "accounting": {
    "consumed": {
      "requests": 105,
      "transfer": 9511581,
      "decompressed": 1924727,
      "records_scanned": 256
    },
    "reservations": {
      "temp": {},
      "output": {},
      "transfer": {},
      "decompressed": {},
      "records_scanned": {}
    },
    "occupancy": {
      "temp": 0,
      "output": 2793802,
      "published": 2796711
    },
    "limits": {
      "transfer": 134217728,
      "decompressed": 536870912,
      "temp": 1073741824,
      "output": 2147483648
    },
    "deadline_at": 1790771904.5121653
  },
  "storage_roots": {
    "scratch": "G:\\XLM\\calib\\essential-web-production\\probe\\probe-00\\scratch",
    "output": "G:\\XLM\\calib\\essential-web-production\\probe\\probe-00\\raw"
  },
  "source_validators": {
    "data/crawl=CC-MAIN-2014-15/train-01860-of-02772.parquet": {
      "etag": "\"a898462fb164d7eea3e8248a28cb1f855843d72bd55cfd126f537653c4eae323\"",
      "length": 290684578
    }
  },
  "authorization": {
    "authorization_hash": "04db5c763959ebf7187ba69d23a4f99b5d4e2e77c2f07bc4350e4b427f52b04c",
    "authorized_by": "operator_authorization",
    "authorized_at": "2026-09-30T12:28:23.610681+00:00",
    "scope": "production",
    "is_pilot_approved": false,
    "bound_limits_hash": ""
  },
  "published_artifacts": {
    "G:\\XLM\\xlm-home\\raw_dataset\\raw_essential_web_essential_science_31f7dfe17490f2ff9edb": 2796711
  },
  "nested_storage": {},
  "started_at": "2026-09-30T12:28:24.476788+00:00",
  "updated_at": "2026-09-30T12:28:58.092366+00:00",
  "error_reason": null
}
{
  "binding": {
    "adapter_id": "essential_web_bnormal",
    "canonicalization": "EssentialWebSelectedAdapter -> EssentialWebAdapter -> CanonicalDocument",
    "repository": "EssentialAI/essential-web-v1.0",
    "revision": "ce4eccc7e9604667b6d7f32cb6274b8b41f3113d",
    "selector": {
      "condition": "B-normal",
      "evaluator_sha256": "5a63e78560ea9e12b0ec03b5e7e63204b5c75554bee02192c12bb4ab0853bf9c",
      "freeze_digest": "c6f32a65f083c99b64245e25151f2cc73275093e1013d68b625c6d6f63d10a0c",
      "freeze_version": "essential-web-selector-fasttrack-v1",
      "policy_digest": "f4357f61f434d5105d823266153dac6372e122f12767187631e8796b4899dd07",
      "selector_id": "essential-web-b-normal"
    },
    "source_id": "essential_web"
  },
  "cost_per_component": "each component bears full shared transfer for bottleneck sizing",
  "crawls": 1,
  "decompressed_bytes": 1924727,
  "elapsed_wall_seconds_including_restart_downtime": 33.615578,
  "files": 1,
  "input_rows": 256,
  "malformed_rows": 0,
  "peak_process_memory": null,
  "peak_process_memory_status": "NOT MEASURED by journal; use runtime performance artifact",
  "physical_response_body_bytes": 9511581,
  "retention_and_cost": {
    "essential_practical": {
      "canonical_bytes": 16620,
      "characters": 16501,
      "documents": 5,
      "estimated_tokens": 4155.0,
      "estimated_tokens_low_high": [
        3324.0,
        5540.0
      ],
      "scanned_rows_per_retained_document": 51.2,
      "transfer_bytes_per_canonical_byte": 572.2972924187726,
      "transfer_bytes_per_estimated_token": 2289.1891696750904,
      "transfer_bytes_per_retained_document": 1902316.2
    },
    "essential_prose": {
      "canonical_bytes": 517179,
      "characters": 502911,
      "documents": 26,
      "estimated_tokens": 129294.75,
      "estimated_tokens_low_high": [
        103435.8,
        172393.0
      ],
      "scanned_rows_per_retained_document": 9.846153846153847,
      "transfer_bytes_per_canonical_byte": 18.39127458771528,
      "transfer_bytes_per_estimated_token": 73.56509835086112,
      "transfer_bytes_per_retained_document": 365830.03846153844
    },
    "essential_science": {
      "canonical_bytes": 0,
      "characters": 0,
      "documents": 0,
      "estimated_tokens": 0.0,
      "estimated_tokens_low_high": [
        0.0,
        0.0
      ],
      "scanned_rows_per_retained_document": null,
      "transfer_bytes_per_canonical_byte": null,
      "transfer_bytes_per_estimated_token": null,
      "transfer_bytes_per_retained_document": null
    }
  },
  "scanned_rows": 256,
  "selector_counts": {
    "essential_practical": 5,
    "essential_prose": 26,
    "essential_science": 0,
    "rejected": 223,
    "unassigned": 2
  },
  "shared_transfer_counted_once": true,
  "stage": "probe",
  "token_method": "mix01_inventory: assumed UTF-8 bytes/token 3/4/5; estimated tokens only",
  "total_canonical_bytes": 533799,
  "total_retained_documents": 31,
  "units": [
    {
      "crawl": "crawl=CC-MAIN-2014-15",
      "file": "data/crawl=CC-MAIN-2014-15/train-01860-of-02772.parquet",
      "plan_hash": "04db5c763959ebf7187ba69d23a4f99b5d4e2e77c2f07bc4350e4b427f52b04c",
      "raw_sha256": "a1c2b8078b662af59d0a4f56a131710b8654c6ab5e9103d4d4760cb462b0a9f5",
      "resource_account": {
        "consumed": {
          "decompressed": 1924727,
          "records_scanned": 256,
          "requests": 105,
          "transfer": 9511581
        },
        "deadline_at": 1790771904.5121653,
        "limits": {
          "decompressed": 536870912,
          "output": 2147483648,
          "temp": 1073741824,
          "transfer": 134217728
        },
        "occupancy": {
          "output": 2793802,
          "published": 2796711,
          "temp": 0
        },
        "reservations": {
          "decompressed": {},
          "output": {},
          "records_scanned": {},
          "temp": {},
          "transfer": {}
        }
      }
    }
  ]
}
