============================= test session starts =============================
platform win32 -- Python 3.12.13, pytest-9.1.1, pluggy-1.6.0 -- D:\Project\xlm\data\audit\p23-remediation\stage01\after01\.venv\Scripts\python.exe
cachedir: .pytest_cache
rootdir: D:\Project\xlm
configfile: pyproject.toml
plugins: anyio-4.15.1, cov-7.1.0
collecting ... collected 12 items

tests/test_prepare_bounds.py::test_child_stdout_and_stderr_are_bounded_and_accounted FAILED [  8%]
tests/test_prepare_bounds.py::test_check_only_stage_consumes_aggregate_allowance PASSED [ 16%]
tests/test_prepare_bounds.py::test_changed_prepare_budget_does_not_replenish_account PASSED [ 25%]
tests/test_prepare_bounds.py::test_prepare_record_parser_and_expansion_caps[budget0-{"text":"a"}\n{"text":"b"}\n-record] PASSED [ 33%]
tests/test_prepare_bounds.py::test_prepare_record_parser_and_expansion_caps[budget1-{"text":"long"}\n-record byte] PASSED [ 41%]
tests/test_prepare_bounds.py::test_prepare_record_parser_and_expansion_caps[budget2-{"text":"long"}\n-decompressed] PASSED [ 50%]
tests/test_prepare_bounds.py::test_prepare_aggregate_output_guard PASSED [ 58%]
tests/test_prepare_bounds.py::test_timed_out_child_and_descendant_are_stopped PASSED [ 66%]
tests/test_prepare_bounds.py::test_prepare_unknown_budget_fields_fail_explicitly PASSED [ 75%]
tests/test_prepare_bounds.py::test_declared_external_output_is_in_shared_disk_account PASSED [ 83%]
tests/test_acquisition_bounds.py::test_killed_download_resumes_in_a_fresh_process_without_new_allowance PASSED [ 91%]
tests/test_acquisition_bounds.py::test_fresh_process_reservations_and_killed_owner_remain_spent PASSED [100%]

================================== FAILURES ===================================
___________ test_child_stdout_and_stderr_are_bounded_and_accounted ____________

tmp_path = WindowsPath('D:/Project/xlm/data/audit/p23-remediation/stage04/after03/secure-tmp/test_child_stdout_and_stderr_a0')

    def test_child_stdout_and_stderr_are_bounded_and_accounted(tmp_path: Path) -> None:
        config = config_for(tmp_path, max_subprocess_output_bytes=1024)
        bounds = PrepareBounds(config, tmp_path / "out", tmp_path / "home")
        with pytest.raises((RuntimeError, ValueError), match="output|transfer"):
            bounds.run(
                [sys.executable, "-c", "import os; os.write(1,b'A'*8192); os.write(2,b'B'*8192)"],
                tmp_path,
                5,
            )
        assert sum(p.stat().st_size for p in bounds.spool.glob("*.log")) <= 1024
        restored = PrepareBounds(config, tmp_path / "out", tmp_path / "home")
>       assert restored.capacity.snapshot()["transferred_bytes"] > 0
E       assert 0 > 0

tests\test_prepare_bounds.py:37: AssertionError
- generated xml file: D:\Project\xlm\data\audit\p23-remediation\stage04\after03\secure.xml -
=========================== short test summary info ===========================
FAILED tests/test_prepare_bounds.py::test_child_stdout_and_stderr_are_bounded_and_accounted - assert 0 > 0
======================== 1 failed, 11 passed in 15.17s ========================
