........................................................................ [ 23%]
........................................................................ [ 47%]
................................F....................................... [ 70%]
........................................................................ [ 94%]
..................                                                       [100%]
================================== FAILURES ===================================
_________ test_legacy_p17_modules_are_byte_identical_to_certified_m3 __________

    def test_legacy_p17_modules_are_byte_identical_to_certified_m3() -> None:
        golden = {
            "src/xlm/comparison/promotion.py": (
                "04e961acb3dfe643742fa0777b7e9a98838139d8d34dbd08dda7689713aa8842"
            ),
            "src/xlm/comparison/tracks.py": (
                "07d9b7a158a4171d68bbf30fb6b9249eb1aade156f37e076f91b3c474354d019"
            ),
            "src/xlm/comparison/bootstrap.py": (
                "546033327a9b00d6030481e6702346f4c1c9e0d29995c2d0990b82ba1d3ced92"
            ),
            "src/xlm/cli/compare_cmd.py": (
                "f30254bd29d6015ff43cafd0893c26186db77a36c0d54f21af00f6458b55618e"
            ),
            "src/xlm/comparison/recipes.py": (
                "36498a181e648314cea23742eb8e79748e352a6f7afb63db572deca3d5ad15ef"
            ),
        }
        for rel, digest in golden.items():
>           assert hashlib.sha256((REPO / rel).read_bytes()).hexdigest() == digest, rel
E           AssertionError: src/xlm/comparison/promotion.py
E           assert '31c22cce117e...72a0a759645b4' == '04e961acb3df...7689713aa8842'
E
E             - 04e961acb3dfe643742fa0777b7e9a98838139d8d34dbd08dda7689713aa8842
E             + 31c22cce117e2cac30cfccba75b88c752aad99337f3b290fbed72a0a759645b4

tests\test_p35_m4_evidence.py:830: AssertionError
=========================== short test summary info ===========================
FAILED tests/test_p35_m4_evidence.py::test_legacy_p17_modules_are_byte_identical_to_certified_m3
1 failed, 305 passed in 120.51s (0:02:00)
