{
  "scope": "authored tiny CUDA Trainer, B8, fp32 eager strict, real spawned process_depth1 producer with content verification; NOT pilot-size throughput",
  "design": "ABBA; identical seed/data/global updates; four warmups excluded per block",
  "device": "NVIDIA GeForce RTX 4090",
  "torch": "2.14.0+cu126",
  "python": "3.12.13 (main, Apr  7 2026, 20:53:22) [MSC v.1944 64 bit (AMD64)]",
  "blocks": [
    {
      "receipt_enabled": false,
      "measured_updates": 16,
      "warmup_updates_excluded": 4,
      "measured_targets": 32768,
      "elapsed_seconds": 1.054076400003396,
      "targets_per_second": 31086.930700558736,
      "receipt_cpu_ms_per_update": 0.0,
      "binding_cpu_ms_per_update": 0.0,
      "peak_cuda_allocated_bytes": 70661120,
      "peak_cuda_reserved_bytes": 73400320,
      "process_rss_bytes": 1376964608,
      "unique_deployed_parameters": 6768,
      "chain_head": null,
      "explicit_stream_synchronizations_per_update": 1.0
    },
    {
      "receipt_enabled": true,
      "measured_updates": 16,
      "warmup_updates_excluded": 4,
      "measured_targets": 32768,
      "elapsed_seconds": 1.11944800009951,
      "targets_per_second": 29271.56955668078,
      "receipt_cpu_ms_per_update": 0.9807125097722746,
      "binding_cpu_ms_per_update": 0.6788624959881417,
      "peak_cuda_allocated_bytes": 70661120,
      "peak_cuda_reserved_bytes": 73400320,
      "process_rss_bytes": 1379082240,
      "unique_deployed_parameters": 6768,
      "chain_head": "c517f0bab1f6cb3707242e2dd9a55da48912d55bfbadef170453e883b90e4357",
      "explicit_stream_synchronizations_per_update": 1.0
    },
    {
      "receipt_enabled": true,
      "measured_updates": 16,
      "warmup_updates_excluded": 4,
      "measured_targets": 32768,
      "elapsed_seconds": 1.1827501999214292,
      "targets_per_second": 27704.92028001923,
      "receipt_cpu_ms_per_update": 0.9628749612602405,
      "binding_cpu_ms_per_update": 0.6500562521978281,
      "peak_cuda_allocated_bytes": 70661120,
      "peak_cuda_reserved_bytes": 73400320,
      "process_rss_bytes": 1379119104,
      "unique_deployed_parameters": 6768,
      "chain_head": "c517f0bab1f6cb3707242e2dd9a55da48912d55bfbadef170453e883b90e4357",
      "explicit_stream_synchronizations_per_update": 1.0
    },
    {
      "receipt_enabled": false,
      "measured_updates": 16,
      "warmup_updates_excluded": 4,
      "measured_targets": 32768,
      "elapsed_seconds": 1.2087213000049815,
      "targets_per_second": 27109.640576256043,
      "receipt_cpu_ms_per_update": 0.0,
      "binding_cpu_ms_per_update": 0.0,
      "peak_cuda_allocated_bytes": 70661120,
      "peak_cuda_reserved_bytes": 73400320,
      "process_rss_bytes": 1379127296,
      "unique_deployed_parameters": 6768,
      "chain_head": null,
      "explicit_stream_synchronizations_per_update": 1.0
    }
  ],
  "total_targets_including_warmup": 163840,
  "wall_seconds": 24.25,
  "output_bytes_before_report": 714721,
  "targets_per_second_delta_percent": -2.096483372381841,
  "peak_gpu_memory_delta_bytes": 0,
  "new_cuda_sync": "Stream.synchronize calls instrumented in both arms; the receipt and binding read CPU arrays only. This is not a driver-level synchronization profile.",
  "limitation": "Small model and authored shards do not estimate 50M/B8 production overhead; block spread may exceed the arm difference."
}
