============================= test session starts =============================
platform win32 -- Python 3.12.13, pytest-9.1.1, pluggy-1.6.0 -- D:\Project\xlm\data\audit\p23-remediation\stage01\after01\.venv\Scripts\python.exe
cachedir: .pytest_cache
rootdir: D:\Project\xlm
configfile: pyproject.toml
plugins: anyio-4.15.1, cov-7.1.0
collecting ... collected 27 items

tests/test_checkpoint.py::test_checksum_valid_checkpoint_still_refuses_pickle_globals PASSED [  3%]
tests/test_checkpoint.py::test_checkpoint_save_and_reload_roundtrip PASSED [  7%]
tests/test_checkpoint.py::test_checkpoint_checksum_corruption_detection PASSED [ 11%]
tests/test_checkpoint.py::test_checkpoint_plan_compatibility_validation PASSED [ 14%]
tests/test_checkpoint.py::test_checkpoint_tied_weights_mismatch_detected PASSED [ 18%]
tests/test_checkpoint.py::test_checkpoint_fork_lineage PASSED            [ 22%]
tests/test_cli_train_demo.py::test_cli_demo_subprocess PASSED            [ 25%]
tests/test_cli_train_demo.py::test_cli_run_inspect_subprocess PASSED     [ 29%]
tests/test_cli_train_demo.py::test_cli_train_and_resume_subprocess PASSED [ 33%]
tests/test_cli_eval_gen.py::test_cli_demo_complete_vertical_slice_subprocess PASSED [ 37%]
tests/test_cli_eval_gen.py::test_cli_evaluate_and_generate_subprocess PASSED [ 40%]
tests/test_offline_workflow.py::test_offline_workflow_from_clean_environment PASSED [ 44%]
tests/test_offline_workflow.py::test_prepare_restart_reuses_verified_acquisition PASSED [ 48%]
tests/test_offline_workflow.py::test_each_dimension_uses_its_intended_interface PASSED [ 51%]
tests/test_offline_workflow.py::test_large_campaigns_prepare_without_launching PASSED [ 55%]
tests/test_final_acceptance.py::test_prepare_rejects_corrupted_existing_output PASSED [ 59%]
tests/test_final_acceptance.py::test_prepare_hashes_copy_inputs_and_policy FAILED [ 62%]
tests/test_final_acceptance.py::test_failed_check_stops_preparation_and_records_failure PASSED [ 66%]
tests/test_final_acceptance.py::test_prepare_duplicate_yaml_keys_are_rejected PASSED [ 70%]
tests/test_final_acceptance.py::test_blocked_upstream_blocks_pending_downstream PASSED [ 74%]
tests/test_final_acceptance.py::test_request_budget_counts_attempts_across_restart PASSED [ 77%]
tests/test_final_acceptance.py::test_seed_pairs_follow_recorded_ids_not_argument_order PASSED [ 81%]
tests/test_final_acceptance.py::test_remote_harness_task_is_refused_before_dataset_loading PASSED [ 85%]
tests/test_final_acceptance.py::test_missing_explicit_tokenizer_never_uses_byte_fixture PASSED [ 88%]
tests/test_final_acceptance.py::test_cli_missing_data_is_refused_even_in_dry_run[False] PASSED [ 92%]
tests/test_final_acceptance.py::test_cli_missing_data_is_refused_even_in_dry_run[True] PASSED [ 96%]
tests/test_final_acceptance.py::test_cli_resume_reconstructs_real_settings_and_exact_nonmultiple_budget PASSED [100%]

================================== FAILURES ===================================
_________________ test_prepare_hashes_copy_inputs_and_policy __________________

tmp_path = WindowsPath('D:/Project/xlm/data/audit/p23-remediation/stage04/after04/callers-tmp/test_prepare_hashes_copy_input0')

    def test_prepare_hashes_copy_inputs_and_policy(tmp_path: Path) -> None:
        config = copy_config(tmp_path)
        path = tmp_path / "config.yaml"
        run_prepare(config, path, tmp_path / "home", REPO, authorize=True)
        (tmp_path / "source/record.txt").write_text("changed!", encoding="utf-8")
        plan = plan_prepare(config, path, tmp_path / "home", REPO, load_prior_state(tmp_path / "out"))
        assert plan.stages[0].status == "stale"
        config.stages[0].max_bytes = 1
>       with pytest.raises(PrepareRunError, match="exceeds"):
             ^^^^^^^^^^^^^^^^^^^^^^^^^^^^^^^^^^^^^^^^^^^^^^^
E       AssertionError: Regex pattern did not match.
E         Expected regex: 'exceeds'
E         Actual message: 'Invalid acquisition journal: journal plan identity mismatch'

tests\test_final_acceptance.py:54: AssertionError
- generated xml file: D:\Project\xlm\data\audit\p23-remediation\stage04\after04\callers.xml -
=========================== short test summary info ===========================
FAILED tests/test_final_acceptance.py::test_prepare_hashes_copy_inputs_and_policy - AssertionError: Regex pattern did not match.
  Expected regex: 'exceeds'
  Actual message: 'Invalid acquisition journal: journal plan identity mismatch'
================== 1 failed, 26 passed in 812.68s (0:13:32) ===================
