============================= test session starts =============================
platform win32 -- Python 3.12.13, pytest-9.1.1, pluggy-1.6.0 -- D:\Project\xlm\data\audit\p23-remediation\stage01\after01\.venv\Scripts\python.exe
cachedir: .pytest_cache
rootdir: D:\Project\xlm
configfile: pyproject.toml
plugins: anyio-4.15.1, cov-7.1.0
collecting ... collected 3 items

tests/test_final_acceptance.py::test_prepare_hashes_copy_inputs_and_policy FAILED [ 33%]
tests/test_prepare_bounds.py::test_changed_prepare_budget_does_not_replenish_account PASSED [ 66%]
tests/test_prepare_bounds.py::test_declared_external_output_is_in_shared_disk_account PASSED [100%]

================================== FAILURES ===================================
_________________ test_prepare_hashes_copy_inputs_and_policy __________________

tmp_path = WindowsPath('D:/Project/xlm/data/audit/p23-remediation/stage04/after04/compat01-tmp/test_prepare_hashes_copy_input0')

    def test_prepare_hashes_copy_inputs_and_policy(tmp_path: Path) -> None:
        config = copy_config(tmp_path)
        path = tmp_path / "config.yaml"
        run_prepare(config, path, tmp_path / "home", REPO, authorize=True)
        (tmp_path / "source/record.txt").write_text("changed!", encoding="utf-8")
        plan = plan_prepare(config, path, tmp_path / "home", REPO, load_prior_state(tmp_path / "out"))
        assert plan.stages[0].status == "stale"
        config.stages[0].max_bytes = 1
>       with pytest.raises(PrepareRunError, match="exceeds"):
             ^^^^^^^^^^^^^^^^^^^^^^^^^^^^^^^^^^^^^^^^^^^^^^^
E       AssertionError: Regex pattern did not match.
E         Expected regex: 'exceeds'
E         Actual message: 'Invalid acquisition journal: journal plan identity mismatch'

tests\test_final_acceptance.py:54: AssertionError
- generated xml file: D:\Project\xlm\data\audit\p23-remediation\stage04\after04\compat01.xml -
=========================== short test summary info ===========================
FAILED tests/test_final_acceptance.py::test_prepare_hashes_copy_inputs_and_policy - AssertionError: Regex pattern did not match.
  Expected regex: 'exceeds'
  Actual message: 'Invalid acquisition journal: journal plan identity mismatch'
========================= 1 failed, 2 passed in 5.35s =========================
