============================= test session starts =============================
platform win32 -- Python 3.12.13, pytest-9.1.1, pluggy-1.6.0 -- D:\Project\xlm\data\audit\p23-remediation\stage01\after01\.venv\Scripts\python.exe
cachedir: .pytest_cache
rootdir: D:\Project\xlm
configfile: pyproject.toml
plugins: anyio-4.15.1, cov-7.1.0
collecting ... collected 53 items

tests/test_frozen_execution.py::test_independent_persisted_bindings_refuse_before_worker PASSED [  1%]
tests/test_frozen_execution.py::test_authority_and_recomputed_envelope_fields_are_checked PASSED [  3%]
tests/test_frozen_execution.py::test_actual_environment_mismatch_fails_in_real_worker PASSED [  5%]
tests/test_frozen_execution.py::test_public_queue_and_diagnostic_receipt_keep_separate_provenance PASSED [  7%]
tests/test_frozen_execution.py::test_changed_tokenizer_and_real_shard_are_rejected PASSED [  9%]
tests/test_frozen_execution.py::test_real_worker_output_bound_and_terminal_failure PASSED [ 11%]
tests/test_frozen_execution.py::test_worker_rejects_cli_override_outside_frozen_envelope PASSED [ 13%]
tests/test_frozen_execution.py::test_unresolved_checkpoint_is_inspectable_but_not_frozen_resume PASSED [ 15%]
tests/test_frozen_execution.py::test_snapshot_reuse_conflicts_and_paths PASSED [ 16%]
tests/test_frozen_execution.py::test_relocated_locked_environment_ignores_editable_hooks_and_bytecode FAILED [ 18%]
tests/test_frozen_execution.py::test_real_frozen_worker_trains_and_publishes PASSED [ 20%]
tests/test_frozen_execution.py::test_intact_a_executes_after_live_b_and_import_override PASSED [ 22%]
tests/test_frozen_execution.py::test_snapshot_damage_rejects_before_worker[tamper] PASSED [ 24%]
tests/test_frozen_execution.py::test_snapshot_damage_rejects_before_worker[missing] PASSED [ 26%]
tests/test_frozen_execution.py::test_snapshot_damage_rejects_before_worker[extra] PASSED [ 28%]
tests/test_frozen_recovery.py::test_real_crash_preserves_committed_boundary_on_retry PASSED [ 30%]
tests/test_queue.py::test_submit_deduplicates_identical_plans PASSED     [ 32%]
tests/test_queue.py::test_submit_refuses_blocked_plans_and_missing_snapshots PASSED [ 33%]
tests/test_queue.py::test_submit_allows_explicit_duplicates PASSED       [ 35%]
tests/test_queue.py::test_only_one_gpu_lease_can_be_held PASSED          [ 37%]
tests/test_queue.py::test_stale_lease_is_reclaimable_and_recorded PASSED [ 39%]
tests/test_queue.py::test_cpu_environment_refuses_cuda_job_without_execution PASSED [ 41%]
tests/test_queue.py::test_toy_campaign_runs_sequentially_to_success PASSED [ 43%]
tests/test_queue.py::test_changed_live_tree_preserves_frozen_run PASSED  [ 45%]
tests/test_queue.py::test_failed_jobs_keep_evidence_and_stay_terminal PASSED [ 47%]
tests/test_queue.py::test_crash_recovery_requeues_once_when_retries_remain PASSED [ 49%]
tests/test_queue.py::test_crash_without_retries_fails_loudly PASSED      [ 50%]
tests/test_queue.py::test_cancel_stops_a_queued_job_and_a_running_job PASSED [ 52%]
tests/test_queue.py::test_prep_pool_is_bounded_and_ordered PASSED        [ 54%]
tests/test_queue.py::test_status_lists_jobs_with_attempts PASSED         [ 56%]
tests/test_queue.py::test_cli_experiment_plan_reports_blockers PASSED    [ 58%]
tests/test_queue.py::test_cli_campaign_plan_shows_six_mixtures_without_running PASSED [ 60%]
tests/test_queue.py::test_cli_submit_blocks_unauthorized_large_runs PASSED [ 62%]
tests/test_queue.py::test_cli_queue_status_and_cancel PASSED             [ 64%]
tests/test_experiment_plans.py::test_snapshot_round_trip_and_immutability PASSED [ 66%]
tests/test_experiment_plans.py::test_snapshot_refuses_secrets_fail_closed PASSED [ 67%]
tests/test_experiment_plans.py::test_snapshot_missing_tree_is_refused PASSED [ 69%]
tests/test_experiment_plans.py::test_smoke_ticket_covers_only_smoke_scale PASSED [ 71%]
tests/test_experiment_plans.py::test_ticket_binds_one_plan_hash PASSED   [ 73%]
tests/test_experiment_plans.py::test_ticket_round_trip_and_malformed_refusal PASSED [ 75%]
tests/test_experiment_plans.py::test_validate_against_ticket_applies_smoke_caps_by_default PASSED [ 77%]
tests/test_experiment_plans.py::test_resolve_reports_blockers_instead_of_defaults PASSED [ 79%]
tests/test_experiment_plans.py::test_seed_and_source_changes_alter_plan_identity PASSED [ 81%]
tests/test_experiment_plans.py::test_plan_round_trips_through_json PASSED [ 83%]
tests/test_experiment_plans.py::test_budget_beyond_horizon_requires_a_fork PASSED [ 84%]
tests/test_experiment_plans.py::test_extend_plan_budget_forks_with_lineage PASSED [ 86%]
tests/test_experiment_plans.py::test_grid_sweep_counts_and_orders_deterministically PASSED [ 88%]
tests/test_experiment_plans.py::test_random_proposals_are_deterministic_and_valid PASSED [ 90%]
tests/test_experiment_plans.py::test_simplex_proposals_cover_the_lattice PASSED [ 92%]
tests/test_experiment_plans.py::test_explicit_lists_and_diffs PASSED     [ 94%]
tests/test_experiment_plans.py::test_six_mixture_campaign_expands_with_gated_later_rounds PASSED [ 96%]
tests/test_experiment_plans.py::test_selection_unblocks_a_later_round PASSED [ 98%]
tests/test_experiment_plans.py::test_campaign_plan_is_hash_stable_and_budget_gated PASSED [100%]

================================== FAILURES ===================================
____ test_relocated_locked_environment_ignores_editable_hooks_and_bytecode ____

tmp_path = WindowsPath('D:/Project/xlm/data/audit/p23-remediation/stage04/after04/core-tmp/test_relocated_locked_environm0')
monkeypatch = <_pytest.monkeypatch.MonkeyPatch object at 0x0000024E9E34D5B0>

    def test_relocated_locked_environment_ignores_editable_hooks_and_bytecode(
        tmp_path: Path, monkeypatch: pytest.MonkeyPatch
    ) -> None:
        import py_compile
        import subprocess
    
        from xlm.experiments import environment
    
        plan, queue, _, _, snapshot = frozen_fixture(tmp_path)
        venv = tmp_path / "relocated-venv"
        result = subprocess.run(
            ["uv", "sync", "--offline", "--locked", "--extra", "cpu", "--extra", "eval"],
            cwd=ROOT,
            env={**os.environ, "UV_PROJECT_ENVIRONMENT": str(venv)},
            capture_output=True,
            timeout=180,
            check=False,
        )
        assert result.returncode == 0, result.stderr.decode(errors="replace")
        (tmp_path / "uv-sync.log").write_bytes(result.stdout + result.stderr)
        site = venv / ("Lib/site-packages" if os.name == "nt" else "lib/python3.12/site-packages")
        python = venv / ("Scripts/python.exe" if os.name == "nt" else "bin/python")
        # Break any installer hardlink before authoring a private poison hook.
        hook = site / "_editable_impl_xlm.pth"
        hook.unlink(missing_ok=True)
        hook.write_text("import os; os._exit(86)\n", encoding="utf-8")
        poison = site / "xlm"
        poison.mkdir(exist_ok=True)
        (poison / "__init__.py").write_text('raise RuntimeError("wrong installed XLM")\n')
        authored = tmp_path / "bytecode_poison.py"
        authored.write_text('raise RuntimeError("unchecked bytecode executed")\n')
        cache = site / "filelock/__pycache__/__init__.cpython-312.pyc"
        cache.parent.mkdir(exist_ok=True)
        cache.unlink(missing_ok=True)
        py_compile.compile(
            str(authored),
            cfile=str(cache),
            invalidation_mode=py_compile.PycInvalidationMode.UNCHECKED_HASH,
        )
        assert plan.execution_envelope is not None
>       observed = environment.installed_runtime(snapshot / "code/uv.lock", ["cpu"], site)
                   ^^^^^^^^^^^^^^^^^^^^^^^^^^^^^^^^^^^^^^^^^^^^^^^^^^^^^^^^^^^^^^^^^^^^^^^

tests\test_frozen_execution.py:423: 
_ _ _ _ _ _ _ _ _ _ _ _ _ _ _ _ _ _ _ _ _ _ _ _ _ _ _ _ _ _ _ _ _ _ _ _ _ _ _ _

lock = WindowsPath('D:/Project/xlm/data/audit/p23-remediation/stage04/after04/core-tmp/test_relocated_locked_environm0/snapshot/code/uv.lock')
extras = ['cpu']
site = WindowsPath('D:/Project/xlm/data/audit/p23-remediation/stage04/after04/core-tmp/test_relocated_locked_environm0/relocated-venv/Lib/site-packages')

    def installed_runtime(lock: Path, extras: list[str], site: Path | None = None) -> dict[str, Any]:
        """Hash actual installed bytes; no imports of installed packages or network."""
        started = time.monotonic()
        if sorted(extras) not in (["cpu"], ["cpu", "eval"], ["cuda"], ["cuda", "eval"]):
            raise ValueError("execution requires explicit mutually exclusive CPU/CUDA extras")
        site = site or Path(sysconfig.get_paths()["purelib"])
        ensure_plain_path(site)
        if not site.is_dir() or lock.stat().st_size > 8 * 1024**2:
            raise ValueError("offline runtime or bounded lockfile unavailable")
        graph = tomllib.loads(lock.read_text(encoding="utf-8"))
        allowed: dict[str, set[str]] = {}
        for package in graph["package"]:
            name = re.sub(r"[-_.]+", "-", package["name"]).lower()
            allowed.setdefault(name, set()).add(package["version"])
        versions: dict[str, str] = {}
        distributions: dict[str, importlib.metadata.Distribution] = {}
        for distribution in importlib.metadata.distributions(path=[str(site)]):
            name = re.sub(r"[-_.]+", "-", distribution.metadata["Name"]).lower()
            if name == "xlm":
                continue
            if name in versions or distribution.version not in allowed.get(name, set()):
                raise ValueError(f"installed dependency is duplicate or not locked: {name}")
            versions[name] = distribution.version
            distributions[name] = distribution
        required = {"torch", "pydantic", "filelock", "typer", "psutil", "safetensors"}
        if "eval" in extras:
            required.add("lm-eval")
        if not required.issubset(versions):
            raise ValueError(f"missing offline dependencies: {sorted(required - versions.keys())}")
        from packaging.requirements import Requirement
    
        project = tomllib.loads((lock.parent / "pyproject.toml").read_text(encoding="utf-8"))["project"]
        requirements = list(project["dependencies"])
        for extra in extras:
            requirements.extend(project["optional-dependencies"][extra])
        pending_requirements = [(Requirement(item), {""}) for item in requirements]
        checked: set[tuple[str, tuple[str, ...]]] = set()
        while pending_requirements:
            requirement, parent_extras = pending_requirements.pop()
            if requirement.marker and not any(
                requirement.marker.evaluate({"extra": e}) for e in parent_extras
            ):
                continue
            name = re.sub(r"[-_.]+", "-", requirement.name).lower()
            if name not in versions or not requirement.specifier.contains(versions[name]):
                raise ValueError(f"missing/incompatible offline dependency: {requirement}")
            selected_extras = {"", *requirement.extras}
            key = (name, tuple(sorted(selected_extras)))
            if key in checked:
                continue
            checked.add(key)
            pending_requirements.extend(
                (Requirement(item), selected_extras) for item in distributions[name].requires or []
            )
            if len(checked) > 2000 or time.monotonic() - started > 90:
                raise ValueError("offline dependency resolution exceeds bound")
        if ("+cpu" in versions["torch"]) != ("cpu" in extras):
            raise ValueError("installed torch accelerator does not match selected extras")
        pinned_python = lock.parent / ".python-version"
        if (
            not pinned_python.is_file()
            or pinned_python.read_text().strip() != platform.python_version()
        ):
            raise ValueError("actual interpreter does not match frozen Python patch pin")
        files: dict[str, tuple[str, int]] = {}
        pending: list[tuple[Path, int]] = []
        with ThreadPoolExecutor(max_workers=8) as pool:
            for path, file_size in _installed_files(site):
                pending.append((path, file_size))
                if len(pending) == 64:
                    _hash_batch(pending, site, files, pool)
                    pending.clear()
                if time.monotonic() - started > 90:
>                   raise ValueError("installed runtime inventory exceeds time bound")
E                   ValueError: installed runtime inventory exceeds time bound

src\xlm\experiments\environment.py:127: ValueError
- generated xml file: D:\Project\xlm\data\audit\p23-remediation\stage04\after04\core.xml -
=========================== short test summary info ===========================
FAILED tests/test_frozen_execution.py::test_relocated_locked_environment_ignores_editable_hooks_and_bytecode - ValueError: installed runtime inventory exceeds time bound
================== 1 failed, 52 passed in 1582.35s (0:26:22) ==================
