============================= test session starts =============================
platform win32 -- Python 3.12.13, pytest-9.1.1, pluggy-1.6.0 -- D:\Project\xlm\data\audit\p23-remediation\stage01\after01\.venv\Scripts\python.exe
cachedir: .pytest_cache
rootdir: D:\Project\xlm
configfile: pyproject.toml
plugins: anyio-4.15.1, cov-7.1.0
collecting ... collected 1 item

tests/test_prepare_bounds.py::test_child_stdout_and_stderr_are_bounded_and_accounted FAILED [100%]

================================== FAILURES ===================================
___________ test_child_stdout_and_stderr_are_bounded_and_accounted ____________

tmp_path = WindowsPath('D:/Project/xlm/data/audit/p23-remediation/stage04/after04/stab02-tmp/test_child_stdout_and_stderr_a0')

    def test_child_stdout_and_stderr_are_bounded_and_accounted(tmp_path: Path) -> None:
        config = config_for(tmp_path, max_subprocess_output_bytes=1024)
        bounds = PrepareBounds(config, tmp_path / "out", tmp_path / "home")
        with pytest.raises((RuntimeError, ValueError), match="output|transfer"):
            bounds.run(
                [sys.executable, "-c", "import os; os.write(1,b'A'*8192); os.write(2,b'B'*8192)"],
                tmp_path,
                5,
            )
        assert sum(p.stat().st_size for p in bounds.spool.glob("*.log")) <= 1024
        restored = PrepareBounds(config, tmp_path / "out", tmp_path / "home")
>       assert restored.capacity.snapshot()["transferred_bytes"] > 0
E       assert 0 > 0

tests\test_prepare_bounds.py:37: AssertionError
- generated xml file: D:\Project\xlm\data\audit\p23-remediation\stage04\after04\stab02.xml -
=========================== short test summary info ===========================
FAILED tests/test_prepare_bounds.py::test_child_stdout_and_stderr_are_bounded_and_accounted - assert 0 > 0
============================== 1 failed in 1.77s ==============================
