============================= test session starts =============================
platform win32 -- Python 3.12.13, pytest-9.1.1, pluggy-1.6.0 -- D:\Project\xlm-integration\.venv-integration\Scripts\python.exe
cachedir: .pytest_cache
rootdir: D:\Project\xlm-integration
configfile: pyproject.toml
plugins: anyio-4.15.1, cov-7.1.0, xdist-3.8.0
created: 8/8 workers
8 workers [187 items]

scheduling tests via WorkStealingScheduling

tests/test_comparison.py::test_identical_runs_are_eligible_on_every_causal_track 
tests/test_comparison.py::test_promote_refuses_stale_unversioned_comparison 
tests/test_reports.py::test_campaign_and_data_markdown_render 
tests/test_comparison.py::test_promotion_passes_on_material_evidence 
tests/test_eval_inputs.py::test_duplicate_declared_ids_are_rejected_by_the_schema 
tests/test_eval_declared_inputs.py::test_pinned_remote_revisions_remain_blocked_on_the_undeclared_route 
tests/test_eval_coverage.py::test_authored_fixture_scope_is_complete_but_never_research_evidence 
tests/test_eval_suites.py::test_cache_rejects_a_stale_or_foreign_identity 
[gw7] [  0%] PASSED tests/test_reports.py::test_campaign_and_data_markdown_render 
[gw1] [  1%] PASSED tests/test_comparison.py::test_promotion_passes_on_material_evidence 
[gw5] [  1%] PASSED tests/test_eval_coverage.py::test_authored_fixture_scope_is_complete_but_never_research_evidence 
[gw0] [  2%] PASSED tests/test_comparison.py::test_identical_runs_are_eligible_on_every_causal_track 
tests/test_reports.py::test_strip_protected_is_recursive 
[gw7] [  2%] PASSED tests/test_reports.py::test_strip_protected_is_recursive 
tests/test_reports.py::test_cli_report_runs_in_all_formats 
tests/test_comparison.py::test_changed_tokenizer_fails_the_architecture_track 
[gw0] [  3%] PASSED tests/test_comparison.py::test_changed_tokenizer_fails_the_architecture_track 
tests/test_comparison.py::test_byte_matched_tokenizer_track_can_pass 
[gw0] [  3%] PASSED tests/test_comparison.py::test_byte_matched_tokenizer_track_can_pass 
tests/test_comparison.py::test_tokenizer_track_without_matched_evidence_is_ineligible 
tests/test_comparison.py::test_promotion_refuses_ineligible_missing_or_weak_evidence 
[gw1] [  4%] PASSED tests/test_comparison.py::test_promotion_refuses_ineligible_missing_or_weak_evidence 
tests/test_comparison.py::test_material_regression_warns_without_silently_passing 
[gw1] [  4%] PASSED tests/test_comparison.py::test_material_regression_warns_without_silently_passing 
tests/test_eval_coverage.py::test_undeclared_coverage_never_claims_an_expected_population 
[gw5] [  5%] PASSED tests/test_eval_coverage.py::test_undeclared_coverage_never_claims_an_expected_population 
tests/test_eval_coverage.py::test_legacy_coverage_is_not_retroactively_completed 
[gw0] [  5%] PASSED tests/test_comparison.py::test_tokenizer_track_without_matched_evidence_is_ineligible 
[gw5] [  6%] PASSED tests/test_eval_coverage.py::test_legacy_coverage_is_not_retroactively_completed 
tests/test_eval_coverage.py::test_coverage_survives_a_round_trip 
[gw5] [  6%] PASSED tests/test_eval_coverage.py::test_coverage_survives_a_round_trip 
tests/test_eval_coverage.py::test_task_coverage_complete_requires_every_condition 
tests/test_comparison.py::test_gate_thresholds_are_inputs_not_rewritten_by_scores 
[gw1] [  7%] PASSED tests/test_comparison.py::test_gate_thresholds_are_inputs_not_rewritten_by_scores 
tests/test_comparison.py::test_promotion_emits_a_valid_from_scratch_draft 
tests/test_comparison.py::test_unknown_fields_fail_closed 
[gw0] [  8%] PASSED tests/test_comparison.py::test_unknown_fields_fail_closed 
[gw5] [  8%] PASSED tests/test_eval_coverage.py::test_task_coverage_complete_requires_every_condition 
tests/test_comparison.py::test_mismatched_horizons_are_ineligible 
tests/test_eval_coverage.py::test_expected_population_comes_from_the_manifest_alone 
[gw0] [  9%] PASSED tests/test_comparison.py::test_mismatched_horizons_are_ineligible 
[gw6] [  9%] PASSED tests/test_eval_suites.py::test_cache_rejects_a_stale_or_foreign_identity 
tests/test_comparison.py::test_unconstrained_track_labels_differences_without_a_causal_badge 
[gw1] [ 10%] PASSED tests/test_comparison.py::test_promotion_emits_a_valid_from_scratch_draft 
tests/test_eval_suites.py::test_reference_registry_round_trip_and_no_silent_replacement 
tests/test_comparison.py::test_promotion_needs_a_passing_decision_for_drafts 
[gw0] [ 10%] PASSED tests/test_comparison.py::test_unconstrained_track_labels_differences_without_a_causal_badge 
tests/test_comparison.py::test_unknown_track_is_refused 
[gw0] [ 11%] PASSED tests/test_comparison.py::test_unknown_track_is_refused 
tests/test_comparison.py::test_run_facts_assemble_from_evidence_and_plan 
[gw1] [ 11%] PASSED tests/test_comparison.py::test_promotion_needs_a_passing_decision_for_drafts 
tests/test_comparison.py::test_cli_compare_reports_eligible_paired_difference 
[gw0] [ 12%] PASSED tests/test_comparison.py::test_run_facts_assemble_from_evidence_and_plan 
tests/test_comparison.py::test_identical_predictions_give_zero_paired_difference 
[gw0] [ 12%] PASSED tests/test_comparison.py::test_identical_predictions_give_zero_paired_difference 
tests/test_comparison.py::test_known_winner_and_swapped_arms_behave_correctly 
[gw6] [ 13%] PASSED tests/test_eval_suites.py::test_reference_registry_round_trip_and_no_silent_replacement 
tests/test_eval_suites.py::test_model_download_plan_requires_authorization_revision_and_caps 
[gw0] [ 13%] PASSED tests/test_comparison.py::test_known_winner_and_swapped_arms_behave_correctly 
[gw6] [ 14%] PASSED tests/test_eval_suites.py::test_model_download_plan_requires_authorization_revision_and_caps 
tests/test_comparison.py::test_bootstrap_is_deterministic_for_a_fixed_seed 
tests/test_eval_suites.py::test_harness_identity_changes_with_every_component 
[gw5] [ 14%] PASSED tests/test_eval_coverage.py::test_expected_population_comes_from_the_manifest_alone 
tests/test_eval_coverage.py::test_a_manifest_declaring_fewer_tasks_requires_only_those 
[gw6] [ 15%] PASSED tests/test_eval_suites.py::test_harness_identity_changes_with_every_component 
tests/test_eval_suites.py::test_installed_harness_version_matches_the_pin_when_present 
[gw0] [ 16%] PASSED tests/test_comparison.py::test_bootstrap_is_deterministic_for_a_fixed_seed 
[gw6] [ 16%] PASSED tests/test_eval_suites.py::test_installed_harness_version_matches_the_pin_when_present 
tests/test_comparison.py::test_cluster_resampling_counts_clusters_not_items 
tests/test_eval_suites.py::test_harness_identity_to_dict_carries_the_fingerprint 
[gw6] [ 17%] PASSED tests/test_eval_suites.py::test_harness_identity_to_dict_carries_the_fingerprint 
[gw0] [ 17%] PASSED tests/test_comparison.py::test_cluster_resampling_counts_clusters_not_items 
tests/test_eval_suites.py::test_harness_samples_convert_with_lowest_index_tie_break 
tests/test_comparison.py::test_mismatched_ids_and_missing_predictions_invalidate 
[gw5] [ 18%] PASSED tests/test_eval_coverage.py::test_a_manifest_declaring_fewer_tasks_requires_only_those 
tests/test_eval_suites.py::test_official_dataset_pins_are_resolved_and_immutable 
[gw6] [ 18%] PASSED tests/test_eval_suites.py::test_harness_samples_convert_with_lowest_index_tie_break 
[gw0] [ 19%] PASSED tests/test_comparison.py::test_mismatched_ids_and_missing_predictions_invalidate 
tests/test_eval_suites.py::test_incomplete_coverage_error_is_available_for_callers 
tests/test_comparison.py::test_seed_spread_separates_seed_from_item_uncertainty 
[gw6] [ 19%] PASSED tests/test_eval_suites.py::test_incomplete_coverage_error_is_available_for_callers 
tests/test_eval_suites.py::test_reference_registration_measures_parameters_locally 
[gw0] [ 20%] PASSED tests/test_comparison.py::test_seed_spread_separates_seed_from_item_uncertainty 
tests/test_comparison.py::test_suite_bootstrap_computes_index_intervals 
[gw5] [ 20%] PASSED tests/test_eval_suites.py::test_official_dataset_pins_are_resolved_and_immutable 
tests/test_eval_suites.py::test_variants_carry_the_pinned_revision_into_the_task_config 
[gw5] [ 21%] PASSED tests/test_eval_suites.py::test_variants_carry_the_pinned_revision_into_the_task_config 
[gw6] [ 21%] PASSED tests/test_eval_suites.py::test_reference_registration_measures_parameters_locally 
tests/test_eval_suites.py::test_search_and_confirmation_never_reference_final_splits 
tests/test_eval_suites.py::test_cli_final_request_only_writes_a_gated_request 
[gw4] [ 22%] PASSED tests/test_eval_inputs.py::test_duplicate_declared_ids_are_rejected_by_the_schema 
tests/test_eval_inputs.py::test_missing_declared_id_field_is_rejected 
[gw5] [ 22%] PASSED tests/test_eval_suites.py::test_search_and_confirmation_never_reference_final_splits 
tests/test_eval_suites.py::test_final_splits_are_exactly_the_policy_split 
[gw5] [ 23%] PASSED tests/test_eval_suites.py::test_final_splits_are_exactly_the_policy_split 
tests/test_eval_suites.py::test_final_requires_operator_authorization 
[gw0] [ 24%] PASSED tests/test_comparison.py::test_suite_bootstrap_computes_index_intervals 
tests/test_comparison.py::test_suite_bootstrap_rejects_partial_coverage 
[gw0] [ 24%] PASSED tests/test_comparison.py::test_suite_bootstrap_rejects_partial_coverage 
[gw5] [ 25%] PASSED tests/test_eval_suites.py::test_final_requires_operator_authorization 
tests/test_comparison.py::test_suite_bootstrap_macro_averages_blimp_subclusters 
tests/test_eval_suites.py::test_firewall_detects_a_developer_variant_pointing_at_a_final_split 
[gw5] [ 25%] PASSED tests/test_eval_suites.py::test_firewall_detects_a_developer_variant_pointing_at_a_final_split 
tests/test_eval_suites.py::test_blimp_partition_is_whole_disjoint_subdatasets 
[gw5] [ 26%] PASSED tests/test_eval_suites.py::test_blimp_partition_is_whole_disjoint_subdatasets 
tests/test_eval_suites.py::test_blimp_partition_is_deterministic_and_seed_sensitive 
[gw5] [ 26%] PASSED tests/test_eval_suites.py::test_blimp_partition_is_deterministic_and_seed_sensitive 
tests/test_eval_suites.py::test_grouped_partition_keeps_groups_together_and_disjoint 
[gw5] [ 27%] PASSED tests/test_eval_suites.py::test_grouped_partition_keeps_groups_together_and_disjoint 
tests/test_eval_suites.py::test_index_requires_complete_declared_coverage 
[gw5] [ 27%] PASSED tests/test_eval_suites.py::test_index_requires_complete_declared_coverage 
tests/test_eval_suites.py::test_index_matches_the_declared_formula_and_chance_references 
[gw5] [ 28%] PASSED tests/test_eval_suites.py::test_index_matches_the_declared_formula_and_chance_references 
tests/test_eval_suites.py::test_blimp_is_macro_averaged_before_weighting 
[gw5] [ 28%] PASSED tests/test_eval_suites.py::test_blimp_is_macro_averaged_before_weighting 
tests/test_eval_suites.py::test_negative_components_are_not_clipped 
[gw5] [ 29%] PASSED tests/test_eval_suites.py::test_negative_components_are_not_clipped 
tests/test_eval_suites.py::test_zero_scored_items_withhold_the_index 
[gw0] [ 29%] PASSED tests/test_comparison.py::test_suite_bootstrap_macro_averages_blimp_subclusters 
tests/test_comparison.py::test_crossing_interpolates_between_measured_points 
[gw5] [ 30%] PASSED tests/test_eval_suites.py::test_zero_scored_items_withhold_the_index 
tests/test_eval_suites.py::test_final_request_is_frozen_and_hashable 
[gw0] [ 31%] PASSED tests/test_comparison.py::test_crossing_interpolates_between_measured_points 
tests/test_comparison.py::test_unreached_and_out_of_range_targets_are_not_invented 
[gw0] [ 31%] PASSED tests/test_comparison.py::test_unreached_and_out_of_range_targets_are_not_invented 
tests/test_comparison.py::test_teacher_and_auxiliary_costs_are_labeled 
[gw5] [ 32%] PASSED tests/test_eval_suites.py::test_final_request_is_frozen_and_hashable 
tests/test_eval_suites.py::test_task_evidence_counts_omissions_and_truncation 
[gw0] [ 32%] PASSED tests/test_comparison.py::test_teacher_and_auxiliary_costs_are_labeled 
tests/test_comparison.py::test_compute_comparison_requires_both_arms_to_reach 
[gw5] [ 33%] PASSED tests/test_eval_suites.py::test_task_evidence_counts_omissions_and_truncation 
[gw0] [ 33%] PASSED tests/test_comparison.py::test_compute_comparison_requires_both_arms_to_reach 
[gw4] [ 34%] PASSED tests/test_eval_inputs.py::test_missing_declared_id_field_is_rejected 
tests/test_eval_inputs.py::test_missing_declared_label_field_is_rejected 
[gw4] [ 34%] PASSED tests/test_eval_inputs.py::test_missing_declared_label_field_is_rejected 
tests/test_eval_inputs.py::test_absent_artifact_is_rejected 
tests/test_comparison.py::test_malformed_curve_mappings_are_rejected 
tests/test_eval_suites.py::test_evidence_round_trips_deterministically 
[gw0] [ 35%] PASSED tests/test_comparison.py::test_malformed_curve_mappings_are_rejected 
tests/test_eval_declared_inputs.py::test_all_four_tasks_under_a_limit_do_not_produce_an_index 
[gw5] [ 35%] PASSED tests/test_eval_suites.py::test_evidence_round_trips_deterministically 
tests/test_eval_declared_inputs.py::test_a_relabelling_keeps_the_raw_identity_but_invalidates_the_aggregate 
[gw4] [ 36%] PASSED tests/test_eval_inputs.py::test_absent_artifact_is_rejected 
tests/test_eval_inputs.py::test_harness_version_drift_is_rejected 
[gw4] [ 36%] PASSED tests/test_eval_inputs.py::test_harness_version_drift_is_rejected 
tests/test_eval_inputs.py::test_required_subdataset_must_be_selected 
[gw4] [ 37%] PASSED tests/test_eval_inputs.py::test_required_subdataset_must_be_selected 
tests/test_eval_inputs.py::test_manifest_cannot_supply_its_own_task_definitions 
[gw4] [ 37%] PASSED tests/test_eval_inputs.py::test_manifest_cannot_supply_its_own_task_definitions 
tests/test_eval_inputs.py::test_unsupported_manifest_version_is_refused 
[gw3] [ 38%] PASSED tests/test_eval_declared_inputs.py::test_pinned_remote_revisions_remain_blocked_on_the_undeclared_route 
tests/test_eval_declared_inputs.py::test_cli_verify_inputs_only_needs_no_checkpoint 
[gw4] [ 39%] PASSED tests/test_eval_inputs.py::test_unsupported_manifest_version_is_refused 
tests/test_eval_inputs.py::test_selection_cannot_declare_an_empty_population 
[gw4] [ 39%] PASSED tests/test_eval_inputs.py::test_selection_cannot_declare_an_empty_population 
tests/test_eval_inputs.py::test_selection_cannot_select_more_than_its_declared_source 
[gw4] [ 40%] PASSED tests/test_eval_inputs.py::test_selection_cannot_select_more_than_its_declared_source 
tests/test_eval_inputs.py::test_build_reads_membership_from_the_artifact_not_the_operator 
[gw4] [ 40%] PASSED tests/test_eval_inputs.py::test_build_reads_membership_from_the_artifact_not_the_operator 
tests/test_eval_inputs.py::test_subset_scope_is_a_valid_narrower_manifest 
[gw4] [ 41%] PASSED tests/test_eval_inputs.py::test_subset_scope_is_a_valid_narrower_manifest 
tests/test_eval_coverage.py::test_full_coverage_is_complete_and_publishes_the_index 
[gw4] [ 41%] PASSED tests/test_eval_coverage.py::test_full_coverage_is_complete_and_publishes_the_index 
tests/test_eval_coverage.py::test_coverage_is_independent_of_observation_order 
[gw4] [ 42%] PASSED tests/test_eval_coverage.py::test_coverage_is_independent_of_observation_order 
tests/test_eval_coverage.py::test_all_four_tasks_present_but_partially_scored_is_incomplete 
[gw4] [ 42%] PASSED tests/test_eval_coverage.py::test_all_four_tasks_present_but_partially_scored_is_incomplete 
tests/test_eval_coverage.py::test_runtime_limit_smaller_than_the_population_is_flagged_before_results 
[gw4] [ 43%] PASSED tests/test_eval_coverage.py::test_runtime_limit_smaller_than_the_population_is_flagged_before_results 
tests/test_eval_coverage.py::test_a_failed_item_does_not_shrink_the_expected_population 
[gw4] [ 43%] PASSED tests/test_eval_coverage.py::test_a_failed_item_does_not_shrink_the_expected_population 
tests/test_eval_coverage.py::test_a_duplicate_scored_item_cannot_masquerade_as_coverage 
[gw4] [ 44%] PASSED tests/test_eval_coverage.py::test_a_duplicate_scored_item_cannot_masquerade_as_coverage 
tests/test_eval_coverage.py::test_an_unexpected_item_is_reported_not_absorbed 
[gw4] [ 44%] PASSED tests/test_eval_coverage.py::test_an_unexpected_item_is_reported_not_absorbed 
tests/test_eval_coverage.py::test_a_missing_blimp_subdataset_is_incomplete_even_with_enough_items 
[gw4] [ 45%] PASSED tests/test_eval_coverage.py::test_a_missing_blimp_subdataset_is_incomplete_even_with_enough_items 
tests/test_eval_coverage.py::test_a_task_returning_nothing_is_a_missing_task 
[gw4] [ 45%] PASSED tests/test_eval_coverage.py::test_a_task_returning_nothing_is_a_missing_task 
tests/test_eval_coverage.py::test_an_interrupted_run_is_never_complete 
[gw4] [ 46%] PASSED tests/test_eval_coverage.py::test_an_interrupted_run_is_never_complete 
tests/test_eval_coverage.py::test_a_declared_smaller_scope_is_complete_within_itself_only 
[gw4] [ 47%] PASSED tests/test_eval_coverage.py::test_a_declared_smaller_scope_is_complete_within_itself_only 
tests/test_eval_inputs.py::test_digests_are_stable_under_record_reordering 
[gw1] [ 47%] PASSED tests/test_comparison.py::test_cli_compare_reports_eligible_paired_difference 
tests/test_comparison.py::test_cli_compare_refuses_ineligible_tracks_before_any_winner 
[gw6] [ 48%] PASSED tests/test_eval_suites.py::test_cli_final_request_only_writes_a_gated_request 
tests/test_eval_suites.py::test_cli_final_without_authorization_refuses 
[gw4] [ 48%] PASSED tests/test_eval_inputs.py::test_digests_are_stable_under_record_reordering 
tests/test_eval_inputs.py::test_wrong_split_for_the_tier_is_refused 
[gw2] [ 49%] PASSED tests/test_comparison.py::test_promote_refuses_stale_unversioned_comparison 
[gw4] [ 49%] PASSED tests/test_eval_inputs.py::test_wrong_split_for_the_tier_is_refused 
tests/test_eval_declared_inputs.py::test_official_definitions_resolve_their_inherited_configuration 
tests/test_eval_inputs.py::test_hellaswag_final_split_is_refused_at_search 
[gw4] [ 50%] PASSED tests/test_eval_inputs.py::test_hellaswag_final_split_is_refused_at_search 
tests/test_eval_inputs.py::test_final_tier_requires_operator_authorization 
[gw6] [ 50%] PASSED tests/test_eval_suites.py::test_cli_final_without_authorization_refuses 
[gw1] [ 51%] PASSED tests/test_comparison.py::test_cli_compare_refuses_ineligible_tracks_before_any_winner 
tests/test_eval_suites.py::test_cli_unknown_suite_refuses 
tests/test_comparison.py::test_cli_promote_emits_a_valid_draft_on_pass 
[gw4] [ 51%] PASSED tests/test_eval_inputs.py::test_final_tier_requires_operator_authorization 
tests/test_eval_inputs.py::test_requested_tier_must_match_the_manifest 
[gw4] [ 52%] PASSED tests/test_eval_inputs.py::test_requested_tier_must_match_the_manifest 
tests/test_eval_inputs.py::test_isolated_final_exposure_is_refused_for_a_developer_run 
[gw4] [ 52%] PASSED tests/test_eval_inputs.py::test_isolated_final_exposure_is_refused_for_a_developer_run 
tests/test_eval_inputs.py::test_same_length_corruption_is_rejected 
[gw6] [ 53%] PASSED tests/test_eval_suites.py::test_cli_unknown_suite_refuses 
tests/test_reports.py::test_missing_values_are_recorded_never_zero_filled 
[gw4] [ 54%] PASSED tests/test_eval_inputs.py::test_same_length_corruption_is_rejected 
tests/test_eval_inputs.py::test_size_mismatch_is_rejected 
[gw6] [ 54%] PASSED tests/test_reports.py::test_missing_values_are_recorded_never_zero_filled 
tests/test_reports.py::test_protected_keys_and_secrets_are_stripped_at_collection 
[gw6] [ 55%] PASSED tests/test_reports.py::test_protected_keys_and_secrets_are_stripped_at_collection 
tests/test_reports.py::test_evidence_tasks_index_and_partial_labels_land_in_report 
[gw4] [ 55%] PASSED tests/test_eval_inputs.py::test_size_mismatch_is_rejected 
tests/test_eval_inputs.py::test_an_unselected_larger_source_is_not_the_selected_artifact 
[gw6] [ 56%] PASSED tests/test_reports.py::test_evidence_tasks_index_and_partial_labels_land_in_report 
tests/test_reports.py::test_failures_stay_visible_with_attempt_history 
[gw6] [ 56%] PASSED tests/test_reports.py::test_failures_stay_visible_with_attempt_history 
tests/test_reports.py::test_campaign_report_marks_unexecuted_trials 
[gw6] [ 57%] PASSED tests/test_reports.py::test_campaign_report_marks_unexecuted_trials 
tests/test_reports.py::test_data_report_keeps_aggregates_drops_details 
[gw6] [ 57%] PASSED tests/test_reports.py::test_data_report_keeps_aggregates_drops_details 
tests/test_reports.py::test_injection_fixture_is_escaped_everywhere 
[gw6] [ 58%] PASSED tests/test_reports.py::test_injection_fixture_is_escaped_everywhere 
tests/test_reports.py::test_missing_renders_as_na_never_zero 
[gw7] [ 58%] PASSED tests/test_reports.py::test_cli_report_runs_in_all_formats 
tests/test_reports.py::test_cli_report_requires_exactly_one_source 
[gw6] [ 59%] PASSED tests/test_reports.py::test_missing_renders_as_na_never_zero 
tests/test_reports.py::test_failed_runs_render_visibly_not_hidden 
[gw6] [ 59%] PASSED tests/test_reports.py::test_failed_runs_render_visibly_not_hidden 
tests/test_reports.py::test_comparison_violations_and_seeds_are_visible 
[gw6] [ 60%] PASSED tests/test_reports.py::test_comparison_violations_and_seeds_are_visible 
tests/test_reports.py::test_curves_distinguish_raw_from_smoothing 
[gw6] [ 60%] PASSED tests/test_reports.py::test_curves_distinguish_raw_from_smoothing 
tests/test_reports.py::test_html_pages_are_self_contained_and_portable 
[gw6] [ 61%] PASSED tests/test_reports.py::test_html_pages_are_self_contained_and_portable 
tests/test_final_acceptance.py::test_missing_explicit_tokenizer_never_uses_byte_fixture 
[gw6] [ 62%] PASSED tests/test_final_acceptance.py::test_missing_explicit_tokenizer_never_uses_byte_fixture 
tests/test_final_acceptance.py::test_cli_missing_data_is_refused_even_in_dry_run[False] 
[gw1] [ 62%] PASSED tests/test_comparison.py::test_cli_promote_emits_a_valid_draft_on_pass 
tests/test_comparison.py::test_cli_promote_refuses_without_passing_gates 
[gw4] [ 63%] PASSED tests/test_eval_inputs.py::test_an_unselected_larger_source_is_not_the_selected_artifact 
tests/test_eval_inputs.py::test_missing_declared_item_is_rejected 
[gw4] [ 63%] PASSED tests/test_eval_inputs.py::test_missing_declared_item_is_rejected 
tests/test_eval_inputs.py::test_duplicate_records_in_the_artifact_are_rejected 
[gw4] [ 64%] PASSED tests/test_eval_inputs.py::test_duplicate_records_in_the_artifact_are_rejected 
tests/test_comparison.py::test_compare_refuses_duplicate_seed_pair 
[gw6] [ 64%] PASSED tests/test_final_acceptance.py::test_cli_missing_data_is_refused_even_in_dry_run[False] 
tests/test_final_acceptance.py::test_cli_missing_data_is_refused_even_in_dry_run[True] 
[gw7] [ 65%] PASSED tests/test_reports.py::test_cli_report_requires_exactly_one_source 
tests/test_reports.py::test_cli_report_campaign_and_data 
[gw1] [ 65%] PASSED tests/test_comparison.py::test_cli_promote_refuses_without_passing_gates 
tests/test_comparison.py::test_factorial_and_ablation_matrices_emit_plans_only 
[gw6] [ 66%] PASSED tests/test_final_acceptance.py::test_cli_missing_data_is_refused_even_in_dry_run[True] 
tests/test_final_acceptance.py::test_cli_resume_reconstructs_real_settings_and_exact_nonmultiple_budget 
[gw1] [ 66%] PASSED tests/test_comparison.py::test_factorial_and_ablation_matrices_emit_plans_only 
tests/test_comparison.py::test_compare_headline_is_stable_under_argument_permutation 
[gw4] [ 67%] PASSED tests/test_comparison.py::test_compare_refuses_duplicate_seed_pair 
tests/test_comparison.py::test_compare_refuses_cross_pair_population_mismatch 
[gw7] [ 67%] PASSED tests/test_reports.py::test_cli_report_campaign_and_data 
tests/test_reports.py::test_cli_runs_list_empty_and_populated 
[gw4] [ 68%] PASSED tests/test_comparison.py::test_compare_refuses_cross_pair_population_mismatch 
tests/test_comparison.py::test_compare_refuses_ineligible_nonprimary_pair 
[gw1] [ 68%] PASSED tests/test_comparison.py::test_compare_headline_is_stable_under_argument_permutation 
tests/test_comparison.py::test_compare_swapped_arms_negate_the_headline 
[gw4] [ 69%] PASSED tests/test_comparison.py::test_compare_refuses_ineligible_nonprimary_pair 
tests/test_comparison.py::test_compare_refuses_duplicate_input_records 
[gw1] [ 70%] PASSED tests/test_comparison.py::test_compare_swapped_arms_negate_the_headline 
tests/test_comparison.py::test_primary_pair_uses_numeric_seed_order 
[gw4] [ 70%] PASSED tests/test_comparison.py::test_compare_refuses_duplicate_input_records 
tests/test_comparison.py::test_compare_refuses_conflicting_chance_references 
[gw1] [ 71%] PASSED tests/test_comparison.py::test_primary_pair_uses_numeric_seed_order 
tests/test_comparison.py::test_compare_is_deterministic_for_identical_invocations 
[gw4] [ 71%] PASSED tests/test_comparison.py::test_compare_refuses_conflicting_chance_references 
tests/test_comparison.py::test_suite_blimp_draws_retain_repeated_occurrences 
[gw4] [ 72%] PASSED tests/test_comparison.py::test_suite_blimp_draws_retain_repeated_occurrences 
tests/test_comparison.py::test_suite_blimp_unequal_clusters_keep_macro_weighting 
[gw4] [ 72%] PASSED tests/test_comparison.py::test_suite_blimp_unequal_clusters_keep_macro_weighting 
tests/test_eval_declared_inputs.py::test_complete_declared_scope_publishes_a_labelled_index 
[gw1] [ 73%] PASSED tests/test_comparison.py::test_compare_is_deterministic_for_identical_invocations 
tests/test_comparison.py::test_compare_refuses_missing_seed_partner 
[gw7] [ 73%] FAILED tests/test_reports.py::test_cli_runs_list_empty_and_populated 
tests/test_final_acceptance.py::test_prepare_rejects_corrupted_existing_output 
[gw1] [ 74%] PASSED tests/test_comparison.py::test_compare_refuses_missing_seed_partner 
tests/test_eval_inputs.py::test_policy_splits_come_from_the_frozen_suite_definition 
[gw1] [ 74%] PASSED tests/test_eval_inputs.py::test_policy_splits_come_from_the_frozen_suite_definition 
tests/test_eval_inputs.py::test_authored_fixture_manifest_verifies_and_reports_its_scope 
[gw1] [ 75%] PASSED tests/test_eval_inputs.py::test_authored_fixture_manifest_verifies_and_reports_its_scope 
tests/test_eval_inputs.py::test_manifest_id_is_content_identity_not_file_location 
[gw1] [ 75%] PASSED tests/test_eval_inputs.py::test_manifest_id_is_content_identity_not_file_location 
tests/test_eval_inputs.py::test_manifest_id_changes_with_membership 
[gw1] [ 76%] PASSED tests/test_eval_inputs.py::test_manifest_id_changes_with_membership 
tests/test_eval_inputs.py::test_prompt_and_label_digests_are_separate 
[gw1] [ 77%] PASSED tests/test_eval_inputs.py::test_prompt_and_label_digests_are_separate 
tests/test_final_acceptance.py::test_blocked_upstream_blocks_pending_downstream 
[gw1] [ 77%] PASSED tests/test_final_acceptance.py::test_blocked_upstream_blocks_pending_downstream 
tests/test_final_acceptance.py::test_request_budget_counts_attempts_across_restart 
[gw1] [ 78%] PASSED tests/test_final_acceptance.py::test_request_budget_counts_attempts_across_restart 
tests/test_final_acceptance.py::test_seed_pairs_follow_recorded_ids_not_argument_order 
[gw1] [ 78%] PASSED tests/test_final_acceptance.py::test_seed_pairs_follow_recorded_ids_not_argument_order 
tests/test_final_acceptance.py::test_remote_harness_task_is_refused_before_dataset_loading 
[gw1] [ 79%] PASSED tests/test_final_acceptance.py::test_remote_harness_task_is_refused_before_dataset_loading 
tests/test_offline_workflow.py::test_large_campaigns_prepare_without_launching 
[gw3] [ 79%] PASSED tests/test_eval_declared_inputs.py::test_cli_verify_inputs_only_needs_no_checkpoint 
tests/test_eval_declared_inputs.py::test_cli_verify_inputs_only_reports_a_bad_manifest 
[gw7] [ 80%] PASSED tests/test_final_acceptance.py::test_prepare_rejects_corrupted_existing_output 
tests/test_final_acceptance.py::test_prepare_hashes_copy_inputs_and_policy 
[gw1] [ 80%] PASSED tests/test_offline_workflow.py::test_large_campaigns_prepare_without_launching 
tests/test_cli_eval_gen.py::test_cli_demo_complete_vertical_slice_subprocess 
[gw7] [ 81%] PASSED tests/test_final_acceptance.py::test_prepare_hashes_copy_inputs_and_policy 
tests/test_final_acceptance.py::test_failed_check_stops_preparation_and_records_failure 
[gw3] [ 81%] PASSED tests/test_eval_declared_inputs.py::test_cli_verify_inputs_only_reports_a_bad_manifest 
tests/test_eval_declared_inputs.py::test_cli_declared_run_publishes_a_labelled_index 
[gw7] [ 82%] PASSED tests/test_final_acceptance.py::test_failed_check_stops_preparation_and_records_failure 
tests/test_final_acceptance.py::test_prepare_duplicate_yaml_keys_are_rejected 
[gw7] [ 82%] PASSED tests/test_final_acceptance.py::test_prepare_duplicate_yaml_keys_are_rejected 
tests/test_eval_declared_inputs.py::test_binding_refuses_a_few_shot_task 
[gw1] [ 83%] PASSED tests/test_cli_eval_gen.py::test_cli_demo_complete_vertical_slice_subprocess 
tests/test_cli_eval_gen.py::test_cli_evaluate_and_generate_subprocess 
[gw2] [ 83%] PASSED tests/test_eval_declared_inputs.py::test_official_definitions_resolve_their_inherited_configuration 
tests/test_eval_declared_inputs.py::test_binding_rewrites_only_loader_keys 
[gw2] [ 84%] PASSED tests/test_eval_declared_inputs.py::test_binding_rewrites_only_loader_keys 
tests/test_eval_declared_inputs.py::test_binding_refuses_an_unsupported_task_shape 
[gw2] [ 85%] PASSED tests/test_eval_declared_inputs.py::test_binding_refuses_an_unsupported_task_shape 
tests/test_eval_declared_inputs.py::test_results_are_stable_under_input_ordering 
[gw7] [ 85%] PASSED tests/test_eval_declared_inputs.py::test_binding_refuses_a_few_shot_task 
tests/test_eval_declared_inputs.py::test_official_formatting_is_applied_to_authored_records 
[gw0] [ 86%] PASSED tests/test_eval_declared_inputs.py::test_all_four_tasks_under_a_limit_do_not_produce_an_index 
tests/test_eval_declared_inputs.py::test_a_narrower_declared_scope_is_complete_only_within_itself 
[gw4] [ 86%] PASSED tests/test_eval_declared_inputs.py::test_complete_declared_scope_publishes_a_labelled_index 
tests/test_eval_declared_inputs.py::test_complete_fixture_scope_is_never_research_evidence 
[gw4] [ 87%] PASSED tests/test_eval_declared_inputs.py::test_complete_fixture_scope_is_never_research_evidence 
tests/test_eval_declared_inputs.py::test_every_declared_item_is_accounted_for_by_identity 
[gw4] [ 87%] PASSED tests/test_eval_declared_inputs.py::test_every_declared_item_is_accounted_for_by_identity 
tests/test_eval_declared_inputs.py::test_declared_ids_survive_preprocessing 
[gw4] [ 88%] PASSED tests/test_eval_declared_inputs.py::test_declared_ids_survive_preprocessing 
tests/test_eval_declared_inputs.py::test_a_lost_declared_id_is_an_error_not_a_fallback 
[gw4] [ 88%] PASSED tests/test_eval_declared_inputs.py::test_a_lost_declared_id_is_an_error_not_a_fallback 
tests/test_eval_declared_inputs.py::test_legacy_evidence_without_coverage_stays_unverified 
[gw4] [ 89%] PASSED tests/test_eval_declared_inputs.py::test_legacy_evidence_without_coverage_stays_unverified 
tests/test_eval_declared_inputs.py::test_the_undeclared_fixture_route_withholds_the_index 
[gw7] [ 89%] PASSED tests/test_eval_declared_inputs.py::test_official_formatting_is_applied_to_authored_records 
tests/test_eval_declared_inputs.py::test_resolve_metric_handles_the_installed_key_shape 
[gw7] [ 90%] PASSED tests/test_eval_declared_inputs.py::test_resolve_metric_handles_the_installed_key_shape 
tests/test_offline_workflow.py::test_prepare_restart_reuses_verified_acquisition 
[gw0] [ 90%] PASSED tests/test_eval_declared_inputs.py::test_a_narrower_declared_scope_is_complete_only_within_itself 
tests/test_eval_declared_inputs.py::test_a_missing_item_in_the_artifact_is_refused_before_execution 
[gw0] [ 91%] PASSED tests/test_eval_declared_inputs.py::test_a_missing_item_in_the_artifact_is_refused_before_execution 
tests/test_eval_declared_inputs.py::test_cli_requires_a_checkpoint_to_evaluate 
[gw2] [ 91%] PASSED tests/test_eval_declared_inputs.py::test_results_are_stable_under_input_ordering 
tests/test_eval_declared_inputs.py::test_identical_request_reuses_the_cached_aggregate 
[gw5] [ 92%] PASSED tests/test_eval_declared_inputs.py::test_a_relabelling_keeps_the_raw_identity_but_invalidates_the_aggregate 
tests/test_eval_declared_inputs.py::test_a_changed_prompt_changes_the_raw_identity 
[gw0] [ 93%] PASSED tests/test_eval_declared_inputs.py::test_cli_requires_a_checkpoint_to_evaluate 
tests/test_eval_declared_inputs.py::test_a_changed_runtime_limit_changes_both_identities 
[gw2] [ 93%] PASSED tests/test_eval_declared_inputs.py::test_identical_request_reuses_the_cached_aggregate 
[gw5] [ 94%] PASSED tests/test_eval_declared_inputs.py::test_a_changed_prompt_changes_the_raw_identity 
[gw0] [ 94%] PASSED tests/test_eval_declared_inputs.py::test_a_changed_runtime_limit_changes_both_identities 
[gw4] [ 95%] PASSED tests/test_eval_declared_inputs.py::test_the_undeclared_fixture_route_withholds_the_index 
tests/test_eval_declared_inputs.py::test_cli_refuses_to_mix_declared_inputs_with_task_overrides 
[gw3] [ 95%] PASSED tests/test_eval_declared_inputs.py::test_cli_declared_run_publishes_a_labelled_index 
tests/test_eval_declared_inputs.py::test_cli_declared_run_under_a_limit_withholds_the_index 
[gw4] [ 96%] PASSED tests/test_eval_declared_inputs.py::test_cli_refuses_to_mix_declared_inputs_with_task_overrides 
[gw7] [ 96%] PASSED tests/test_offline_workflow.py::test_prepare_restart_reuses_verified_acquisition 
tests/test_offline_workflow.py::test_each_dimension_uses_its_intended_interface 
[gw7] [ 97%] PASSED tests/test_offline_workflow.py::test_each_dimension_uses_its_intended_interface 
[gw1] [ 97%] PASSED tests/test_cli_eval_gen.py::test_cli_evaluate_and_generate_subprocess 
tests/test_eval_declared_inputs.py::test_a_changed_checkpoint_changes_the_raw_identity 
[gw6] [ 98%] PASSED tests/test_final_acceptance.py::test_cli_resume_reconstructs_real_settings_and_exact_nonmultiple_budget 
tests/test_offline_workflow.py::test_offline_workflow_from_clean_environment 
[gw1] [ 98%] PASSED tests/test_eval_declared_inputs.py::test_a_changed_checkpoint_changes_the_raw_identity 
[gw3] [ 99%] PASSED tests/test_eval_declared_inputs.py::test_cli_declared_run_under_a_limit_withholds_the_index 
[gw6] [100%] FAILED tests/test_offline_workflow.py::test_offline_workflow_from_clean_environment 

================================== FAILURES ===================================
___________________ test_cli_runs_list_empty_and_populated ____________________
[gw7] win32 -- Python 3.12.13 D:\Project\xlm-integration\.venv-integration\Scripts\python.exe

tmp_path = WindowsPath('D:/Project/xlm-integration/data/audit/p23-remediation/stage05/d08/accept-xdist-tmp/popen-gw7/test_cli_runs_list_empty_and_p0')
monkeypatch = <_pytest.monkeypatch.MonkeyPatch object at 0x0000028E075CDD90>

    def test_cli_runs_list_empty_and_populated(tmp_path: Path, monkeypatch: pytest.MonkeyPatch) -> None:
        from xlm.artifacts.ledger import RunLedger
        from xlm.core.paths import ArtifactPaths
        from xlm.experiments.plans import ExecutablePlan
        from xlm.experiments.queue import ExperimentQueue
        from xlm.experiments.snapshot import CodeSnapshot
    
        empty = _invoke(["runs", "list"], monkeypatch, tmp_path)
        assert empty.exit_code == 0 and "No runs recorded" in empty.output
    
        paths = ArtifactPaths(root=tmp_path / "home")
        ledger = RunLedger(paths.ledger / "ledger.sqlite")
        queue = ExperimentQueue(ledger, paths)
        snapshot = CodeSnapshot("1", "abc", None, [], {}, 0, "")
        snap_dir = tmp_path / "snap"
        snap_dir.mkdir()
        (snap_dir / "manifest.json").write_text(json.dumps(snapshot.to_dict()), encoding="utf-8")
        plan = ExecutablePlan(
            plan_version="1",
            plan_id="plan_x",
            plan_hash="h" * 32,
            draft_id="d",
            track="baseline",
            horizon_kind="standalone",
            resolved_config={},
            code_snapshot=snapshot,
            dependency_hash="dep",
            seeds={"init_seed": 1, "data_seed": 2},
            budget_valid_targets=10,
            budget_max_seconds=None,
            estimated_new_disk_gib=None,
            gpu_processes=1,
            evaluation_tier="search",
            checkpoint_every_valid_targets=10,
            evaluation_every_valid_targets=10,
            exposure={},
            cost_estimate={},
            storage_estimate_gib=None,
            blockers=[],
        )
        plan_path = tmp_path / "plan.json"
        plan.save(plan_path)
>       job_id, _ = queue.submit(plan, plan_path, snap_dir, "cpu", authorization_token="t")
                    ^^^^^^^^^^^^^^^^^^^^^^^^^^^^^^^^^^^^^^^^^^^^^^^^^^^^^^^^^^^^^^^^^^^^^^^

tests\test_reports.py:437: 
_ _ _ _ _ _ _ _ _ _ _ _ _ _ _ _ _ _ _ _ _ _ _ _ _ _ _ _ _ _ _ _ _ _ _ _ _ _ _ _
src\xlm\experiments\queue.py:374: in submit
    plan.validate_identity()
_ _ _ _ _ _ _ _ _ _ _ _ _ _ _ _ _ _ _ _ _ _ _ _ _ _ _ _ _ _ _ _ _ _ _ _ _ _ _ _

self = ExecutablePlan(plan_version='1', plan_id='plan_x', plan_hash='hhhhhhhhhhhhhhhhhhhhhhhhhhhhhhhh', draft_id='d', track='... storage_estimate_gib=None, blockers=[], parent_plan_id=None, fork_reason=None, created_at='', execution_envelope=None)

    def validate_identity(self) -> None:
        from xlm.artifacts.manifest import identity_digest
    
        if self.plan_version != "2" or self.execution_envelope is None:
>           raise PlanError("legacy/unfrozen plan cannot execute; resolve a new frozen plan")
E           xlm.experiments.plans.PlanError: legacy/unfrozen plan cannot execute; resolve a new frozen plan

src\xlm\experiments\plans.py:121: PlanError
________________ test_offline_workflow_from_clean_environment _________________
[gw6] win32 -- Python 3.12.13 D:\Project\xlm-integration\.venv-integration\Scripts\python.exe

tmp_path = WindowsPath('D:/Project/xlm-integration/data/audit/p23-remediation/stage05/d08/accept-xdist-tmp/popen-gw6/test_offline_workflow_from_cle0')

    def test_offline_workflow_from_clean_environment(tmp_path: Path) -> None:
        """prepare -> train -> evaluate -> compare -> export, all from scratch."""
        home = tmp_path / "home"
        work = tmp_path / "work"
        work.mkdir()
        cwd = tmp_path / "cwd"
        cwd.mkdir()
        out_root = tmp_path / "prepared"
    
        prepared = _run(
            [
                "prepare",
                "--config",
                str(REPO_ROOT / "recipes/prepare/offline_toy.yaml"),
                "--authorize",
                "--define",
                f"output_root={out_root}",
            ],
            home,
            cwd,
        )
        assert prepared.returncode == 0, prepared.stderr[-2000:]
        assert (out_root / "mixture_plan.json").is_file()
    
        plan_path = work / "plan.json"
        _tiny_plan(plan_path)
        # P23: train the shard actually prepared above; the old test trained an
        # unrelated implicit synthetic stream and could not prove pipeline wiring.
        training_plan = json.loads(plan_path.read_text(encoding="utf-8"))
        from xlm.tokenizers.bpe import ByteLevelBPETokenizer
    
        tokenizer = ByteLevelBPETokenizer.load(out_root / "regime/tokenizer")
        training_plan["model"]["vocab_size"] = tokenizer.vocab_size
        training_plan["data"] = {
            "pool_artifact": str(out_root / "shards/fixture_cleaning"),
            "tokenizer_artifact": str(out_root / "regime/tokenizer"),
        }
        training_plan["training"]["budget"]["max_valid_targets"] = 257
        training_plan["training"]["schedule"]["horizon_valid_targets"] = 257
        training_plan["training"]["checkpoint_every_valid_targets"] = 128
        plan_path.write_text(json.dumps(training_plan), encoding="utf-8")
        trained = _run(["train", str(plan_path), "--device", "cpu"], home, cwd)
        assert trained.returncode == 0, trained.stderr[-2000:]
        assert "Training Run Complete" in trained.stdout
    
        checkpoints = sorted((home / "checkpoints").glob("run_toy_flow_final"))
        assert checkpoints, "final checkpoint missing"
        checkpoint = checkpoints[0]
        # Resume a committed intermediate checkpoint with its real shard and settings.
        resumed_home = tmp_path / "resumed_home"
        resumed = _run(
            ["resume", str(home / "checkpoints/run_toy_flow_step_2_ckpt"), "--budget", "257"],
            resumed_home,
            cwd,
        )
        assert resumed.returncode == 0, resumed.stderr[-2000:]
        resumed_checkpoint = resumed_home / "checkpoints/run_toy_flow_final"
        import torch
    
        reference_weights = torch.load(checkpoint / "model.pt", weights_only=True)
        resumed_weights = torch.load(resumed_checkpoint / "model.pt", weights_only=True)
        assert all(torch.equal(reference_weights[k], resumed_weights[k]) for k in reference_weights)
        assert (
            json.loads((resumed_checkpoint / "checkpoint_meta.json").read_text())[
                "committed_valid_targets"
            ]
            == 257
        )
    
        evaluated = _run(
            [
                "evaluate",
                str(checkpoint),
                "--suite",
                "synthetic_mc",
                "--device",
                "cpu",
                "--json",
                "--tokenizer",
                str(out_root / "regime/tokenizer"),
            ],
            home,
            cwd,
        )
        assert evaluated.returncode == 0, evaluated.stderr[-2000:]
        receipts = json.loads(evaluated.stdout)
        assert isinstance(receipts, list) and receipts
    
        base_evidence = _synthetic_evidence(work / "base.json", "fp_base", True)
        cand_evidence = _synthetic_evidence(work / "cand.json", "fp_cand", False)
        plan_a = work / "plan_a.json"
        plan_b = work / "plan_b.json"
        _comparison_plan(plan_a, "plan_a")
        _comparison_plan(plan_b, "plan_b")
        facts = work / "facts.json"
        facts.write_text(
            json.dumps(
                {
                    "total_params": 1000,
                    "canonical_bytes": 500,
                    "matched_bytes": None,
                    "matched_compute": None,
                    "measured_compute_seconds": 1.0,
                }
            ),
            encoding="utf-8",
        )
        clusters = work / "clusters.json"
        clusters.write_text(
            json.dumps({f"blimp:blimp_{i}": f"blimp_sub_{i % 2}" for i in range(6)}),
            encoding="utf-8",
        )
        compared = _run(
            [
                "compare",
                "--baseline",
                str(base_evidence),
                "--candidate",
                str(cand_evidence),
                "--plan-baseline",
                str(plan_a),
                "--plan-candidate",
                str(plan_b),
                "--track",
                "data-mixture",
                "--facts-baseline",
                str(facts),
                "--facts-candidate",
                str(facts),
                "--clusters",
                str(clusters),
                "--n-bootstrap",
                "100",
                "--output",
                str(work / "comparison.json"),
            ],
            home,
            cwd,
        )
>       assert compared.returncode == 0, compared.stderr[-2000:] + compared.stdout[-2000:]
E       AssertionError: <frozen runpy>:128: RuntimeWarning: 'xlm.cli.main' found in sys.modules after import of package 'xlm.cli', but prior to execution of 'xlm.cli.main'; this may result in unpredictable behaviour
E         Error: invalid paired analysis: multi-seed evidence requires recorded training_seeds (init_seed/data_seed)
E         
E       assert 1 == 0
E        +  where 1 = CompletedProcess(args=['D:\\Project\\xlm-integration\\.venv-integration\\Scripts\\python.exe', '-m', 'xlm.cli.main', 'compare', '--baseline', 'D:\\Project\\xlm-integration\\data\\audit\\p23-remediation\\stage05\\d08\\accept-xdist-tmp\\popen-gw6\\test_offline_workflow_from_cle0\\work\\base.json', '--candidate', 'D:\\Project\\xlm-integration\\data\\audit\\p23-remediation\\stage05\\d08\\accept-xdist-tmp\\popen-gw6\\test_offline_workflow_from_cle0\\work\\cand.json', '--plan-baseline', 'D:\\Project\\xlm-integration\\data\\audit\\p23-remediation\\stage05\\d08\\accept-xdist-tmp\\popen-gw6\\test_offline_workflow_from_cle0\\work\\plan_a.json', '--plan-candidate', 'D:\\Project\\xlm-integration\\data\\audit\\p23-remediation\\stage05\\d08\\accept-xdist-tmp\\popen-gw6\\test_offline_workflow_from_cle0\\work\\plan_b.json', '--track', 'data-mixture', '--facts-baseline', 'D:\\Project\\xlm-integration\\data\\audit\\p23-remediation\\stage05\\d08\\accept-xdist-tmp\\popen-gw6\\test_offline_workflow_from_cle0\\work\\facts.json', '--facts-candidate', 'D:\\Project\\xlm-integration\\data\\audit\\p23-remediation\\stage05\\d08\\accept-xdist-tmp\\popen-gw6\\test_offline_workflow_from_cle0\\work\\facts.json', '--clusters', 'D:\\Project\\xlm-integration\\data\\audit\\p23-remediation\\stage05\\d08\\accept-xdist-tmp\\popen-gw6\\test_offline_workflow_from_cle0\\work\\clusters.json', '--n-bootstrap', '100', '--output', 'D:\\Project\\xlm-integration\\data\\audit\\p23-remediation\\stage05\\d08\\accept-xdist-tmp\\popen-gw6\\test_offline_workflow_from_cle0\\work\\comparison.json'], returncode=1, stdout='', stderr="<frozen runpy>:128: RuntimeWarning: 'xlm.cli.main' found in sys.modules after import of package 'xlm.cli', but prior to execution of 'xlm.cli.main'; this may result in unpredictable behaviour\nError: invalid paired analysis: multi-seed evidence requires recorded training_seeds (init_seed/data_seed)\n").returncode

tests\test_offline_workflow.py:211: AssertionError
- generated xml file: D:\Project\xlm-integration\data\audit\p23-remediation\stage05\d08\accept-xdist.xml -
============================ slowest 10 durations =============================
230.27s call     tests/test_offline_workflow.py::test_offline_workflow_from_clean_environment
171.28s call     tests/test_final_acceptance.py::test_cli_resume_reconstructs_real_settings_and_exact_nonmultiple_budget
126.44s call     tests/test_cli_eval_gen.py::test_cli_evaluate_and_generate_subprocess
98.03s call     tests/test_eval_declared_inputs.py::test_cli_declared_run_under_a_limit_withholds_the_index
95.30s call     tests/test_eval_declared_inputs.py::test_cli_declared_run_publishes_a_labelled_index
88.43s call     tests/test_offline_workflow.py::test_prepare_restart_reuses_verified_acquisition
55.33s call     tests/test_eval_declared_inputs.py::test_cli_refuses_to_mix_declared_inputs_with_task_overrides
50.38s call     tests/test_eval_declared_inputs.py::test_a_relabelling_keeps_the_raw_identity_but_invalidates_the_aggregate
39.58s call     tests/test_eval_declared_inputs.py::test_a_changed_checkpoint_changes_the_raw_identity
38.61s call     tests/test_eval_declared_inputs.py::test_all_four_tasks_under_a_limit_do_not_produce_an_index
=========================== short test summary info ===========================
FAILED tests/test_reports.py::test_cli_runs_list_empty_and_populated - xlm.experiments.plans.PlanError: legacy/unfrozen plan cannot execute; resolve a new frozen plan
FAILED tests/test_offline_workflow.py::test_offline_workflow_from_clean_environment - AssertionError: <frozen runpy>:128: RuntimeWarning: 'xlm.cli.main' found in sys.modules after import of package 'xlm.cli', but prior to execution of 'xlm.cli.main'; this may result in unpredictable behaviour
  Error: invalid paired analysis: multi-seed evidence requires recorded training_seeds (init_seed/data_seed)
  
assert 1 == 0
 +  where 1 = CompletedProcess(args=['D:\\Project\\xlm-integration\\.venv-integration\\Scripts\\python.exe', '-m', 'xlm.cli.main', 'compare', '--baseline', 'D:\\Project\\xlm-integration\\data\\audit\\p23-remediation\\stage05\\d08\\accept-xdist-tmp\\popen-gw6\\test_offline_workflow_from_cle0\\work\\base.json', '--candidate', 'D:\\Project\\xlm-integration\\data\\audit\\p23-remediation\\stage05\\d08\\accept-xdist-tmp\\popen-gw6\\test_offline_workflow_from_cle0\\work\\cand.json', '--plan-baseline', 'D:\\Project\\xlm-integration\\data\\audit\\p23-remediation\\stage05\\d08\\accept-xdist-tmp\\popen-gw6\\test_offline_workflow_from_cle0\\work\\plan_a.json', '--plan-candidate', 'D:\\Project\\xlm-integration\\data\\audit\\p23-remediation\\stage05\\d08\\accept-xdist-tmp\\popen-gw6\\test_offline_workflow_from_cle0\\work\\plan_b.json', '--track', 'data-mixture', '--facts-baseline', 'D:\\Project\\xlm-integration\\data\\audit\\p23-remediation\\stage05\\d08\\accept-xdist-tmp\\popen-gw6\\test_offline_workflow_from_cle0\\work\\facts.json', '--facts-candidate', 'D:\\Project\\xlm-integration\\data\\audit\\p23-remediation\\stage05\\d08\\accept-xdist-tmp\\popen-gw6\\test_offline_workflow_from_cle0\\work\\facts.json', '--clusters', 'D:\\Project\\xlm-integration\\data\\audit\\p23-remediation\\stage05\\d08\\accept-xdist-tmp\\popen-gw6\\test_offline_workflow_from_cle0\\work\\clusters.json', '--n-bootstrap', '100', '--output', 'D:\\Project\\xlm-integration\\data\\audit\\p23-remediation\\stage05\\d08\\accept-xdist-tmp\\popen-gw6\\test_offline_workflow_from_cle0\\work\\comparison.json'], returncode=1, stdout='', stderr="<frozen runpy>:128: RuntimeWarning: 'xlm.cli.main' found in sys.modules after import of package 'xlm.cli', but prior to execution of 'xlm.cli.main'; this may result in unpredictable behaviour\nError: invalid paired analysis: multi-seed evidence requires recorded training_seeds (init_seed/data_seed)\n").returncode
================== 2 failed, 185 passed in 411.79s (0:06:51) ==================
