============================= test session starts =============================
platform win32 -- Python 3.12.13, pytest-9.1.1, pluggy-1.6.0 -- D:\Project\xlm-final-integration\.venv-final\Scripts\python.exe
cachedir: .pytest_cache
rootdir: D:\Project\xlm-final-integration
configfile: pyproject.toml
plugins: anyio-4.15.1, cov-7.1.0, xdist-3.8.0
collecting ... collected 166 items / 2 deselected / 164 selected

tests/test_artifacts.py::test_atomic_publication_and_verification PASSED [  0%]
tests/test_artifacts.py::test_idempotent_publication_and_conflict_rejection PASSED [  1%]
tests/test_artifacts.py::test_corrupt_artifact_rejection PASSED          [  1%]
tests/test_artifacts.py::test_interrupted_artifact_rejection PASSED      [  2%]
tests/test_artifacts.py::test_path_traversal_rejection PASSED            [  3%]
tests/test_artifacts.py::test_concurrent_writer_lock_contention PASSED   [  3%]
tests/test_artifacts.py::test_resolved_containment_is_existence_independent PASSED [  4%]
tests/test_artifacts.py::test_artifact_lineage_round_trip PASSED         [  4%]
tests/test_artifacts.py::test_cli_artifact_commands PASSED               [  5%]
tests/test_artifacts.py::test_artifact_lookup_by_id_covers_newly_introduced_kinds PASSED [  6%]
tests/test_artifacts.py::test_artifact_lookup_ignores_internal_store_directories PASSED [  6%]
tests/test_artifact_identity.py::test_identical_request_reuses_unchanged_artifact PASSED [  7%]
tests/test_artifact_identity.py::test_conflicting_request_must_fail_and_preserve_original[payload] PASSED [  7%]
tests/test_artifact_identity.py::test_conflicting_request_must_fail_and_preserve_original[producer] PASSED [  8%]
tests/test_artifact_identity.py::test_conflicting_request_must_fail_and_preserve_original[dependency] PASSED [  9%]
tests/test_artifact_identity.py::test_conflicting_request_must_fail_and_preserve_original[lineage] PASSED [  9%]
tests/test_artifact_identity.py::test_publication_must_not_replace_an_incomplete_existing_directory PASSED [ 10%]
tests/test_artifact_identity.py::test_cosmetics_reuse_without_touching_original_and_keys_are_separate PASSED [ 10%]
tests/test_artifact_identity.py::test_behavioral_metadata_and_serializer_changes_conflict[seed] PASSED [ 11%]
tests/test_artifact_identity.py::test_behavioral_metadata_and_serializer_changes_conflict[timestamp] PASSED [ 12%]
tests/test_artifact_identity.py::test_behavioral_metadata_and_serializer_changes_conflict[serializer_version] PASSED [ 12%]
tests/test_artifact_identity.py::test_damaged_existing_destination_is_never_repaired[payload] PASSED [ 13%]
tests/test_artifact_identity.py::test_damaged_existing_destination_is_never_repaired[identity] PASSED [ 14%]
tests/test_artifact_identity.py::test_damaged_existing_destination_is_never_repaired[incomplete] PASSED [ 14%]
tests/test_artifact_identity.py::test_damaged_existing_destination_is_never_repaired[extra_file] PASSED [ 15%]
tests/test_artifact_identity.py::test_legacy_integrity_is_not_automatic_equivalent_reuse PASSED [ 15%]
tests/test_artifact_identity.py::test_verified_input_manifest_fingerprint_is_bound_and_checked PASSED [ 16%]
tests/test_artifact_identity.py::test_invalid_identifiers_fail_before_store_creation[../escape-artifact_id] PASSED [ 17%]
tests/test_artifact_identity.py::test_invalid_identifiers_fail_before_store_creation[../escape-kind] PASSED [ 17%]
tests/test_artifact_identity.py::test_invalid_identifiers_fail_before_store_creation[..\\escape-artifact_id] PASSED [ 18%]
tests/test_artifact_identity.py::test_invalid_identifiers_fail_before_store_creation[..\\escape-kind] PASSED [ 18%]
tests/test_artifact_identity.py::test_invalid_identifiers_fail_before_store_creation[/absolute-artifact_id] PASSED [ 19%]
tests/test_artifact_identity.py::test_invalid_identifiers_fail_before_store_creation[/absolute-kind] PASSED [ 20%]
tests/test_artifact_identity.py::test_invalid_identifiers_fail_before_store_creation[C:\\absolute-artifact_id] PASSED [ 20%]
tests/test_artifact_identity.py::test_invalid_identifiers_fail_before_store_creation[C:\\absolute-kind] PASSED [ 21%]
tests/test_artifact_identity.py::test_invalid_identifiers_fail_before_store_creation[C:relative-artifact_id] PASSED [ 21%]
tests/test_artifact_identity.py::test_invalid_identifiers_fail_before_store_creation[C:relative-kind] PASSED [ 22%]
tests/test_artifact_identity.py::test_invalid_identifiers_fail_before_store_creation[\\\\server\\share-artifact_id] PASSED [ 23%]
tests/test_artifact_identity.py::test_invalid_identifiers_fail_before_store_creation[\\\\server\\share-kind] PASSED [ 23%]
tests/test_artifact_identity.py::test_invalid_identifiers_fail_before_store_creation[con-artifact_id] PASSED [ 24%]
tests/test_artifact_identity.py::test_invalid_identifiers_fail_before_store_creation[con-kind] PASSED [ 25%]
tests/test_artifact_identity.py::test_invalid_identifiers_fail_before_store_creation[NUL.txt-artifact_id] PASSED [ 25%]
tests/test_artifact_identity.py::test_invalid_identifiers_fail_before_store_creation[NUL.txt-kind] PASSED [ 26%]
tests/test_artifact_identity.py::test_invalid_identifiers_fail_before_store_creation[com\xb9-artifact_id] PASSED [ 26%]
tests/test_artifact_identity.py::test_invalid_identifiers_fail_before_store_creation[com\xb9-kind] PASSED [ 27%]
tests/test_artifact_identity.py::test_invalid_identifiers_fail_before_store_creation[name.-artifact_id] PASSED [ 28%]
tests/test_artifact_identity.py::test_invalid_identifiers_fail_before_store_creation[name.-kind] PASSED [ 28%]
tests/test_artifact_identity.py::test_invalid_identifiers_fail_before_store_creation[name -artifact_id] PASSED [ 29%]
tests/test_artifact_identity.py::test_invalid_identifiers_fail_before_store_creation[name -kind] PASSED [ 29%]
tests/test_artifact_identity.py::test_invalid_identifiers_fail_before_store_creation[a:b-artifact_id] PASSED [ 30%]
tests/test_artifact_identity.py::test_invalid_identifiers_fail_before_store_creation[a:b-kind] PASSED [ 31%]
tests/test_artifact_identity.py::test_invalid_identifiers_fail_before_store_creation[.locks-artifact_id] PASSED [ 31%]
tests/test_artifact_identity.py::test_invalid_identifiers_fail_before_store_creation[.locks-kind] PASSED [ 32%]
tests/test_artifact_identity.py::test_invalid_identifiers_fail_before_store_creation[-artifact_id] PASSED [ 32%]
tests/test_artifact_identity.py::test_invalid_identifiers_fail_before_store_creation[-kind] PASSED [ 33%]
tests/test_artifact_identity.py::test_payload_escape_marker_injection_and_collisions_have_no_side_effects[names0] PASSED [ 34%]
tests/test_artifact_identity.py::test_payload_escape_marker_injection_and_collisions_have_no_side_effects[names1] PASSED [ 34%]
tests/test_artifact_identity.py::test_payload_escape_marker_injection_and_collisions_have_no_side_effects[names2] PASSED [ 35%]
tests/test_artifact_identity.py::test_payload_escape_marker_injection_and_collisions_have_no_side_effects[names3] PASSED [ 35%]
tests/test_artifact_identity.py::test_payload_escape_marker_injection_and_collisions_have_no_side_effects[names4] PASSED [ 36%]
tests/test_artifact_identity.py::test_payload_escape_marker_injection_and_collisions_have_no_side_effects[names5] PASSED [ 37%]
tests/test_artifact_identity.py::test_payload_escape_marker_injection_and_collisions_have_no_side_effects[names6] PASSED [ 37%]
tests/test_artifact_identity.py::test_payload_escape_marker_injection_and_collisions_have_no_side_effects[names7] PASSED [ 38%]
tests/test_artifact_identity.py::test_payload_escape_marker_injection_and_collisions_have_no_side_effects[names8] PASSED [ 39%]
tests/test_artifact_identity.py::test_payload_escape_marker_injection_and_collisions_have_no_side_effects[names9] PASSED [ 39%]
tests/test_artifact_identity.py::test_payload_escape_marker_injection_and_collisions_have_no_side_effects[names10] PASSED [ 40%]
tests/test_artifact_identity.py::test_payload_escape_marker_injection_and_collisions_have_no_side_effects[names11] PASSED [ 40%]
tests/test_artifact_identity.py::test_payload_escape_marker_injection_and_collisions_have_no_side_effects[names12] PASSED [ 41%]
tests/test_artifact_identity.py::test_payload_escape_marker_injection_and_collisions_have_no_side_effects[names13] PASSED [ 42%]
tests/test_artifact_identity.py::test_payload_escape_marker_injection_and_collisions_have_no_side_effects[names14] PASSED [ 42%]
tests/test_artifact_identity.py::test_payload_escape_marker_injection_and_collisions_have_no_side_effects[names15] PASSED [ 43%]
tests/test_artifact_identity.py::test_payload_escape_marker_injection_and_collisions_have_no_side_effects[names16] PASSED [ 43%]
tests/test_artifact_identity.py::test_payload_escape_marker_injection_and_collisions_have_no_side_effects[names17] PASSED [ 44%]
tests/test_artifact_identity.py::test_payload_escape_marker_injection_and_collisions_have_no_side_effects[names18] PASSED [ 45%]
tests/test_artifact_identity.py::test_streaming_limits_preserve_foreign_staging PASSED [ 45%]
tests/test_artifact_identity.py::test_existing_junction_cannot_redirect_publication[kind] PASSED [ 46%]
tests/test_artifact_identity.py::test_existing_junction_cannot_redirect_publication[staging] PASSED [ 46%]
tests/test_artifact_identity.py::test_existing_junction_cannot_redirect_publication[locks] PASSED [ 47%]
tests/test_artifact_identity.py::test_existing_junction_cannot_redirect_publication[payload] PASSED [ 48%]
tests/test_artifact_identity.py::test_actual_public_cli_current_and_legacy_artifacts PASSED [ 48%]
tests/test_artifact_identity.py::test_json_types_are_part_of_request_identity[1-True] PASSED [ 49%]
tests/test_artifact_identity.py::test_json_types_are_part_of_request_identity[1-1.0] PASSED [ 50%]
tests/test_artifact_identity.py::test_verification_is_bounded_and_unresolved_lineage_is_explicit PASSED [ 50%]
tests/test_artifact_identity.py::test_internal_kind_rejected_before_side_effects[ledger] PASSED [ 51%]
tests/test_artifact_identity.py::test_internal_kind_rejected_before_side_effects[runs] PASSED [ 51%]
tests/test_artifact_identity.py::test_internal_kind_rejected_before_side_effects[TMP] PASSED [ 52%]
tests/test_artifact_identity.py::test_path_alias_and_ambiguous_cli_lookup_are_refused PASSED [ 53%]
tests/test_ledger.py::test_ledger_initialization_and_run_state_transitions PASSED [ 53%]
tests/test_ledger.py::test_stale_authorization_rejection PASSED          [ 54%]
tests/test_ledger.py::test_rebuild_from_filesystem PASSED                [ 54%]
tests/test_ledger.py::test_cli_rebuild_ledger_command PASSED             [ 55%]
tests/test_ledger.py::test_catalog_collision_cannot_replace_existing_kind_or_path PASSED [ 56%]
tests/test_export.py::test_export_bundle_contains_only_declared_files PASSED [ 56%]
tests/test_export.py::test_clean_process_load_reproduces_logits_likelihood_and_completion PASSED [ 57%]
tests/test_export.py::test_tokenizer_reconstruction_and_tied_identity PASSED [ 57%]
tests/test_export.py::test_an_alias_carrying_its_own_payload_is_refused PASSED [ 58%]
tests/test_export.py::test_corrupted_and_incomplete_exports_are_rejected PASSED [ 59%]
tests/test_export.py::test_unknown_format_and_serializer_are_refused_with_guidance PASSED [ 59%]
tests/test_export.py::test_missing_plugin_fails_usefully PASSED          [ 60%]
tests/test_export.py::test_plugin_family_round_trip_and_missing_plugin PASSED [ 60%]
tests/test_export.py::test_optimizer_state_excluded_by_default_with_opt_in PASSED [ 61%]
tests/test_export.py::test_training_only_heads_are_excluded_with_accounting PASSED [ 62%]
tests/test_export.py::test_secrets_and_raw_data_never_enter_the_bundle PASSED [ 62%]
tests/test_export.py::test_dtype_device_load_rules PASSED                [ 63%]
tests/test_export.py::test_session_is_deterministic_and_resets_between_prompts PASSED [ 64%]
tests/test_export.py::test_stop_strings_and_max_context_behave_explicitly PASSED [ 64%]
tests/test_export.py::test_no_chat_template_is_attached PASSED           [ 65%]
tests/test_export.py::test_hf_mapping_is_complete_and_shape_exact PASSED [ 65%]
tests/test_export.py::test_hf_mapping_refuses_non_baseline_and_partial_keys PASSED [ 66%]
tests/test_export.py::test_cache_support_is_labeled_not_assumed PASSED   [ 67%]
tests/test_export.py::test_generate_command_reads_export_bundles PASSED  [ 67%]
tests/test_export.py::test_general_inference_loader_cannot_bypass_export_integrity PASSED [ 68%]
tests/test_export_aliases.py::test_a_tied_tensor_is_serialized_exactly_once PASSED [ 68%]
tests/test_export_aliases.py::test_equal_valued_independent_parameters_stay_independent PASSED [ 69%]
tests/test_export_aliases.py::test_canonical_name_and_alias_map_are_deterministic PASSED [ 70%]
tests/test_export_aliases.py::test_fresh_process_reload_restores_parameter_identity_and_parity PASSED [ 70%]
tests/test_export_aliases.py::test_gradients_accumulate_into_the_single_tied_parameter PASSED [ 71%]
tests/test_export_aliases.py::test_corrupted_payload_is_rejected_before_deserialization PASSED [ 71%]
tests/test_export_aliases.py::test_invalid_alias_metadata_is_rejected[mutate0-carries no stored payload] PASSED [ 72%]
tests/test_export_aliases.py::test_invalid_alias_metadata_is_rejected[mutate1-targets itself] PASSED [ 73%]
tests/test_export_aliases.py::test_invalid_alias_metadata_is_rejected[mutate2-carries no stored payload] PASSED [ 73%]
tests/test_export_aliases.py::test_alias_chains_and_cycles_are_rejected PASSED [ 74%]
tests/test_export_aliases.py::test_missing_and_extra_tensors_are_rejected PASSED [ 75%]
tests/test_export_aliases.py::test_unsupported_versions_are_rejected PASSED [ 75%]
tests/test_export_aliases.py::test_a_v1_bundle_cannot_claim_single_copy PASSED [ 76%]
tests/test_export_aliases.py::test_legacy_v1_bundle_loads_and_is_labelled_duplicated PASSED [ 76%]
tests/test_export_aliases.py::test_conflicting_legacy_copies_are_refused PASSED [ 77%]
tests/test_export_aliases.py::test_legacy_shape_mismatch_is_refused_before_bit_comparison PASSED [ 78%]
tests/test_export_aliases.py::test_partial_and_transposed_views_are_refused PASSED [ 78%]
tests/test_export_aliases.py::test_undeclared_shared_storage_is_refused_by_the_writer PASSED [ 79%]
tests/test_export_aliases.py::test_alias_detection_rejects_a_declared_but_absent_alias PASSED [ 79%]
tests/test_export_aliases.py::test_published_bundle_reuses_identical_content PASSED [ 80%]
tests/test_export_aliases.py::test_conflicting_content_under_one_export_id_is_refused PASSED [ 81%]
tests/test_export_aliases.py::test_layout_change_is_a_different_representation_identity PASSED [ 81%]
tests/test_export_aliases.py::test_a_copied_bundle_loads_without_the_store PASSED [ 82%]
tests/test_export_aliases.py::test_public_cli_export_and_load_round_trip PASSED [ 82%]
tests/test_acquisition_verifier.py::test_verifier_independent_checksum_positive PASSED [ 83%]
tests/test_acquisition_verifier.py::test_verifier_corrupted_jsonl_mismatch PASSED [ 84%]
tests/test_acquisition_verifier.py::test_verifier_parquet_format_verification PASSED [ 84%]
tests/test_acquisition_verifier.py::test_verifier_missing_file_fails PASSED [ 85%]
tests/test_acquisition_verifier.py::test_verifier_artifact_store_publication_and_post_corruption PASSED [ 85%]
tests/test_acquisition_verifier.py::test_base_environment_zero_torch_isolation PASSED [ 86%]
tests/test_operator.py::test_missing_sealed_root_is_not_ready PASSED     [ 87%]
tests/test_operator.py::test_writable_same_user_directory_is_not_ready PASSED [ 87%]
tests/test_operator.py::test_sealed_root_inside_an_agent_mount_is_not_ready PASSED [ 88%]
tests/test_operator.py::test_yaml_flag_without_attestation_is_not_ready PASSED [ 89%]
tests/test_operator.py::test_bare_sealed_flag_attestation_is_refused PASSED [ 89%]
tests/test_operator.py::test_attested_nonwritable_root_reports_ready PASSED [ 90%]
tests/test_operator.py::test_unbounded_or_empty_requests_are_refused PASSED [ 90%]
tests/test_operator.py::test_execute_happy_path_returns_aggregates_only PASSED [ 91%]
tests/test_operator.py::test_replay_revocation_mismatch_and_quota_are_refused PASSED [ 92%]
tests/test_operator.py::test_expired_and_unreviewed_and_unbounded_suppliers_refused PASSED [ 92%]
tests/test_operator.py::test_missing_credentials_refuse_execution PASSED [ 93%]
tests/test_operator.py::test_receipt_alteration_and_unknown_ids_fail_verification PASSED [ 93%]
tests/test_operator.py::test_decontamination_receipts_carry_counts_not_content PASSED [ 94%]
tests/test_operator.py::test_sanitize_aggregates_rejects_non_scalars PASSED [ 95%]
tests/test_operator.py::test_quota_bounds_adaptive_oracles PASSED        [ 95%]
tests/test_operator.py::test_release_audit_passes_a_complete_release PASSED [ 96%]
tests/test_operator.py::test_release_audit_blocks_unknown_rights_and_fails_gaps PASSED [ 96%]
tests/test_operator.py::test_final_split_artifacts_are_detected_in_caches PASSED [ 97%]
tests/test_operator.py::test_clean_cache_passes_and_purge_needs_confirmation PASSED [ 98%]
tests/test_operator.py::test_cli_final_request_builds_but_never_executes PASSED [ 98%]
tests/test_operator.py::test_cli_final_execute_refuses_without_operator PASSED [ 99%]
tests/test_operator.py::test_cli_release_audit_gates_releases PASSED     [100%]

- generated xml file: D:\Project\xlm-final-integration\data\audit\p23-remediation\stage06\final01\closeout-target.xml -
============================ slowest 10 durations =============================
11.90s call     tests/test_artifact_identity.py::test_actual_public_cli_current_and_legacy_artifacts
4.06s call     tests/test_export.py::test_generate_command_reads_export_bundles
3.59s call     tests/test_export.py::test_clean_process_load_reproduces_logits_likelihood_and_completion
2.97s call     tests/test_export.py::test_corrupted_and_incomplete_exports_are_rejected
2.84s call     tests/test_export_aliases.py::test_public_cli_export_and_load_round_trip
2.73s call     tests/test_artifacts.py::test_resolved_containment_is_existence_independent
2.66s call     tests/test_export.py::test_export_bundle_contains_only_declared_files
2.44s call     tests/test_export.py::test_optimizer_state_excluded_by_default_with_opt_in
2.37s call     tests/test_export_aliases.py::test_fresh_process_reload_restores_parameter_identity_and_parity
1.75s call     tests/test_export.py::test_dtype_device_load_rules
================ 164 passed, 2 deselected in 63.14s (0:01:03) =================
