============================= test session starts =============================
platform win32 -- Python 3.12.13, pytest-9.1.1, pluggy-1.6.0 -- D:\Project\xlm-final-integration\.venv-final\Scripts\python.exe
cachedir: .pytest_cache
rootdir: D:\Project\xlm-final-integration
configfile: pyproject.toml
plugins: anyio-4.15.1, cov-7.1.0, xdist-3.8.0
created: 8/8 workers
8 workers [21 items]

scheduling tests via WorkStealingScheduling

tests/test_operator.py::test_cli_final_request_builds_but_never_executes 
tests/test_operator.py::test_missing_sealed_root_is_not_ready 
tests/test_operator.py::test_unbounded_or_empty_requests_are_refused 
tests/test_operator.py::test_bare_sealed_flag_attestation_is_refused 
tests/test_operator.py::test_release_audit_blocks_unknown_rights_and_fails_gaps 
tests/test_operator.py::test_missing_credentials_refuse_execution 
tests/test_operator.py::test_sanitize_aggregates_rejects_non_scalars 
tests/test_operator.py::test_sealed_root_inside_an_agent_mount_is_not_ready 
[gw5] [  4%] PASSED tests/test_operator.py::test_sanitize_aggregates_rejects_non_scalars 
[gw4] [  9%] PASSED tests/test_operator.py::test_missing_credentials_refuse_execution 
tests/test_operator.py::test_quota_bounds_adaptive_oracles 
tests/test_operator.py::test_receipt_alteration_and_unknown_ids_fail_verification 
[gw3] [ 14%] PASSED tests/test_operator.py::test_unbounded_or_empty_requests_are_refused 
tests/test_operator.py::test_execute_happy_path_returns_aggregates_only 
[gw1] [ 19%] PASSED tests/test_operator.py::test_sealed_root_inside_an_agent_mount_is_not_ready 
[gw0] [ 23%] PASSED tests/test_operator.py::test_missing_sealed_root_is_not_ready 
tests/test_operator.py::test_yaml_flag_without_attestation_is_not_ready 
tests/test_operator.py::test_writable_same_user_directory_is_not_ready 
[gw2] [ 28%] PASSED tests/test_operator.py::test_bare_sealed_flag_attestation_is_refused 
tests/test_operator.py::test_attested_nonwritable_root_reports_ready 
[gw0] [ 33%] PASSED tests/test_operator.py::test_writable_same_user_directory_is_not_ready 
[gw1] [ 38%] PASSED tests/test_operator.py::test_yaml_flag_without_attestation_is_not_ready 
tests/test_operator.py::test_cli_release_audit_gates_releases 
tests/test_operator.py::test_clean_cache_passes_and_purge_needs_confirmation 
[gw2] [ 42%] PASSED tests/test_operator.py::test_attested_nonwritable_root_reports_ready 
[gw5] [ 47%] PASSED tests/test_operator.py::test_quota_bounds_adaptive_oracles 
[gw4] [ 52%] PASSED tests/test_operator.py::test_receipt_alteration_and_unknown_ids_fail_verification 
tests/test_operator.py::test_release_audit_passes_a_complete_release 
tests/test_operator.py::test_decontamination_receipts_carry_counts_not_content 
[gw4] [ 57%] PASSED tests/test_operator.py::test_decontamination_receipts_carry_counts_not_content 
[gw3] [ 61%] PASSED tests/test_operator.py::test_execute_happy_path_returns_aggregates_only 
[gw1] [ 66%] PASSED tests/test_operator.py::test_clean_cache_passes_and_purge_needs_confirmation 
tests/test_operator.py::test_replay_revocation_mismatch_and_quota_are_refused 
[gw3] [ 71%] PASSED tests/test_operator.py::test_replay_revocation_mismatch_and_quota_are_refused 
[gw5] [ 76%] PASSED tests/test_operator.py::test_release_audit_passes_a_complete_release 
[gw6] [ 80%] PASSED tests/test_operator.py::test_release_audit_blocks_unknown_rights_and_fails_gaps 
tests/test_operator.py::test_final_split_artifacts_are_detected_in_caches 
[gw6] [ 85%] PASSED tests/test_operator.py::test_final_split_artifacts_are_detected_in_caches 
[gw7] [ 90%] PASSED tests/test_operator.py::test_cli_final_request_builds_but_never_executes 
tests/test_operator.py::test_cli_final_execute_refuses_without_operator 
[gw7] [ 95%] PASSED tests/test_operator.py::test_cli_final_execute_refuses_without_operator 
[gw0] [100%] PASSED tests/test_operator.py::test_cli_release_audit_gates_releases 

- generated xml file: D:\Project\xlm-final-integration\data\audit\p23-remediation\stage06\final01\op-load.xml -
============================ slowest 10 durations =============================
0.85s call     tests/test_operator.py::test_cli_release_audit_gates_releases
0.76s call     tests/test_operator.py::test_cli_final_request_builds_but_never_executes
0.09s call     tests/test_operator.py::test_release_audit_blocks_unknown_rights_and_fails_gaps
0.08s call     tests/test_operator.py::test_cli_final_execute_refuses_without_operator
0.03s call     tests/test_operator.py::test_execute_happy_path_returns_aggregates_only
0.03s call     tests/test_operator.py::test_receipt_alteration_and_unknown_ids_fail_verification
0.03s call     tests/test_operator.py::test_quota_bounds_adaptive_oracles
0.03s call     tests/test_operator.py::test_release_audit_passes_a_complete_release
0.01s call     tests/test_operator.py::test_replay_revocation_mismatch_and_quota_are_refused
0.01s call     tests/test_operator.py::test_clean_cache_passes_and_purge_needs_confirmation
============================= 21 passed in 2.38s ==============================
