============================= test session starts =============================
platform win32 -- Python 3.12.13, pytest-9.1.1, pluggy-1.6.0 -- D:\Project\xlm-final-integration\.venv-final\Scripts\python.exe
cachedir: .pytest_cache
rootdir: D:\Project\xlm-final-integration
configfile: pyproject.toml
plugins: anyio-4.15.1, cov-7.1.0, xdist-3.8.0
collecting ... collected 78 items / 2 deselected / 76 selected

tests/test_artifact_identity.py::test_identical_request_reuses_unchanged_artifact PASSED [  1%]
tests/test_artifact_identity.py::test_conflicting_request_must_fail_and_preserve_original[payload] PASSED [  2%]
tests/test_artifact_identity.py::test_conflicting_request_must_fail_and_preserve_original[producer] PASSED [  3%]
tests/test_artifact_identity.py::test_conflicting_request_must_fail_and_preserve_original[dependency] PASSED [  5%]
tests/test_artifact_identity.py::test_conflicting_request_must_fail_and_preserve_original[lineage] PASSED [  6%]
tests/test_artifact_identity.py::test_publication_must_not_replace_an_incomplete_existing_directory PASSED [  7%]
tests/test_artifact_identity.py::test_cosmetics_reuse_without_touching_original_and_keys_are_separate PASSED [  9%]
tests/test_artifact_identity.py::test_behavioral_metadata_and_serializer_changes_conflict[seed] PASSED [ 10%]
tests/test_artifact_identity.py::test_behavioral_metadata_and_serializer_changes_conflict[timestamp] PASSED [ 11%]
tests/test_artifact_identity.py::test_behavioral_metadata_and_serializer_changes_conflict[serializer_version] PASSED [ 13%]
tests/test_artifact_identity.py::test_damaged_existing_destination_is_never_repaired[payload] PASSED [ 14%]
tests/test_artifact_identity.py::test_damaged_existing_destination_is_never_repaired[identity] PASSED [ 15%]
tests/test_artifact_identity.py::test_damaged_existing_destination_is_never_repaired[incomplete] PASSED [ 17%]
tests/test_artifact_identity.py::test_damaged_existing_destination_is_never_repaired[extra_file] PASSED [ 18%]
tests/test_artifact_identity.py::test_legacy_integrity_is_not_automatic_equivalent_reuse PASSED [ 19%]
tests/test_artifact_identity.py::test_verified_input_manifest_fingerprint_is_bound_and_checked PASSED [ 21%]
tests/test_artifact_identity.py::test_invalid_identifiers_fail_before_store_creation[../escape-artifact_id] PASSED [ 22%]
tests/test_artifact_identity.py::test_invalid_identifiers_fail_before_store_creation[../escape-kind] PASSED [ 23%]
tests/test_artifact_identity.py::test_invalid_identifiers_fail_before_store_creation[..\\escape-artifact_id] PASSED [ 25%]
tests/test_artifact_identity.py::test_invalid_identifiers_fail_before_store_creation[..\\escape-kind] PASSED [ 26%]
tests/test_artifact_identity.py::test_invalid_identifiers_fail_before_store_creation[/absolute-artifact_id] PASSED [ 27%]
tests/test_artifact_identity.py::test_invalid_identifiers_fail_before_store_creation[/absolute-kind] PASSED [ 28%]
tests/test_artifact_identity.py::test_invalid_identifiers_fail_before_store_creation[C:\\absolute-artifact_id] PASSED [ 30%]
tests/test_artifact_identity.py::test_invalid_identifiers_fail_before_store_creation[C:\\absolute-kind] PASSED [ 31%]
tests/test_artifact_identity.py::test_invalid_identifiers_fail_before_store_creation[C:relative-artifact_id] PASSED [ 32%]
tests/test_artifact_identity.py::test_invalid_identifiers_fail_before_store_creation[C:relative-kind] PASSED [ 34%]
tests/test_artifact_identity.py::test_invalid_identifiers_fail_before_store_creation[\\\\server\\share-artifact_id] PASSED [ 35%]
tests/test_artifact_identity.py::test_invalid_identifiers_fail_before_store_creation[\\\\server\\share-kind] PASSED [ 36%]
tests/test_artifact_identity.py::test_invalid_identifiers_fail_before_store_creation[con-artifact_id] PASSED [ 38%]
tests/test_artifact_identity.py::test_invalid_identifiers_fail_before_store_creation[con-kind] PASSED [ 39%]
tests/test_artifact_identity.py::test_invalid_identifiers_fail_before_store_creation[NUL.txt-artifact_id] PASSED [ 40%]
tests/test_artifact_identity.py::test_invalid_identifiers_fail_before_store_creation[NUL.txt-kind] PASSED [ 42%]
tests/test_artifact_identity.py::test_invalid_identifiers_fail_before_store_creation[com\xb9-artifact_id] PASSED [ 43%]
tests/test_artifact_identity.py::test_invalid_identifiers_fail_before_store_creation[com\xb9-kind] PASSED [ 44%]
tests/test_artifact_identity.py::test_invalid_identifiers_fail_before_store_creation[name.-artifact_id] PASSED [ 46%]
tests/test_artifact_identity.py::test_invalid_identifiers_fail_before_store_creation[name.-kind] PASSED [ 47%]
tests/test_artifact_identity.py::test_invalid_identifiers_fail_before_store_creation[name -artifact_id] PASSED [ 48%]
tests/test_artifact_identity.py::test_invalid_identifiers_fail_before_store_creation[name -kind] PASSED [ 50%]
tests/test_artifact_identity.py::test_invalid_identifiers_fail_before_store_creation[a:b-artifact_id] PASSED [ 51%]
tests/test_artifact_identity.py::test_invalid_identifiers_fail_before_store_creation[a:b-kind] PASSED [ 52%]
tests/test_artifact_identity.py::test_invalid_identifiers_fail_before_store_creation[.locks-artifact_id] PASSED [ 53%]
tests/test_artifact_identity.py::test_invalid_identifiers_fail_before_store_creation[.locks-kind] PASSED [ 55%]
tests/test_artifact_identity.py::test_invalid_identifiers_fail_before_store_creation[-artifact_id] PASSED [ 56%]
tests/test_artifact_identity.py::test_invalid_identifiers_fail_before_store_creation[-kind] PASSED [ 57%]
tests/test_artifact_identity.py::test_payload_escape_marker_injection_and_collisions_have_no_side_effects[names0] PASSED [ 59%]
tests/test_artifact_identity.py::test_payload_escape_marker_injection_and_collisions_have_no_side_effects[names1] PASSED [ 60%]
tests/test_artifact_identity.py::test_payload_escape_marker_injection_and_collisions_have_no_side_effects[names2] PASSED [ 61%]
tests/test_artifact_identity.py::test_payload_escape_marker_injection_and_collisions_have_no_side_effects[names3] PASSED [ 63%]
tests/test_artifact_identity.py::test_payload_escape_marker_injection_and_collisions_have_no_side_effects[names4] PASSED [ 64%]
tests/test_artifact_identity.py::test_payload_escape_marker_injection_and_collisions_have_no_side_effects[names5] PASSED [ 65%]
tests/test_artifact_identity.py::test_payload_escape_marker_injection_and_collisions_have_no_side_effects[names6] PASSED [ 67%]
tests/test_artifact_identity.py::test_payload_escape_marker_injection_and_collisions_have_no_side_effects[names7] PASSED [ 68%]
tests/test_artifact_identity.py::test_payload_escape_marker_injection_and_collisions_have_no_side_effects[names8] PASSED [ 69%]
tests/test_artifact_identity.py::test_payload_escape_marker_injection_and_collisions_have_no_side_effects[names9] PASSED [ 71%]
tests/test_artifact_identity.py::test_payload_escape_marker_injection_and_collisions_have_no_side_effects[names10] PASSED [ 72%]
tests/test_artifact_identity.py::test_payload_escape_marker_injection_and_collisions_have_no_side_effects[names11] PASSED [ 73%]
tests/test_artifact_identity.py::test_payload_escape_marker_injection_and_collisions_have_no_side_effects[names12] PASSED [ 75%]
tests/test_artifact_identity.py::test_payload_escape_marker_injection_and_collisions_have_no_side_effects[names13] PASSED [ 76%]
tests/test_artifact_identity.py::test_payload_escape_marker_injection_and_collisions_have_no_side_effects[names14] PASSED [ 77%]
tests/test_artifact_identity.py::test_payload_escape_marker_injection_and_collisions_have_no_side_effects[names15] PASSED [ 78%]
tests/test_artifact_identity.py::test_payload_escape_marker_injection_and_collisions_have_no_side_effects[names16] PASSED [ 80%]
tests/test_artifact_identity.py::test_payload_escape_marker_injection_and_collisions_have_no_side_effects[names17] PASSED [ 81%]
tests/test_artifact_identity.py::test_payload_escape_marker_injection_and_collisions_have_no_side_effects[names18] PASSED [ 82%]
tests/test_artifact_identity.py::test_streaming_limits_preserve_foreign_staging PASSED [ 84%]
tests/test_artifact_identity.py::test_existing_junction_cannot_redirect_publication[kind] PASSED [ 85%]
tests/test_artifact_identity.py::test_existing_junction_cannot_redirect_publication[staging] PASSED [ 86%]
tests/test_artifact_identity.py::test_existing_junction_cannot_redirect_publication[locks] PASSED [ 88%]
tests/test_artifact_identity.py::test_existing_junction_cannot_redirect_publication[payload] PASSED [ 89%]
tests/test_artifact_identity.py::test_actual_public_cli_current_and_legacy_artifacts PASSED [ 90%]
tests/test_artifact_identity.py::test_json_types_are_part_of_request_identity[1-True] PASSED [ 92%]
tests/test_artifact_identity.py::test_json_types_are_part_of_request_identity[1-1.0] PASSED [ 93%]
tests/test_artifact_identity.py::test_verification_is_bounded_and_unresolved_lineage_is_explicit PASSED [ 94%]
tests/test_artifact_identity.py::test_internal_kind_rejected_before_side_effects[ledger] PASSED [ 96%]
tests/test_artifact_identity.py::test_internal_kind_rejected_before_side_effects[runs] PASSED [ 97%]
tests/test_artifact_identity.py::test_internal_kind_rejected_before_side_effects[TMP] PASSED [ 98%]
tests/test_artifact_identity.py::test_path_alias_and_ambiguous_cli_lookup_are_refused PASSED [100%]

- generated xml file: D:\Project\xlm-final-integration\data\audit\p23-remediation\stage06\final01\serialb-artifact_identity.xml -
============================ slowest 10 durations =============================
11.63s call     tests/test_artifact_identity.py::test_actual_public_cli_current_and_legacy_artifacts
0.65s setup    tests/test_artifact_identity.py::test_identical_request_reuses_unchanged_artifact
0.65s call     tests/test_artifact_identity.py::test_path_alias_and_ambiguous_cli_lookup_are_refused
0.25s call     tests/test_artifact_identity.py::test_existing_junction_cannot_redirect_publication[payload]
0.23s call     tests/test_artifact_identity.py::test_existing_junction_cannot_redirect_publication[locks]
0.22s call     tests/test_artifact_identity.py::test_existing_junction_cannot_redirect_publication[kind]
0.22s call     tests/test_artifact_identity.py::test_existing_junction_cannot_redirect_publication[staging]
0.11s call     tests/test_artifact_identity.py::test_verified_input_manifest_fingerprint_is_bound_and_checked
0.09s call     tests/test_artifact_identity.py::test_cosmetics_reuse_without_touching_original_and_keys_are_separate
0.08s call     tests/test_artifact_identity.py::test_damaged_existing_destination_is_never_repaired[incomplete]
====================== 76 passed, 2 deselected in 15.44s ======================
