============================= test session starts =============================
platform win32 -- Python 3.12.13, pytest-9.1.1, pluggy-1.6.0 -- D:\Project\xlm-final-integration\.venv-final\Scripts\python.exe
cachedir: .pytest_cache
rootdir: D:\Project\xlm-final-integration
configfile: pyproject.toml
plugins: anyio-4.15.1, cov-7.1.0, xdist-3.8.0
collecting ... collected 19 items

tests/test_queue.py::test_submit_deduplicates_identical_plans PASSED     [  5%]
tests/test_queue.py::test_submit_refuses_blocked_plans_and_missing_snapshots PASSED [ 10%]
tests/test_queue.py::test_submit_refuses_legacy_unfrozen_plan PASSED     [ 15%]
tests/test_queue.py::test_submit_allows_explicit_duplicates PASSED       [ 21%]
tests/test_queue.py::test_only_one_gpu_lease_can_be_held PASSED          [ 26%]
tests/test_queue.py::test_stale_lease_is_reclaimable_and_recorded PASSED [ 31%]
tests/test_queue.py::test_cpu_environment_refuses_cuda_job_without_execution PASSED [ 36%]
tests/test_queue.py::test_toy_campaign_runs_sequentially_to_success PASSED [ 42%]
tests/test_queue.py::test_changed_live_tree_preserves_frozen_run PASSED  [ 47%]
tests/test_queue.py::test_failed_jobs_keep_evidence_and_stay_terminal PASSED [ 52%]
tests/test_queue.py::test_crash_recovery_requeues_once_when_retries_remain PASSED [ 57%]
tests/test_queue.py::test_crash_without_retries_fails_loudly PASSED      [ 63%]
tests/test_queue.py::test_cancel_stops_a_queued_job_and_a_running_job PASSED [ 68%]
tests/test_queue.py::test_prep_pool_is_bounded_and_ordered PASSED        [ 73%]
tests/test_queue.py::test_status_lists_jobs_with_attempts PASSED         [ 78%]
tests/test_queue.py::test_cli_experiment_plan_reports_blockers PASSED    [ 84%]
tests/test_queue.py::test_cli_campaign_plan_shows_six_mixtures_without_running PASSED [ 89%]
tests/test_queue.py::test_cli_submit_blocks_unauthorized_large_runs PASSED [ 94%]
tests/test_queue.py::test_cli_queue_status_and_cancel PASSED             [100%]

- generated xml file: D:\Project\xlm-final-integration\data\audit\p23-remediation\stage06\final01\serialc2-queue.xml -
============================ slowest 10 durations =============================
151.16s call     tests/test_queue.py::test_toy_campaign_runs_sequentially_to_success
68.46s call     tests/test_queue.py::test_cancel_stops_a_queued_job_and_a_running_job
52.34s call     tests/test_queue.py::test_changed_live_tree_preserves_frozen_run
51.85s call     tests/test_queue.py::test_crash_recovery_requeues_once_when_retries_remain
48.90s call     tests/test_queue.py::test_failed_jobs_keep_evidence_and_stay_terminal
31.34s call     tests/test_queue.py::test_submit_refuses_blocked_plans_and_missing_snapshots
20.94s call     tests/test_queue.py::test_cpu_environment_refuses_cuda_job_without_execution
20.92s call     tests/test_queue.py::test_submit_allows_explicit_duplicates
20.81s call     tests/test_queue.py::test_crash_without_retries_fails_loudly
20.42s call     tests/test_queue.py::test_status_lists_jobs_with_attempts
======================= 19 passed in 512.09s (0:08:32) ========================
