{
  "scope": "arithmetic upper bounds, not invented run receipts or measured campaign storage",
  "campaigns": [
    {
      "budget_targets": 1000000000,
      "updates": 15259,
      "full_updates": 15258,
      "final_partial": 51712,
      "chain_rows_serialized_bytes": 2474410,
      "lr_rows_bytes_upper": 1389329,
      "max_chain_row_bytes": 161,
      "max_lr_row_bytes_upper": 91,
      "header_allowance": 4096,
      "ancillary_allowance": 8388608,
      "science_bytes_upper_with_allowance": 12256443,
      "64MiB_remaining_after_rows_and_header": 63241029
    },
    {
      "budget_targets": 3000000000,
      "updates": 45777,
      "full_updates": 45776,
      "final_partial": 24064,
      "chain_rows_serialized_bytes": 7479362,
      "lr_rows_bytes_upper": 4258021,
      "max_chain_row_bytes": 162,
      "max_lr_row_bytes_upper": 92,
      "header_allowance": 4096,
      "ancillary_allowance": 8388608,
      "science_bytes_upper_with_allowance": 20130087,
      "64MiB_remaining_after_rows_and_header": 55367385
    },
    {
      "budget_targets": 6000000000,
      "updates": 91553,
      "full_updates": 91552,
      "final_partial": 48128,
      "chain_rows_serialized_bytes": 14986626,
      "lr_rows_bytes_upper": 8560965,
      "max_chain_row_bytes": 162,
      "max_lr_row_bytes_upper": 92,
      "header_allowance": 4096,
      "ancillary_allowance": 8388608,
      "science_bytes_upper_with_allowance": 31940295,
      "64MiB_remaining_after_rows_and_header": 43557177
    }
  ],
  "max_chain_rows": 400000,
  "max_chain_row_bytes": 192,
  "max_chain_bytes": 77604096,
  "400k_science_bytes_with_assumed_numeric_domain_and_8MiB_ancillary": 129192704,
  "science_save_limit": 134217728,
  "qualification": "No fixed total follows from row count alone: additional ledgers and LR group count vary. 8 MiB is an explicit allowance, not an enforced ancillary limit. Full science save remains capped at 128 MiB; evidence at 64 MiB.",
  "canonical_history_digest_parity": true,
  "compatibility": [
    {
      "path": "src/xlm/comparison/promotion.py",
      "parent_blob_sha256": "04e961acb3dfe643742fa0777b7e9a98838139d8d34dbd08dda7689713aa8842",
      "head_blob_identical": true,
      "worktree_sha256": "31c22cce117e2cac30cfccba75b88c752aad99337f3b290fbed72a0a759645b4",
      "worktree_crlf_pairs": 351,
      "normalized_identical": true
    },
    {
      "path": "src/xlm/comparison/tracks.py",
      "parent_blob_sha256": "07d9b7a158a4171d68bbf30fb6b9249eb1aade156f37e076f91b3c474354d019",
      "head_blob_identical": true,
      "worktree_sha256": "2a251dd36d53b9555e486d667d6d6ed87bc932be8c59d52f3b63be086f852abe",
      "worktree_crlf_pairs": 356,
      "normalized_identical": true
    },
    {
      "path": "src/xlm/comparison/bootstrap.py",
      "parent_blob_sha256": "546033327a9b00d6030481e6702346f4c1c9e0d29995c2d0990b82ba1d3ced92",
      "head_blob_identical": true,
      "worktree_sha256": "19b1e3544f682444154f17827e1e9409c4dba9b7c80cf7806024b33ca59e382e",
      "worktree_crlf_pairs": 461,
      "normalized_identical": true
    },
    {
      "path": "src/xlm/comparison/recipes.py",
      "parent_blob_sha256": "36498a181e648314cea23742eb8e79748e352a6f7afb63db572deca3d5ad15ef",
      "head_blob_identical": true,
      "worktree_sha256": "e1baea40d17166df894ce3a3c6cfe0c59c1b26b653dcf17db77640e7129d25c3",
      "worktree_crlf_pairs": 60,
      "normalized_identical": true
    },
    {
      "path": "src/xlm/cli/compare_cmd.py",
      "parent_blob_sha256": "f30254bd29d6015ff43cafd0893c26186db77a36c0d54f21af00f6458b55618e",
      "head_blob_identical": true,
      "worktree_sha256": "07e88ff432dd724c8a3f50497d4ea5220dabd4e010252c738776962039ea3c3a",
      "worktree_crlf_pairs": 509,
      "normalized_identical": true
    },
    {
      "path": "pyproject.toml",
      "parent_blob_sha256": "75723d525207f7ff3d71fee35f9e69a258c4bc493fcc971189965c9d672fc54e",
      "head_blob_identical": true,
      "worktree_sha256": "d503fbd9c69bee626e387b0e230fdfcf762327993e73ab711e039550495ebe54",
      "worktree_crlf_pairs": 130,
      "normalized_identical": true
    },
    {
      "path": "uv.lock",
      "parent_blob_sha256": "c44ecb0a0ed55e277d1bd24ee267e6ac8342f2e6e98efa2db11322ee458bac65",
      "head_blob_identical": true,
      "worktree_sha256": "658f83d08e7003c0642223759736dcccfa983ce0bab4b75f8f2b234e7a114631",
      "worktree_crlf_pairs": 1927,
      "normalized_identical": true
    },
    {
      "path": ".python-version",
      "parent_blob_sha256": "aa0d6581054e6e4ff3f91839deca7a854ad37221b8784d060b42d0f847ff1a3b",
      "head_blob_identical": true,
      "worktree_sha256": "50b10393ce287fb4af7616d016dd16ac1a56412af4d2c74cde7ddc5ad5c78761",
      "worktree_crlf_pairs": 1,
      "normalized_identical": true
    },
    {
      "path": "recipes/experiments/draft_science_v1_pilot_32m.yaml",
      "parent_blob_sha256": "95f4855199e907eeffb232370f98cd5892d3aea022ea4f118921c4a8b1f29a60",
      "head_blob_identical": true,
      "worktree_sha256": "4121ea30412609cabd27b246f99832dd8bff02fd85b4d7608068faca67ce1ad6",
      "worktree_crlf_pairs": 217,
      "normalized_identical": true
    }
  ]
}
