============================= test session starts =============================
platform win32 -- Python 3.12.13, pytest-9.1.1, pluggy-1.6.0 -- D:\Project\xlm\data\audit\p23-remediation\stage01\after01\.venv\Scripts\python.exe
cachedir: .pytest_cache
rootdir: D:\Project\xlm
configfile: pyproject.toml
plugins: anyio-4.15.1, cov-7.1.0
collecting ... collected 83 items

tests/test_trainer.py::test_trainer_overfitting_criterion PASSED         [  1%]
tests/test_trainer.py::test_trainer_exact_token_budget_completion PASSED [  2%]
tests/test_trainer.py::test_trainer_non_finite_gradient_failure_guard PASSED [  3%]
tests/test_trainer.py::test_trainer_cooperative_interruption PASSED      [  4%]
tests/test_continuation.py::test_tiny_model_optimizer_schedule_continuation_parity PASSED [  6%]
tests/test_continuation_p05.py::test_cpu_fresh_process_continuation_parity FAILED [  7%]
tests/test_trainer_mixture.py::test_real_trainer_consumes_the_mixture_loader PASSED [  8%]
tests/test_trainer_mixture.py::test_mixture_batches_are_tensors_with_correct_shapes PASSED [  9%]
tests/test_trainer_mixture.py::test_mixture_run_resumes_to_the_same_committed_data PASSED [ 10%]
tests/test_trainer_mixture.py::test_trainer_checkpoint_carries_mixture_state PASSED [ 12%]
tests/test_trainer_mixture.py::test_trainer_loss_decreases_on_a_bounded_mixture_run PASSED [ 13%]
tests/test_trainer_mixture.py::test_share_drift_converges_as_the_run_lengthens PASSED [ 14%]
tests/test_harness_adapter.py::test_harness_loglikelihood_equals_native_scoring_for_every_pair PASSED [ 15%]
tests/test_harness_adapter.py::test_batch_scoring_is_invariant_to_ordering PASSED [ 16%]
tests/test_harness_adapter.py::test_branch_state_resets_between_requests PASSED [ 18%]
tests/test_harness_adapter.py::test_rolling_loglikelihood_equals_native_document_scoring PASSED [ 19%]
tests/test_harness_adapter.py::test_long_example_error_policy_raises_while_rolling_covers_every_target PASSED [ 20%]
tests/test_harness_adapter.py::test_generate_until_is_deterministic_and_stops_on_until PASSED [ 21%]
tests/test_harness_adapter.py::test_harness_fixture_task_matches_native_acc_and_acc_norm PASSED [ 22%]
tests/test_harness_adapter.py::test_no_op_model_scores_match_native_exactly PASSED [ 24%]
tests/test_harness_adapter.py::test_bounded_run_records_the_limit_and_withholds_the_index PASSED [ 25%]
tests/test_harness_adapter.py::test_evidence_cache_reuses_and_recomputes_on_identity_change PASSED [ 26%]
tests/test_harness_adapter.py::test_missing_tasks_prevent_an_aggregate_from_partial_evidence PASSED [ 27%]
tests/test_harness_adapter.py::test_harness_backend_registration_uses_the_public_registry PASSED [ 28%]
tests/test_harness_adapter.py::test_task_manager_discovers_the_authored_fixture PASSED [ 30%]
tests/test_harness_adapter.py::test_supported_harness_version_is_the_installed_one PASSED [ 31%]
tests/test_evaluation_fixtures.py::test_multiple_choice_scoring_and_acc_norm PASSED [ 32%]
tests/test_evaluation_fixtures.py::test_empty_choice_string_rejected PASSED [ 33%]
tests/test_evaluation_fixtures.py::test_minimal_pair_scoring PASSED      [ 34%]
tests/test_evaluation_fixtures.py::test_cache_invalidation_and_reuse PASSED [ 36%]
tests/test_evaluation_fixtures.py::test_strict_synthetic_fixture_labeling PASSED [ 37%]
tests/test_evaluation_fixtures.py::test_evaluation_and_generation_training_isolation PASSED [ 38%]
tests/test_eval_suites.py::test_official_dataset_pins_are_resolved_and_immutable PASSED [ 39%]
tests/test_eval_suites.py::test_variants_carry_the_pinned_revision_into_the_task_config PASSED [ 40%]
tests/test_eval_suites.py::test_search_and_confirmation_never_reference_final_splits PASSED [ 42%]
tests/test_eval_suites.py::test_final_splits_are_exactly_the_policy_split PASSED [ 43%]
tests/test_eval_suites.py::test_final_requires_operator_authorization PASSED [ 44%]
tests/test_eval_suites.py::test_firewall_detects_a_developer_variant_pointing_at_a_final_split PASSED [ 45%]
tests/test_eval_suites.py::test_blimp_partition_is_whole_disjoint_subdatasets PASSED [ 46%]
tests/test_eval_suites.py::test_blimp_partition_is_deterministic_and_seed_sensitive PASSED [ 48%]
tests/test_eval_suites.py::test_grouped_partition_keeps_groups_together_and_disjoint PASSED [ 49%]
tests/test_eval_suites.py::test_index_requires_complete_declared_coverage PASSED [ 50%]
tests/test_eval_suites.py::test_index_matches_the_declared_formula_and_chance_references PASSED [ 51%]
tests/test_eval_suites.py::test_blimp_is_macro_averaged_before_weighting PASSED [ 53%]
tests/test_eval_suites.py::test_negative_components_are_not_clipped PASSED [ 54%]
tests/test_eval_suites.py::test_zero_scored_items_withhold_the_index PASSED [ 55%]
tests/test_eval_suites.py::test_final_request_is_frozen_and_hashable PASSED [ 56%]
tests/test_eval_suites.py::test_task_evidence_counts_omissions_and_truncation PASSED [ 57%]
tests/test_eval_suites.py::test_evidence_round_trips_deterministically PASSED [ 59%]
tests/test_eval_suites.py::test_cache_rejects_a_stale_or_foreign_identity PASSED [ 60%]
tests/test_eval_suites.py::test_reference_registry_round_trip_and_no_silent_replacement PASSED [ 61%]
tests/test_eval_suites.py::test_model_download_plan_requires_authorization_revision_and_caps PASSED [ 62%]
tests/test_eval_suites.py::test_harness_identity_changes_with_every_component PASSED [ 63%]
tests/test_eval_suites.py::test_installed_harness_version_matches_the_pin_when_present PASSED [ 65%]
tests/test_eval_suites.py::test_harness_identity_to_dict_carries_the_fingerprint PASSED [ 66%]
tests/test_eval_suites.py::test_harness_samples_convert_with_lowest_index_tie_break PASSED [ 67%]
tests/test_eval_suites.py::test_incomplete_coverage_error_is_available_for_callers PASSED [ 68%]
tests/test_eval_suites.py::test_reference_registration_measures_parameters_locally PASSED [ 69%]
tests/test_eval_suites.py::test_cli_final_request_only_writes_a_gated_request PASSED [ 71%]
tests/test_eval_suites.py::test_cli_final_without_authorization_refuses PASSED [ 72%]
tests/test_eval_suites.py::test_cli_unknown_suite_refuses PASSED         [ 73%]
tests/test_research.py::test_blank_card_fails_on_missing_fields PASSED   [ 74%]
tests/test_research.py::test_complete_card_validates PASSED              [ 75%]
tests/test_research.py::test_novelty_certainty_phrasing_is_refused PASSED [ 77%]
tests/test_research.py::test_card_statuses_round_trip_and_category_is_strict PASSED [ 78%]
tests/test_research.py::test_all_four_noop_plugins_load_into_isolated_registries PASSED [ 79%]
tests/test_research.py::test_plugin_loading_touches_no_trainer_or_scorer_files PASSED [ 80%]
tests/test_research.py::test_architecture_noop_matches_baseline_exactly PASSED [ 81%]
tests/test_research.py::test_objective_noop_matches_baseline_loss PASSED [ 83%]
tests/test_research.py::test_optimizer_noop_matches_baseline_updates PASSED [ 84%]
tests/test_research.py::test_tokenizer_noop_matches_baseline_deterministically PASSED [ 85%]
tests/test_research.py::test_baseline_combination_passes_and_unsupported_ones_fail PASSED [ 86%]
tests/test_research.py::test_objective_owned_state_survives_resume PASSED [ 87%]
tests/test_research.py::test_scaffold_covers_all_categories_with_required_files PASSED [ 89%]
tests/test_research.py::test_proposed_scaffold_cannot_pretend_to_run PASSED [ 90%]
tests/test_research.py::test_protected_evaluator_change_is_detected PASSED [ 91%]
tests/test_research.py::test_undeclared_files_and_path_escapes_are_refused PASSED [ 92%]
tests/test_research.py::test_plugin_changes_alter_code_fingerprints PASSED [ 93%]
tests/test_research.py::test_discover_plugins_lists_manifest_dirs PASSED [ 95%]
tests/test_research.py::test_cli_idea_new_and_validate PASSED            [ 96%]
tests/test_research.py::test_cli_scaffold_and_check_plugin PASSED        [ 97%]
tests/test_research.py::test_cli_scaffold_all_categories PASSED          [ 98%]
tests/test_research.py::test_idea_card_with_missing_falsification_fails_explicitly PASSED [100%]

================================== FAILURES ===================================
_________________ test_cpu_fresh_process_continuation_parity __________________

tmp_path = WindowsPath('D:/Project/xlm/data/audit/p23-remediation/stage02/after03/regressions-tmp/test_cpu_fresh_process_continu0')

    def test_cpu_fresh_process_continuation_parity(tmp_path: Path) -> None:
        """Verify bitwise equality between uninterrupted and resumed runs at 200 targets."""
        artifact_root = tmp_path / "artifacts"
        artifact_root.mkdir(parents=True, exist_ok=True)
    
        # 1. Author predictable tokens
        tokens = [((i % 24) + 4) for i in range(200)]
        data_file = tmp_path / "tokens.json"
        data_file.write_text(json.dumps(tokens), encoding="utf-8")
    
        worker_py = tmp_path / "worker.py"
        worker_py.write_text(WORKER_SCRIPT, encoding="utf-8")
    
        out_file = tmp_path / "ipc.json"
    
        # --- Branch A: Uninterrupted run in-process ---
        paths_a = ArtifactPaths(root=tmp_path / "artifacts_unint")
        store_a = ArtifactStore(paths_a)
        ledger_a = RunLedger(paths_a.ledger / "ledger.sqlite")
        manager_a = CheckpointManager(artifact_store=store_a, run_ledger=ledger_a, paths=paths_a)
    
        config = TransformerBaselineConfig(
            architecture="transformer_baseline",
            vocab_size=32,
            num_layers=2,
            hidden_size=32,
            num_attention_heads=2,
            intermediate_size=64,
            context_length=8,
            attention_backend="eager",
            tie_embeddings=True,
        )
        opt_config = AdamWConfig(lr=0.01, weight_decay=0.01)
        sched_config = WarmupCosineScheduleConfig(
            warmup_valid_targets=20,
            horizon_valid_targets=200,
            min_lr_ratio=0.1,
        )
    
        torch.manual_seed(2026)
        model_a = TransformerBaseline(config, seed=42)
        obj_a = CrossEntropyObjective(CrossEntropyObjectiveConfig())
        opt_a, manifest_a = create_adamw_optimizer(opt_config, model=model_a, objective=obj_a)
        sched_a = WarmupCosineSchedule(sched_config, base_lr=0.01)
        batcher_a = TrainingBatcher(
            data_source=tokens,
            context_length=8,
            global_batch_valid_targets=50,
            exhaustion_policy="repeat_bounded",
            max_document_exposures=100,
        )
    
        trainer_a = Trainer(
            model=model_a,
            objective=obj_a,
            optimizer=opt_a,
            optimizer_manifest=manifest_a,
            schedule=sched_a,
            batcher=batcher_a,
            checkpoint_manager=manager_a,
            run_id="run_unint",
            plan_id="plan_200_targets",
            device="cpu",
            precision="fp32",
            gradient_clip_norm=1.0,
            max_valid_targets=200,
        )
        summary_a = trainer_a.train()
        assert summary_a.committed_valid_targets == 200
        assert summary_a.total_steps == 4
    
        # --- Branch B: Subprocess 1 (0 -> 100 targets) ---
        res_1 = subprocess.run(
            [
                sys.executable,
                str(worker_py),
                "part1",
                str(artifact_root),
                str(data_file),
                str(out_file),
            ],
            capture_output=True,
            text=True,
            check=False,
        )
        assert res_1.returncode == 0, f"Part 1 failed: {res_1.stderr}\n{res_1.stdout}"
    
        # --- Branch B: Subprocess 2 (100 -> 200 targets in fresh process) ---
        res_2 = subprocess.run(
            [
                sys.executable,
                str(worker_py),
                "part2",
                str(artifact_root),
                str(data_file),
                str(out_file),
            ],
            capture_output=True,
            text=True,
            check=False,
        )
>       assert res_2.returncode == 0, f"Part 2 failed: {res_2.stderr}\n{res_2.stdout}"
E       AssertionError: Part 2 failed: Traceback (most recent call last):
E           File "D:\Project\xlm\data\audit\p23-remediation\stage02\after03\regressions-tmp\test_cpu_fresh_process_continu0\worker.py", line 168, in <module>
E             run()
E           File "D:\Project\xlm\data\audit\p23-remediation\stage02\after03\regressions-tmp\test_cpu_fresh_process_continu0\worker.py", line 150, in run
E             summary = trainer.train()
E                       ^^^^^^^^^^^^^^^
E           File "D:\Project\xlm\src\xlm\training\trainer.py", line 571, in train
E             self._save_checkpoint(final_chk_id)
E           File "D:\Project\xlm\src\xlm\training\trainer.py", line 218, in _save_checkpoint
E             return self.checkpoint_manager.save_checkpoint(
E                    ^^^^^^^^^^^^^^^^^^^^^^^^^^^^^^^^^^^^^^^^
E           File "D:\Project\xlm\src\xlm\training\checkpoint.py", line 297, in save_checkpoint
E             dest_dir = self.store.publish_artifact(
E                        ^^^^^^^^^^^^^^^^^^^^^^^^^^^^
E           File "D:\Project\xlm\src\xlm\artifacts\store.py", line 210, in publish_artifact
E             raise ArtifactConflictError(
E         xlm.artifacts.store.ArtifactConflictError: Artifact conflict: 'run_interrupted_demo_final' has different payload or provenance
E         
E         
E       assert 1 == 0
E        +  where 1 = CompletedProcess(args=['D:\\Project\\xlm\\data\\audit\\p23-remediation\\stage01\\after01\\.venv\\Scripts\\python.exe', 'D:\\Project\\xlm\\data\\audit\\p23-remediation\\stage02\\after03\\regressions-tmp\\test_cpu_fresh_process_continu0\\worker.py', 'part2', 'D:\\Project\\xlm\\data\\audit\\p23-remediation\\stage02\\after03\\regressions-tmp\\test_cpu_fresh_process_continu0\\artifacts', 'D:\\Project\\xlm\\data\\audit\\p23-remediation\\stage02\\after03\\regressions-tmp\\test_cpu_fresh_process_continu0\\tokens.json', 'D:\\Project\\xlm\\data\\audit\\p23-remediation\\stage02\\after03\\regressions-tmp\\test_cpu_fresh_process_continu0\\ipc.json'], returncode=1, stdout='', stderr='Traceback (most recent call last):\n  File "D:\\Project\\xlm\\data\\audit\\p23-remediation\\stage02\\after03\\regressions-tmp\\test_cpu_fresh_process_continu0\\worker.py", line 168, in <module>\n    run()\n  File "D:\\Project\\xlm\\data\\audit\\p23-remediation\\stage02\\after03\\regressions-tmp\\test_cpu_fresh_process_continu0\\worker.py", line 150, in run\n    summary = trainer.train()\n              ^^^^^^^^^^^^^^^\n  File "D:\\Project\\xlm\\src\\xlm\\training\\trainer.py", line 571, in train\n    self._save_checkpoint(final_chk_id)\n  File "D:\\Project\\xlm\\src\\xlm\\training\\trainer.py", line 218, in _save_checkpoint\n    return self.checkpoint_manager.save_checkpoint(\n           ^^^^^^^^^^^^^^^^^^^^^^^^^^^^^^^^^^^^^^^^\n  File "D:\\Project\\xlm\\src\\xlm\\training\\checkpoint.py", line 297, in save_checkpoint\n    dest_dir = self.store.publish_artifact(\n               ^^^^^^^^^^^^^^^^^^^^^^^^^^^^\n  File "D:\\Project\\xlm\\src\\xlm\\artifacts\\store.py", line 210, in publish_artifact\n    raise ArtifactConflictError(\nxlm.artifacts.store.ArtifactConflictError: Artifact conflict: \'run_interrupted_demo_final\' has different payload or provenance\n').returncode

tests\test_continuation_p05.py:318: AssertionError
- generated xml file: D:\Project\xlm\data\audit\p23-remediation\stage02\after03\regressions.xml -
=========================== short test summary info ===========================
FAILED tests/test_continuation_p05.py::test_cpu_fresh_process_continuation_parity - AssertionError: Part 2 failed: Traceback (most recent call last):
    File "D:\Project\xlm\data\audit\p23-remediation\stage02\after03\regressions-tmp\test_cpu_fresh_process_continu0\worker.py", line 168, in <module>
      run()
    File "D:\Project\xlm\data\audit\p23-remediation\stage02\after03\regressions-tmp\test_cpu_fresh_process_continu0\worker.py", line 150, in run
      summary = trainer.train()
                ^^^^^^^^^^^^^^^
    File "D:\Project\xlm\src\xlm\training\trainer.py", line 571, in train
      self._save_checkpoint(final_chk_id)
    File "D:\Project\xlm\src\xlm\training\trainer.py", line 218, in _save_checkpoint
      return self.checkpoint_manager.save_checkpoint(
             ^^^^^^^^^^^^^^^^^^^^^^^^^^^^^^^^^^^^^^^^
    File "D:\Project\xlm\src\xlm\training\checkpoint.py", line 297, in save_checkpoint
      dest_dir = self.store.publish_artifact(
                 ^^^^^^^^^^^^^^^^^^^^^^^^^^^^
    File "D:\Project\xlm\src\xlm\artifacts\store.py", line 210, in publish_artifact
      raise ArtifactConflictError(
  xlm.artifacts.store.ArtifactConflictError: Artifact conflict: 'run_interrupted_demo_final' has different payload or provenance
  
  
assert 1 == 0
 +  where 1 = CompletedProcess(args=['D:\\Project\\xlm\\data\\audit\\p23-remediation\\stage01\\after01\\.venv\\Scripts\\python.exe', 'D:\\Project\\xlm\\data\\audit\\p23-remediation\\stage02\\after03\\regressions-tmp\\test_cpu_fresh_process_continu0\\worker.py', 'part2', 'D:\\Project\\xlm\\data\\audit\\p23-remediation\\stage02\\after03\\regressions-tmp\\test_cpu_fresh_process_continu0\\artifacts', 'D:\\Project\\xlm\\data\\audit\\p23-remediation\\stage02\\after03\\regressions-tmp\\test_cpu_fresh_process_continu0\\tokens.json', 'D:\\Project\\xlm\\data\\audit\\p23-remediation\\stage02\\after03\\regressions-tmp\\test_cpu_fresh_process_continu0\\ipc.json'], returncode=1, stdout='', stderr='Traceback (most recent call last):\n  File "D:\\Project\\xlm\\data\\audit\\p23-remediation\\stage02\\after03\\regressions-tmp\\test_cpu_fresh_process_continu0\\worker.py", line 168, in <module>\n    run()\n  File "D:\\Project\\xlm\\data\\audit\\p23-remediation\\stage02\\after03\\regressions-tmp\\test_cpu_fresh_process_continu0\\worker.py", line 150, in run\n    summary = trainer.train()\n              ^^^^^^^^^^^^^^^\n  File "D:\\Project\\xlm\\src\\xlm\\training\\trainer.py", line 571, in train\n    self._save_checkpoint(final_chk_id)\n  File "D:\\Project\\xlm\\src\\xlm\\training\\trainer.py", line 218, in _save_checkpoint\n    return self.checkpoint_manager.save_checkpoint(\n           ^^^^^^^^^^^^^^^^^^^^^^^^^^^^^^^^^^^^^^^^\n  File "D:\\Project\\xlm\\src\\xlm\\training\\checkpoint.py", line 297, in save_checkpoint\n    dest_dir = self.store.publish_artifact(\n               ^^^^^^^^^^^^^^^^^^^^^^^^^^^^\n  File "D:\\Project\\xlm\\src\\xlm\\artifacts\\store.py", line 210, in publish_artifact\n    raise ArtifactConflictError(\nxlm.artifacts.store.ArtifactConflictError: Artifact conflict: \'run_interrupted_demo_final\' has different payload or provenance\n').returncode
================== 1 failed, 82 passed in 259.61s (0:04:19) ===================
