============================= test session starts =============================
platform win32 -- Python 3.12.13, pytest-9.1.1, pluggy-1.6.0 -- D:\Project\xlm\data\audit\p23-remediation\stage01\after01\.venv\Scripts\python.exe
cachedir: .pytest_cache
rootdir: D:\Project\xlm
configfile: pyproject.toml
plugins: anyio-4.15.1, cov-7.1.0
collecting ... collected 0 items / 1 error

=================================== ERRORS ====================================
_ ERROR collecting data/audit/p23-remediation/stage02/after02/test_crash_boundary.py _
ImportError while importing test module 'D:\Project\xlm\data\audit\p23-remediation\stage02\after02\test_crash_boundary.py'.
Hint: make sure your test modules/packages have valid Python names.
Traceback:
data\audit\p23-remediation\stage01\after01\.venv\Lib\site-packages\_pytest\python.py:508: in importtestmodule
    mod = import_path(
data\audit\p23-remediation\stage01\after01\.venv\Lib\site-packages\_pytest\pathlib.py:596: in import_path
    importlib.import_module(module_name)
C:\Users\gamma\AppData\Roaming\uv\python\cpython-3.12.13-windows-x86_64-none\Lib\importlib\__init__.py:90: in import_module
    return _bootstrap._gcd_import(name[level:], package, level)
           ^^^^^^^^^^^^^^^^^^^^^^^^^^^^^^^^^^^^^^^^^^^^^^^^^^^^
<frozen importlib._bootstrap>:1387: in _gcd_import
    ???
<frozen importlib._bootstrap>:1360: in _find_and_load
    ???
<frozen importlib._bootstrap>:1331: in _find_and_load_unlocked
    ???
<frozen importlib._bootstrap>:935: in _load_unlocked
    ???
data\audit\p23-remediation\stage01\after01\.venv\Lib\site-packages\_pytest\assertion\rewrite.py:188: in exec_module
    exec(co, module.__dict__)
data\audit\p23-remediation\stage02\after02\test_crash_boundary.py:15: in <module>
    from test_frozen_execution import frozen_fixture
E   ModuleNotFoundError: No module named 'test_frozen_execution'
- generated xml file: D:\Project\xlm\data\audit\p23-remediation\stage02\after02\crash-before.xml -
=========================== short test summary info ===========================
ERROR data/audit/p23-remediation/stage02/after02/test_crash_boundary.py
!!!!!!!!!!!!!!!!!!! Interrupted: 1 error during collection !!!!!!!!!!!!!!!!!!!!
============================== 1 error in 2.70s ===============================
