plan digest 23a26ffc87d27e4c8fa5de86d7ec446c260bfd65442dc5b1dfd2651cd62222b7  (protocol essential-web-evidence-v4.1-phase-d)
dry plan    ee82125d1b0d2b6d0a6c420144910db954659d5b757283d39123ddc3d0080356
source      EssentialAI/essential-web-v1.0@ce4eccc7e9604667b6d7f32cb6274b8b41f3113d
root        G:\Project\xlm-evidence-v4.1\essential-web-phase-d
parent      G:\Project\xlm-evidence-v4.1\essential-web (read-only; plan 762cef78051011d518c4918a41aa87cf81fbb3224bf438af8cc1c499cfca7711)
hosts       huggingface.co cas-bridge.xethub.hf.co cdn-lfs.hf.co cdn-lfs-us-1.hf.co cdn-lfs-eu-1.hf.co transfer.xethub.hf.co transfer.xethub-eu.hf.co aws.cdn.hf.co us.aws.cdn.hf.co us-east-1.aws.cdn.hf.co us-west-2.aws.cdn.hf.co eu-west-3.aws.cdn.hf.co ap-southeast-1.aws.cdn.hf.co us.gcp.cdn.hf.co us-east1.us.gcp.cdn.hf.co us-central1.us.gcp.cdn.hf.co us-west4.us.gcp.cdn.hf.co europe-west4.us.gcp.cdn.hf.co asia-southeast1.us.gcp.cdn.hf.co
 0 M-00-d00  M_PROJECTED_RANGE  289898947-290481146 (582200 B) N=290684578 data/crawl=CC-MAIN-2014-15/train-01860-of-02772.parquet
 1 M-01-d00  M_PROJECTED_RANGE  315229381-316525769 (1296389 B) N=316724715 data/crawl=CC-MAIN-2015-32/train-01682-of-01920.parquet
 2 M-02-d00  M_PROJECTED_RANGE  205515226-207095759 (1580534 B) N=207246017 data/crawl=CC-MAIN-2016-50/train-02156-of-03132.parquet
 3 M-03-d00  M_PROJECTED_RANGE  60529942-62163811 (1633870 B) N=285464583 data/crawl=CC-MAIN-2018-05/train-03378-of-03429.parquet
 4 M-04-d00  M_PROJECTED_RANGE  95348280-96991688 (1643409 B) N=247450105 data/crawl=CC-MAIN-2019-09/train-00153-of-02577.parquet
 5 M-05-d00  M_PROJECTED_RANGE  156189931-157839896 (1649966 B) N=246957884 data/crawl=CC-MAIN-2021-04/train-00179-of-03315.parquet
 6 M-06-d00  M_PROJECTED_RANGE  192193472-193850648 (1657177 B) N=247477157 data/crawl=CC-MAIN-2021-49/train-00408-of-02895.parquet
 7 M-07-d00  M_PROJECTED_RANGE  62433757-64082741 (1648985 B) N=246493238 data/crawl=CC-MAIN-2024-26/train-01127-of-03168.parquet
 8 T-00-d00  T_TEXT_CHUNK_RANGE 156637786-160832089 (4194304 B) N=246305126 data/crawl=CC-MAIN-2014-15/train-01787-of-02772.parquet
 9 T-00-d01  T_TEXT_CHUNK_RANGE 160832090-165026393 (4194304 B) N=246305126 data/crawl=CC-MAIN-2014-15/train-01787-of-02772.parquet
10 T-00-d02  T_TEXT_CHUNK_RANGE 165026394-169220697 (4194304 B) N=246305126 data/crawl=CC-MAIN-2014-15/train-01787-of-02772.parquet
11 T-00-d03  T_TEXT_CHUNK_RANGE 169220698-173415001 (4194304 B) N=246305126 data/crawl=CC-MAIN-2014-15/train-01787-of-02772.parquet
12 T-00-d04  T_TEXT_CHUNK_RANGE 173415002-177609305 (4194304 B) N=246305126 data/crawl=CC-MAIN-2014-15/train-01787-of-02772.parquet
13 T-00-d05  T_TEXT_CHUNK_RANGE 177609306-179150783 (1541478 B) N=246305126 data/crawl=CC-MAIN-2014-15/train-01787-of-02772.parquet
14 T-01-d00  T_TEXT_CHUNK_RANGE 259990771-264185074 (4194304 B) N=319839046 data/crawl=CC-MAIN-2015-32/train-01486-of-01920.parquet
15 T-01-d01  T_TEXT_CHUNK_RANGE 264185075-268379378 (4194304 B) N=319839046 data/crawl=CC-MAIN-2015-32/train-01486-of-01920.parquet
16 T-01-d02  T_TEXT_CHUNK_RANGE 268379379-272573682 (4194304 B) N=319839046 data/crawl=CC-MAIN-2015-32/train-01486-of-01920.parquet
17 T-01-d03  T_TEXT_CHUNK_RANGE 272573683-276767986 (4194304 B) N=319839046 data/crawl=CC-MAIN-2015-32/train-01486-of-01920.parquet
18 T-01-d04  T_TEXT_CHUNK_RANGE 276767987-280962290 (4194304 B) N=319839046 data/crawl=CC-MAIN-2015-32/train-01486-of-01920.parquet
19 T-01-d05  T_TEXT_CHUNK_RANGE 280962291-283182501 (2220211 B) N=319839046 data/crawl=CC-MAIN-2015-32/train-01486-of-01920.parquet
20 T-02-d00  T_TEXT_CHUNK_RANGE 145763654-149957957 (4194304 B) N=266456951 data/crawl=CC-MAIN-2016-50/train-00454-of-03132.parquet
21 T-02-d01  T_TEXT_CHUNK_RANGE 149957958-154152261 (4194304 B) N=266456951 data/crawl=CC-MAIN-2016-50/train-00454-of-03132.parquet
22 T-02-d02  T_TEXT_CHUNK_RANGE 154152262-158346565 (4194304 B) N=266456951 data/crawl=CC-MAIN-2016-50/train-00454-of-03132.parquet
23 T-02-d03  T_TEXT_CHUNK_RANGE 158346566-162540869 (4194304 B) N=266456951 data/crawl=CC-MAIN-2016-50/train-00454-of-03132.parquet
24 T-02-d04  T_TEXT_CHUNK_RANGE 162540870-165808387 (3267518 B) N=266456951 data/crawl=CC-MAIN-2016-50/train-00454-of-03132.parquet
25 T-03-d00  T_TEXT_CHUNK_RANGE 190807685-195001988 (4194304 B) N=246789543 data/crawl=CC-MAIN-2018-05/train-01826-of-03429.parquet
26 T-03-d01  T_TEXT_CHUNK_RANGE 195001989-199196292 (4194304 B) N=246789543 data/crawl=CC-MAIN-2018-05/train-01826-of-03429.parquet
27 T-03-d02  T_TEXT_CHUNK_RANGE 199196293-203390596 (4194304 B) N=246789543 data/crawl=CC-MAIN-2018-05/train-01826-of-03429.parquet
28 T-03-d03  T_TEXT_CHUNK_RANGE 203390597-207584900 (4194304 B) N=246789543 data/crawl=CC-MAIN-2018-05/train-01826-of-03429.parquet
29 T-03-d04  T_TEXT_CHUNK_RANGE 207584901-211779204 (4194304 B) N=246789543 data/crawl=CC-MAIN-2018-05/train-01826-of-03429.parquet
30 T-03-d05  T_TEXT_CHUNK_RANGE 211779205-213037996 (1258792 B) N=246789543 data/crawl=CC-MAIN-2018-05/train-01826-of-03429.parquet
31 T-04-d00  T_TEXT_CHUNK_RANGE 197584400-201778703 (4194304 B) N=324914738 data/crawl=CC-MAIN-2019-09/train-01825-of-02577.parquet
32 T-04-d01  T_TEXT_CHUNK_RANGE 201778704-205973007 (4194304 B) N=324914738 data/crawl=CC-MAIN-2019-09/train-01825-of-02577.parquet
33 T-04-d02  T_TEXT_CHUNK_RANGE 205973008-210167311 (4194304 B) N=324914738 data/crawl=CC-MAIN-2019-09/train-01825-of-02577.parquet
34 T-04-d03  T_TEXT_CHUNK_RANGE 210167312-214361615 (4194304 B) N=324914738 data/crawl=CC-MAIN-2019-09/train-01825-of-02577.parquet
35 T-04-d04  T_TEXT_CHUNK_RANGE 214361616-218555919 (4194304 B) N=324914738 data/crawl=CC-MAIN-2019-09/train-01825-of-02577.parquet
36 T-04-d05  T_TEXT_CHUNK_RANGE 218555920-221221446 (2665527 B) N=324914738 data/crawl=CC-MAIN-2019-09/train-01825-of-02577.parquet
37 T-05-d00  T_TEXT_CHUNK_RANGE 129999706-134194009 (4194304 B) N=247552812 data/crawl=CC-MAIN-2021-04/train-00297-of-03315.parquet
38 T-05-d01  T_TEXT_CHUNK_RANGE 134194010-138388313 (4194304 B) N=247552812 data/crawl=CC-MAIN-2021-04/train-00297-of-03315.parquet
39 T-05-d02  T_TEXT_CHUNK_RANGE 138388314-142582617 (4194304 B) N=247552812 data/crawl=CC-MAIN-2021-04/train-00297-of-03315.parquet
40 T-05-d03  T_TEXT_CHUNK_RANGE 142582618-146776921 (4194304 B) N=247552812 data/crawl=CC-MAIN-2021-04/train-00297-of-03315.parquet
41 T-05-d04  T_TEXT_CHUNK_RANGE 146776922-150971225 (4194304 B) N=247552812 data/crawl=CC-MAIN-2021-04/train-00297-of-03315.parquet
42 T-05-d05  T_TEXT_CHUNK_RANGE 150971226-152903348 (1932123 B) N=247552812 data/crawl=CC-MAIN-2021-04/train-00297-of-03315.parquet
43 T-06-d00  T_TEXT_CHUNK_RANGE 32748062-36942365 (4194304 B) N=309043465 data/crawl=CC-MAIN-2021-49/train-02221-of-02895.parquet
44 T-06-d01  T_TEXT_CHUNK_RANGE 36942366-41136669 (4194304 B) N=309043465 data/crawl=CC-MAIN-2021-49/train-02221-of-02895.parquet
45 T-06-d02  T_TEXT_CHUNK_RANGE 41136670-45330973 (4194304 B) N=309043465 data/crawl=CC-MAIN-2021-49/train-02221-of-02895.parquet
46 T-06-d03  T_TEXT_CHUNK_RANGE 45330974-49525277 (4194304 B) N=309043465 data/crawl=CC-MAIN-2021-49/train-02221-of-02895.parquet
47 T-06-d04  T_TEXT_CHUNK_RANGE 49525278-53719581 (4194304 B) N=309043465 data/crawl=CC-MAIN-2021-49/train-02221-of-02895.parquet
48 T-06-d05  T_TEXT_CHUNK_RANGE 53719582-56440572 (2720991 B) N=309043465 data/crawl=CC-MAIN-2021-49/train-02221-of-02895.parquet
49 T-07-d00  T_TEXT_CHUNK_RANGE 31508248-35702551 (4194304 B) N=245750212 data/crawl=CC-MAIN-2024-26/train-02037-of-03168.parquet
50 T-07-d01  T_TEXT_CHUNK_RANGE 35702552-39896855 (4194304 B) N=245750212 data/crawl=CC-MAIN-2024-26/train-02037-of-03168.parquet
51 T-07-d02  T_TEXT_CHUNK_RANGE 39896856-44091159 (4194304 B) N=245750212 data/crawl=CC-MAIN-2024-26/train-02037-of-03168.parquet
52 T-07-d03  T_TEXT_CHUNK_RANGE 44091160-48285463 (4194304 B) N=245750212 data/crawl=CC-MAIN-2024-26/train-02037-of-03168.parquet
53 T-07-d04  T_TEXT_CHUNK_RANGE 48285464-52479767 (4194304 B) N=245750212 data/crawl=CC-MAIN-2024-26/train-02037-of-03168.parquet
54 T-07-d05  T_TEXT_CHUNK_RANGE 52479768-53258440 (778673 B) N=245750212 data/crawl=CC-MAIN-2024-26/train-02037-of-03168.parquet
M rows 4096; T locators 118
