============================= test session starts =============================
platform win32 -- Python 3.12.13, pytest-9.1.1, pluggy-1.6.0 -- D:\Project\xlm-integration\.venv-integration\Scripts\python.exe
cachedir: .pytest_cache
rootdir: D:\Project\xlm-integration
configfile: pyproject.toml
plugins: anyio-4.15.1, cov-7.1.0
collecting ... collected 75 items

tests/test_eval_declared_inputs.py::test_official_definitions_resolve_their_inherited_configuration PASSED [  1%]
tests/test_eval_declared_inputs.py::test_binding_rewrites_only_loader_keys PASSED [  2%]
tests/test_eval_declared_inputs.py::test_binding_refuses_an_unsupported_task_shape PASSED [  4%]
tests/test_eval_declared_inputs.py::test_binding_refuses_a_few_shot_task PASSED [  5%]
tests/test_eval_declared_inputs.py::test_official_formatting_is_applied_to_authored_records PASSED [  6%]
tests/test_eval_declared_inputs.py::test_resolve_metric_handles_the_installed_key_shape PASSED [  8%]
tests/test_eval_declared_inputs.py::test_complete_declared_scope_publishes_a_labelled_index PASSED [  9%]
tests/test_eval_declared_inputs.py::test_complete_fixture_scope_is_never_research_evidence PASSED [ 10%]
tests/test_eval_declared_inputs.py::test_every_declared_item_is_accounted_for_by_identity PASSED [ 12%]
tests/test_eval_declared_inputs.py::test_declared_ids_survive_preprocessing PASSED [ 13%]
tests/test_eval_declared_inputs.py::test_a_lost_declared_id_is_an_error_not_a_fallback PASSED [ 14%]
tests/test_eval_declared_inputs.py::test_all_four_tasks_under_a_limit_do_not_produce_an_index PASSED [ 16%]
tests/test_eval_declared_inputs.py::test_a_narrower_declared_scope_is_complete_only_within_itself PASSED [ 17%]
tests/test_eval_declared_inputs.py::test_a_missing_item_in_the_artifact_is_refused_before_execution PASSED [ 18%]
tests/test_eval_declared_inputs.py::test_results_are_stable_under_input_ordering PASSED [ 20%]
tests/test_eval_declared_inputs.py::test_identical_request_reuses_the_cached_aggregate PASSED [ 21%]
tests/test_eval_declared_inputs.py::test_a_relabelling_keeps_the_raw_identity_but_invalidates_the_aggregate PASSED [ 22%]
tests/test_eval_declared_inputs.py::test_a_changed_prompt_changes_the_raw_identity PASSED [ 24%]
tests/test_eval_declared_inputs.py::test_a_changed_runtime_limit_changes_both_identities PASSED [ 25%]
tests/test_eval_declared_inputs.py::test_a_changed_checkpoint_changes_the_raw_identity PASSED [ 26%]
tests/test_eval_declared_inputs.py::test_legacy_evidence_without_coverage_stays_unverified PASSED [ 28%]
tests/test_eval_declared_inputs.py::test_the_undeclared_fixture_route_withholds_the_index PASSED [ 29%]
tests/test_eval_declared_inputs.py::test_pinned_remote_revisions_remain_blocked_on_the_undeclared_route PASSED [ 30%]
tests/test_eval_declared_inputs.py::test_cli_verify_inputs_only_needs_no_checkpoint PASSED [ 32%]
tests/test_eval_declared_inputs.py::test_cli_verify_inputs_only_reports_a_bad_manifest PASSED [ 33%]
tests/test_eval_declared_inputs.py::test_cli_declared_run_publishes_a_labelled_index PASSED [ 34%]
tests/test_eval_declared_inputs.py::test_cli_declared_run_under_a_limit_withholds_the_index PASSED [ 36%]
tests/test_eval_declared_inputs.py::test_cli_refuses_to_mix_declared_inputs_with_task_overrides PASSED [ 37%]
tests/test_eval_declared_inputs.py::test_cli_requires_a_checkpoint_to_evaluate PASSED [ 38%]
tests/test_eval_inputs.py::test_policy_splits_come_from_the_frozen_suite_definition PASSED [ 40%]
tests/test_eval_inputs.py::test_authored_fixture_manifest_verifies_and_reports_its_scope PASSED [ 41%]
tests/test_eval_inputs.py::test_manifest_id_is_content_identity_not_file_location PASSED [ 42%]
tests/test_eval_inputs.py::test_manifest_id_changes_with_membership PASSED [ 44%]
tests/test_eval_inputs.py::test_prompt_and_label_digests_are_separate PASSED [ 45%]
tests/test_eval_inputs.py::test_digests_are_stable_under_record_reordering PASSED [ 46%]
tests/test_eval_inputs.py::test_wrong_split_for_the_tier_is_refused PASSED [ 48%]
tests/test_eval_inputs.py::test_hellaswag_final_split_is_refused_at_search PASSED [ 49%]
tests/test_eval_inputs.py::test_final_tier_requires_operator_authorization PASSED [ 50%]
tests/test_eval_inputs.py::test_requested_tier_must_match_the_manifest PASSED [ 52%]
tests/test_eval_inputs.py::test_isolated_final_exposure_is_refused_for_a_developer_run PASSED [ 53%]
tests/test_eval_inputs.py::test_same_length_corruption_is_rejected PASSED [ 54%]
tests/test_eval_inputs.py::test_size_mismatch_is_rejected PASSED         [ 56%]
tests/test_eval_inputs.py::test_an_unselected_larger_source_is_not_the_selected_artifact PASSED [ 57%]
tests/test_eval_inputs.py::test_missing_declared_item_is_rejected PASSED [ 58%]
tests/test_eval_inputs.py::test_duplicate_records_in_the_artifact_are_rejected PASSED [ 60%]
tests/test_eval_inputs.py::test_duplicate_declared_ids_are_rejected_by_the_schema PASSED [ 61%]
tests/test_eval_inputs.py::test_missing_declared_id_field_is_rejected PASSED [ 62%]
tests/test_eval_inputs.py::test_missing_declared_label_field_is_rejected PASSED [ 64%]
tests/test_eval_inputs.py::test_absent_artifact_is_rejected PASSED       [ 65%]
tests/test_eval_inputs.py::test_harness_version_drift_is_rejected PASSED [ 66%]
tests/test_eval_inputs.py::test_required_subdataset_must_be_selected PASSED [ 68%]
tests/test_eval_inputs.py::test_manifest_cannot_supply_its_own_task_definitions PASSED [ 69%]
tests/test_eval_inputs.py::test_unsupported_manifest_version_is_refused PASSED [ 70%]
tests/test_eval_inputs.py::test_selection_cannot_declare_an_empty_population PASSED [ 72%]
tests/test_eval_inputs.py::test_selection_cannot_select_more_than_its_declared_source PASSED [ 73%]
tests/test_eval_inputs.py::test_build_reads_membership_from_the_artifact_not_the_operator PASSED [ 74%]
tests/test_eval_inputs.py::test_subset_scope_is_a_valid_narrower_manifest PASSED [ 76%]
tests/test_eval_coverage.py::test_full_coverage_is_complete_and_publishes_the_index PASSED [ 77%]
tests/test_eval_coverage.py::test_coverage_is_independent_of_observation_order PASSED [ 78%]
tests/test_eval_coverage.py::test_all_four_tasks_present_but_partially_scored_is_incomplete PASSED [ 80%]
tests/test_eval_coverage.py::test_runtime_limit_smaller_than_the_population_is_flagged_before_results PASSED [ 81%]
tests/test_eval_coverage.py::test_a_failed_item_does_not_shrink_the_expected_population PASSED [ 82%]
tests/test_eval_coverage.py::test_a_duplicate_scored_item_cannot_masquerade_as_coverage PASSED [ 84%]
tests/test_eval_coverage.py::test_an_unexpected_item_is_reported_not_absorbed PASSED [ 85%]
tests/test_eval_coverage.py::test_a_missing_blimp_subdataset_is_incomplete_even_with_enough_items PASSED [ 86%]
tests/test_eval_coverage.py::test_a_task_returning_nothing_is_a_missing_task PASSED [ 88%]
tests/test_eval_coverage.py::test_an_interrupted_run_is_never_complete PASSED [ 89%]
tests/test_eval_coverage.py::test_a_declared_smaller_scope_is_complete_within_itself_only PASSED [ 90%]
tests/test_eval_coverage.py::test_authored_fixture_scope_is_complete_but_never_research_evidence PASSED [ 92%]
tests/test_eval_coverage.py::test_undeclared_coverage_never_claims_an_expected_population PASSED [ 93%]
tests/test_eval_coverage.py::test_legacy_coverage_is_not_retroactively_completed PASSED [ 94%]
tests/test_eval_coverage.py::test_coverage_survives_a_round_trip PASSED  [ 96%]
tests/test_eval_coverage.py::test_task_coverage_complete_requires_every_condition PASSED [ 97%]
tests/test_eval_coverage.py::test_expected_population_comes_from_the_manifest_alone PASSED [ 98%]
tests/test_eval_coverage.py::test_a_manifest_declaring_fewer_tasks_requires_only_those PASSED [100%]

- generated xml file: D:\Project\xlm-integration\data\audit\p23-remediation\stage05\int01\evalfocus2.xml -
======================= 75 passed in 324.08s (0:05:24) ========================
