============================= test session starts =============================
platform win32 -- Python 3.12.13, pytest-9.1.1, pluggy-1.6.0 -- D:\Project\xlm-integration\.venv-integration\Scripts\python.exe
cachedir: .pytest_cache
rootdir: D:\Project\xlm-integration
configfile: pyproject.toml
plugins: anyio-4.15.1, cov-7.1.0
collecting ... collected 205 items / 1 deselected / 204 selected

tests/test_acquisition_bounds.py::test_original_valid_transfer_and_restart_consumption PASSED [  0%]
tests/test_acquisition_bounds.py::test_completed_original_is_never_repaired[same_length] PASSED [  0%]
tests/test_acquisition_bounds.py::test_completed_original_is_never_repaired[missing] PASSED [  1%]
tests/test_acquisition_bounds.py::test_completed_original_is_never_repaired[incomplete] PASSED [  1%]
tests/test_acquisition_bounds.py::test_whole_original_over_record_limit_is_refused PASSED [  2%]
tests/test_acquisition_bounds.py::test_original_concurrent_reservations_share_allowance PASSED [  2%]
tests/test_acquisition_bounds.py::test_fresh_process_reservations_and_killed_owner_remain_spent PASSED [  3%]
tests/test_acquisition_bounds.py::test_killed_download_resumes_in_a_fresh_process_without_new_allowance PASSED [  3%]
tests/test_acquisition_bounds.py::test_paths_and_collisions_fail_before_filesystem_effects[../escape.jsonl] PASSED [  4%]
tests/test_acquisition_bounds.py::test_paths_and_collisions_fail_before_filesystem_effects[CON] PASSED [  4%]
tests/test_acquisition_bounds.py::test_paths_and_collisions_fail_before_filesystem_effects[a/../b] PASSED [  5%]
tests/test_acquisition_bounds.py::test_paths_and_collisions_fail_before_filesystem_effects[A.jsonl,a.jsonl] PASSED [  5%]
tests/test_acquisition_bounds.py::test_corrupt_journal_is_not_reset PASSED [  6%]
tests/test_acquisition_bounds.py::test_redirect_retry_bodies_and_requests_are_charged[redirect.jsonl-redirect body] PASSED [  6%]
tests/test_acquisition_bounds.py::test_redirect_retry_bodies_and_requests_are_charged[retry.jsonl-retry body] PASSED [  7%]
tests/test_acquisition_bounds.py::test_metadata_uses_the_same_body_and_request_budget PASSED [  7%]
tests/test_acquisition_bounds.py::test_selected_records_have_exact_original_locators[rows.jsonl-interval0-texts0] PASSED [  8%]
tests/test_acquisition_bounds.py::test_selected_records_have_exact_original_locators[rows.parquet-interval1-texts1] PASSED [  8%]
tests/test_acquisition_bounds.py::test_ignored_parquet_range_has_no_whole_shard_fallback PASSED [  9%]
tests/test_acquisition_bounds.py::test_compressed_corpus_expansion_is_refused PASSED [  9%]
tests/test_acquisition_bounds.py::test_deadline_and_plan_identity_cannot_be_reset PASSED [ 10%]
tests/test_acquisition_bounds.py::test_public_plan_fetch_status_verify_prepare PASSED [ 10%]
tests/test_acquisition_bounds.py::test_nested_acquisition_consumes_parent_preparation_budget PASSED [ 11%]
tests/test_acquisition_bounds.py::test_selected_private_attempt_resumes_in_new_process PASSED [ 11%]
tests/test_acquisition_bounds.py::test_blank_gzip_expansion_is_bounded PASSED [ 12%]
tests/test_acquisition_bounds.py::test_production_admission_reference_is_not_evidence PASSED [ 12%]
tests/test_acquisition_bounds.py::test_public_probe_attempt_has_durable_body_request_and_deadline_account PASSED [ 13%]
tests/test_acquisition_bounds.py::test_shared_storage_reservations_and_verified_reconciliation[temp] PASSED [ 13%]
tests/test_acquisition_bounds.py::test_shared_storage_reservations_and_verified_reconciliation[output] PASSED [ 14%]
tests/test_acquisition_bounds.py::test_selected_parquet_refuses_parser_bound_without_original_fallback PASSED [ 14%]
tests/test_acquisition_bounds.py::test_source_validator_is_durable_across_selected_attempts PASSED [ 15%]
tests/test_prepare_bounds.py::test_child_stdout_and_stderr_are_bounded_and_accounted PASSED [ 15%]
tests/test_prepare_bounds.py::test_child_output_accounting_covers_write_orders[import os; os.write(1,b'A'*8192); os.write(2,b'B'*8192)] PASSED [ 16%]
tests/test_prepare_bounds.py::test_child_output_accounting_covers_write_orders[import os; os.write(2,b'B'*8192); os.write(1,b'A'*8192)] PASSED [ 16%]
tests/test_prepare_bounds.py::test_child_output_accounting_covers_write_orders[import os; [(os.write(1,b'A'*512), os.write(2,b'B'*512)) for _ in range(16)]] PASSED [ 17%]
tests/test_prepare_bounds.py::test_child_output_accounting_covers_write_orders[import os; os.write(1,b'A'*8192)] PASSED [ 17%]
tests/test_prepare_bounds.py::test_child_output_categorizes_every_returned_byte_under_tiny_allowance PASSED [ 18%]
tests/test_prepare_bounds.py::test_child_output_tiny_allowance_over_real_pipes PASSED [ 18%]
tests/test_prepare_bounds.py::test_stale_rerun_keeps_cumulative_account_without_reuse PASSED [ 19%]
tests/test_prepare_bounds.py::test_check_only_stage_consumes_aggregate_allowance PASSED [ 19%]
tests/test_prepare_bounds.py::test_changed_prepare_budget_does_not_replenish_account PASSED [ 20%]
tests/test_prepare_bounds.py::test_prepare_record_parser_and_expansion_caps[budget0-{"text":"a"}\n{"text":"b"}\n-record] PASSED [ 20%]
tests/test_prepare_bounds.py::test_prepare_record_parser_and_expansion_caps[budget1-{"text":"long"}\n-record byte] PASSED [ 21%]
tests/test_prepare_bounds.py::test_prepare_record_parser_and_expansion_caps[budget2-{"text":"long"}\n-decompressed] PASSED [ 21%]
tests/test_prepare_bounds.py::test_prepare_aggregate_output_guard PASSED [ 22%]
tests/test_prepare_bounds.py::test_timed_out_child_and_descendant_are_stopped PASSED [ 22%]
tests/test_prepare_bounds.py::test_prepare_unknown_budget_fields_fail_explicitly PASSED [ 23%]
tests/test_prepare_bounds.py::test_declared_external_output_is_in_shared_disk_account PASSED [ 23%]
tests/test_acquisition_plan.py::test_plan_behavioral_hash_invariance PASSED [ 24%]
tests/test_acquisition_plan.py::test_plan_pilot_approval_enforcement PASSED [ 24%]
tests/test_acquisition_plan.py::test_plan_production_authorization_enforcement PASSED [ 25%]
tests/test_acquisition_plan.py::test_plan_denied_fineweb_policy PASSED   [ 25%]
tests/test_acquisition_plan.py::test_plan_serialization_roundtrip PASSED [ 25%]
tests/test_acquisition_fetcher.py::test_fetcher_dropouts_and_range_resumption PASSED [ 26%]
tests/test_acquisition_fetcher.py::test_fetcher_ignored_range_handling PASSED [ 26%]
tests/test_acquisition_fetcher.py::test_fetcher_source_drift_412_blocks PASSED [ 27%]
tests/test_acquisition_fetcher.py::test_fetcher_rate_limit_429_backoff PASSED [ 27%]
tests/test_acquisition_fetcher.py::test_fetcher_inconsistent_content_range_fails PASSED [ 28%]
tests/test_acquisition_fetcher.py::test_fetcher_oversized_payload_halts_budget PASSED [ 28%]
tests/test_acquisition_fetcher.py::test_fetcher_malicious_redirect_blocked PASSED [ 29%]
tests/test_acquisition_fetcher.py::test_fetcher_cache_hits_and_zero_network PASSED [ 29%]
tests/test_acquisition_fetcher.py::test_fetcher_decompression_bomb_guard PASSED [ 30%]
tests/test_acquisition_fetcher.py::test_fetcher_crash_consistency_reconciliation PASSED [ 30%]
tests/test_acquisition_verifier.py::test_verifier_independent_checksum_positive PASSED [ 31%]
tests/test_acquisition_verifier.py::test_verifier_corrupted_jsonl_mismatch PASSED [ 31%]
tests/test_acquisition_verifier.py::test_verifier_parquet_format_verification PASSED [ 32%]
tests/test_acquisition_verifier.py::test_verifier_missing_file_fails PASSED [ 32%]
tests/test_acquisition_verifier.py::test_verifier_artifact_store_publication_and_post_corruption PASSED [ 33%]
tests/test_acquisition_verifier.py::test_base_environment_zero_torch_isolation PASSED [ 33%]
tests/test_source_discovery.py::test_source_prober_missing_repo_outcome PASSED [ 34%]
tests/test_source_discovery.py::test_source_prober_gated_repo_outcome PASSED [ 34%]
tests/test_source_discovery.py::test_source_prober_denied_fineweb_policy_block PASSED [ 35%]
tests/test_source_discovery.py::test_nested_field_schema_inspection PASSED [ 35%]
tests/test_source_discovery.py::test_missing_text_field_explicit_handling PASSED [ 36%]
tests/test_source_discovery.py::test_secret_redaction_and_preview_bounding PASSED [ 36%]
tests/test_source_discovery.py::test_probe_fingerprint_stability_and_invalidation PASSED [ 37%]
tests/test_source_discovery.py::test_transport_budget_limits_and_deadlines PASSED [ 37%]
tests/test_source_discovery.py::test_security_host_allowlist_and_local_traversal PASSED [ 38%]
tests/test_source_discovery.py::test_ambiguous_provider_error_does_not_infer_nonexistence PASSED [ 38%]
tests/test_source_discovery.py::test_malicious_redirect_blocked_by_safe_redirect_handler PASSED [ 39%]
tests/test_source_discovery.py::test_prober_budget_exhaustion_outcome PASSED [ 39%]
tests/test_source_discovery.py::test_partial_inventory_and_unresolved_requirements PASSED [ 40%]
tests/test_source_admission.py::test_admission_gate_positive_path PASSED [ 40%]
tests/test_source_admission.py::test_admission_gate_synthetic_evidence_rejection PASSED [ 41%]
tests/test_source_admission.py::test_admission_gate_operator_approval_cannot_override_denial_or_missing_revision PASSED [ 41%]
tests/test_source_admission.py::test_admission_gate_stale_fingerprint_invalidation PASSED [ 42%]
tests/test_source_admission.py::test_catalog_auditor_all_twenty_candidates_unadmitted PASSED [ 42%]
tests/test_source_admission.py::test_p01_artifact_persistence PASSED     [ 43%]
tests/test_source_admission.py::test_base_environment_zero_torch_isolation PASSED [ 43%]
tests/test_source_admission.py::test_admission_gate_view_mismatch PASSED [ 44%]
tests/test_source_admission.py::test_admission_gate_benchmark_risk_block PASSED [ 44%]
tests/test_prepare.py::test_plan_only_reports_statuses_without_executing PASSED [ 45%]
tests/test_prepare.py::test_missing_approval_blocks_with_named_reason PASSED [ 45%]
tests/test_prepare.py::test_unknown_variables_fail_closed PASSED         [ 46%]
tests/test_prepare.py::test_duplicate_and_unknown_stages_are_rejected PASSED [ 46%]
tests/test_prepare.py::test_stale_inputs_invalidate_downstream PASSED    [ 47%]
tests/test_prepare.py::test_execution_requires_explicit_authorization PASSED [ 47%]
tests/test_prepare.py::test_full_toy_run_reuses_on_repeat PASSED         [ 48%]
tests/test_prepare.py::test_partial_outputs_resume_without_redo PASSED   [ 48%]
tests/test_prepare.py::test_failed_stage_stops_with_reason_and_state PASSED [ 49%]
tests/test_prepare.py::test_local_copy_enforces_its_byte_cap PASSED      [ 49%]
tests/test_prepare.py::test_find_repo_root_and_config_errors PASSED      [ 50%]
tests/test_prepare.py::test_cli_plan_only_lists_stages PASSED            [ 50%]
tests/test_prepare.py::test_cli_prepare_refuses_without_authorize PASSED [ 50%]
tests/test_prepare.py::test_cli_maintenance_dry_run_lists_scratch PASSED [ 51%]
tests/test_config.py::test_duplicate_yaml_key_rejection PASSED           [ 51%]
tests/test_config.py::test_unknown_key_rejection PASSED                  [ 52%]
tests/test_config.py::test_non_finite_float_rejection PASSED             [ 52%]
tests/test_config.py::test_composition_extends_and_cycle_detection PASSED [ 53%]
tests/test_config.py::test_list_replacement_and_deep_merge PASSED        [ 53%]
tests/test_config.py::test_conflicting_component_type_change PASSED      [ 54%]
tests/test_config.py::test_environment_variable_interpolation PASSED     [ 54%]
tests/test_config.py::test_cli_overrides PASSED                          [ 55%]
tests/test_config.py::test_draft_versus_executable_validation PASSED     [ 55%]
tests/test_config.py::test_supplied_preset_recipes_validity PASSED       [ 56%]
tests/test_config.py::test_canonical_hashing_and_granularity PASSED      [ 56%]
tests/test_config.py::test_cli_config_commands PASSED                    [ 57%]
tests/test_cli_inventory.py::test_every_registered_command_help[xlm ] PASSED [ 57%]
tests/test_cli_inventory.py::test_every_registered_command_help[xlm artifact] PASSED [ 58%]
tests/test_cli_inventory.py::test_every_registered_command_help[xlm artifact inspect] PASSED [ 58%]
tests/test_cli_inventory.py::test_every_registered_command_help[xlm artifact rebuild-ledger] PASSED [ 59%]
tests/test_cli_inventory.py::test_every_registered_command_help[xlm artifact verify] PASSED [ 59%]
tests/test_cli_inventory.py::test_every_registered_command_help[xlm campaign] PASSED [ 60%]
tests/test_cli_inventory.py::test_every_registered_command_help[xlm campaign plan] PASSED [ 60%]
tests/test_cli_inventory.py::test_every_registered_command_help[xlm compare] PASSED [ 61%]
tests/test_cli_inventory.py::test_every_registered_command_help[xlm config] PASSED [ 61%]
tests/test_cli_inventory.py::test_every_registered_command_help[xlm config diff] PASSED [ 62%]
tests/test_cli_inventory.py::test_every_registered_command_help[xlm config resolve] PASSED [ 62%]
tests/test_cli_inventory.py::test_every_registered_command_help[xlm config schema] PASSED [ 63%]
tests/test_cli_inventory.py::test_every_registered_command_help[xlm config validate] PASSED [ 63%]
tests/test_cli_inventory.py::test_every_registered_command_help[xlm dashboard] PASSED [ 64%]
tests/test_cli_inventory.py::test_every_registered_command_help[xlm data] PASSED [ 64%]
tests/test_cli_inventory.py::test_every_registered_command_help[xlm data admit] PASSED [ 65%]
tests/test_cli_inventory.py::test_every_registered_command_help[xlm data audit] PASSED [ 65%]
tests/test_cli_inventory.py::test_every_registered_command_help[xlm data clean] PASSED [ 66%]
tests/test_cli_inventory.py::test_every_registered_command_help[xlm data dedup] PASSED [ 66%]
tests/test_cli_inventory.py::test_every_registered_command_help[xlm data fetch] PASSED [ 67%]
tests/test_cli_inventory.py::test_every_registered_command_help[xlm data freeze] PASSED [ 67%]
tests/test_cli_inventory.py::test_every_registered_command_help[xlm data import-local] PASSED [ 68%]
tests/test_cli_inventory.py::test_every_registered_command_help[xlm data mix01-status] PASSED [ 68%]
tests/test_cli_inventory.py::test_every_registered_command_help[xlm data plan] PASSED [ 69%]
tests/test_cli_inventory.py::test_every_registered_command_help[xlm data pool] PASSED [ 69%]
tests/test_cli_inventory.py::test_every_registered_command_help[xlm data pool build] PASSED [ 70%]
tests/test_cli_inventory.py::test_every_registered_command_help[xlm data pool inspect] PASSED [ 70%]
tests/test_cli_inventory.py::test_every_registered_command_help[xlm data pool verify] PASSED [ 71%]
tests/test_cli_inventory.py::test_every_registered_command_help[xlm data probe] PASSED [ 71%]
tests/test_cli_inventory.py::test_every_registered_command_help[xlm data quality-report] PASSED [ 72%]
tests/test_cli_inventory.py::test_every_registered_command_help[xlm data sources] PASSED [ 72%]
tests/test_cli_inventory.py::test_every_registered_command_help[xlm data split] PASSED [ 73%]
tests/test_cli_inventory.py::test_every_registered_command_help[xlm data status] PASSED [ 73%]
tests/test_cli_inventory.py::test_every_registered_command_help[xlm data tokenize] PASSED [ 74%]
tests/test_cli_inventory.py::test_every_registered_command_help[xlm data verify] PASSED [ 74%]
tests/test_cli_inventory.py::test_every_registered_command_help[xlm demo] PASSED [ 75%]
tests/test_cli_inventory.py::test_every_registered_command_help[xlm doctor] PASSED [ 75%]
tests/test_cli_inventory.py::test_every_registered_command_help[xlm evaluate] PASSED [ 75%]
tests/test_cli_inventory.py::test_every_registered_command_help[xlm experiment] PASSED [ 76%]
tests/test_cli_inventory.py::test_every_registered_command_help[xlm experiment authorize] PASSED [ 76%]
tests/test_cli_inventory.py::test_every_registered_command_help[xlm experiment plan] PASSED [ 77%]
tests/test_cli_inventory.py::test_every_registered_command_help[xlm experiment submit] PASSED [ 77%]
tests/test_cli_inventory.py::test_every_registered_command_help[xlm export] PASSED [ 78%]
tests/test_cli_inventory.py::test_every_registered_command_help[xlm final] PASSED [ 78%]
tests/test_cli_inventory.py::test_every_registered_command_help[xlm final execute] PASSED [ 79%]
tests/test_cli_inventory.py::test_every_registered_command_help[xlm final request] PASSED [ 79%]
tests/test_cli_inventory.py::test_every_registered_command_help[xlm final verify-receipt] PASSED [ 80%]
tests/test_cli_inventory.py::test_every_registered_command_help[xlm generate] PASSED [ 80%]
tests/test_cli_inventory.py::test_every_registered_command_help[xlm generate-session] PASSED [ 81%]
tests/test_cli_inventory.py::test_every_registered_command_help[xlm maintenance] PASSED [ 81%]
tests/test_cli_inventory.py::test_every_registered_command_help[xlm mixture] PASSED [ 82%]
tests/test_cli_inventory.py::test_every_registered_command_help[xlm mixture inspect] PASSED [ 82%]
tests/test_cli_inventory.py::test_every_registered_command_help[xlm mixture matched-plan] PASSED [ 83%]
tests/test_cli_inventory.py::test_every_registered_command_help[xlm mixture plan] PASSED [ 83%]
tests/test_cli_inventory.py::test_every_registered_command_help[xlm mixture preset-diff] PASSED [ 84%]
tests/test_cli_inventory.py::test_every_registered_command_help[xlm mixture preset-validate] PASSED [ 84%]
tests/test_cli_inventory.py::test_every_registered_command_help[xlm mixture preview] PASSED [ 85%]
tests/test_cli_inventory.py::test_every_registered_command_help[xlm mixture validate] PASSED [ 85%]
tests/test_cli_inventory.py::test_every_registered_command_help[xlm model] PASSED [ 86%]
tests/test_cli_inventory.py::test_every_registered_command_help[xlm model inspect] PASSED [ 86%]
tests/test_cli_inventory.py::test_every_registered_command_help[xlm prepare] PASSED [ 87%]
tests/test_cli_inventory.py::test_every_registered_command_help[xlm profile] PASSED [ 87%]
tests/test_cli_inventory.py::test_every_registered_command_help[xlm promote] PASSED [ 88%]
tests/test_cli_inventory.py::test_every_registered_command_help[xlm queue] PASSED [ 88%]
tests/test_cli_inventory.py::test_every_registered_command_help[xlm queue cancel] PASSED [ 89%]
tests/test_cli_inventory.py::test_every_registered_command_help[xlm queue run] PASSED [ 89%]
tests/test_cli_inventory.py::test_every_registered_command_help[xlm queue status] PASSED [ 90%]
tests/test_cli_inventory.py::test_every_registered_command_help[xlm release] PASSED [ 90%]
tests/test_cli_inventory.py::test_every_registered_command_help[xlm release audit] PASSED [ 91%]
tests/test_cli_inventory.py::test_every_registered_command_help[xlm report] PASSED [ 91%]
tests/test_cli_inventory.py::test_every_registered_command_help[xlm research] PASSED [ 92%]
tests/test_cli_inventory.py::test_every_registered_command_help[xlm research check-plugin] PASSED [ 92%]
tests/test_cli_inventory.py::test_every_registered_command_help[xlm research idea] PASSED [ 93%]
tests/test_cli_inventory.py::test_every_registered_command_help[xlm research idea new] PASSED [ 93%]
tests/test_cli_inventory.py::test_every_registered_command_help[xlm research idea validate] PASSED [ 94%]
tests/test_cli_inventory.py::test_every_registered_command_help[xlm research scaffold] PASSED [ 94%]
tests/test_cli_inventory.py::test_every_registered_command_help[xlm resume] PASSED [ 95%]
tests/test_cli_inventory.py::test_every_registered_command_help[xlm run] PASSED [ 95%]
tests/test_cli_inventory.py::test_every_registered_command_help[xlm run inspect] PASSED [ 96%]
tests/test_cli_inventory.py::test_every_registered_command_help[xlm runs] PASSED [ 96%]
tests/test_cli_inventory.py::test_every_registered_command_help[xlm runs list] PASSED [ 97%]
tests/test_cli_inventory.py::test_every_registered_command_help[xlm tokenizer] PASSED [ 97%]
tests/test_cli_inventory.py::test_every_registered_command_help[xlm tokenizer encode] PASSED [ 98%]
tests/test_cli_inventory.py::test_every_registered_command_help[xlm tokenizer inspect] PASSED [ 98%]
tests/test_cli_inventory.py::test_every_registered_command_help[xlm tokenizer train] PASSED [ 99%]
tests/test_cli_inventory.py::test_every_registered_command_help[xlm tokenizer verify] PASSED [ 99%]
tests/test_cli_inventory.py::test_every_registered_command_help[xlm train] PASSED [100%]

- generated xml file: D:\Project\xlm-integration\data\audit\p23-remediation\stage05\int01\focused2.xml -
================ 204 passed, 1 deselected in 293.93s (0:04:53) ================
