============================= test session starts =============================
platform win32 -- Python 3.12.13, pytest-9.1.1, pluggy-1.6.0 -- D:\Project\xlm\data\audit\p23-remediation\stage01\after01\.venv\Scripts\python.exe
cachedir: .pytest_cache
rootdir: D:\Project\xlm
configfile: pyproject.toml
plugins: anyio-4.15.1, cov-7.1.0
collecting ... collected 82 items

tests/test_configurable_workflow.py::test_public_two_source_prepare_direct_queue_and_resume[False] FAILED [  1%]
tests/test_configurable_workflow.py::test_public_two_source_prepare_direct_queue_and_resume[True] FAILED [  2%]
tests/test_configurable_training.py::test_document_visit_respects_declared_cap PASSED [  3%]
tests/test_configurable_training.py::test_uncapped_authored_stream_positive_control PASSED [  4%]
tests/test_configurable_training.py::test_public_cli_executes_registered_objective PASSED [  6%]
tests/test_configurable_training.py::test_capped_visits_preserve_every_target_and_real_document[causal_stream-1] PASSED [  7%]
tests/test_configurable_training.py::test_capped_visits_preserve_every_target_and_real_document[causal_stream-4] PASSED [  8%]
tests/test_configurable_training.py::test_capped_visits_preserve_every_target_and_real_document[causal_stream-17] PASSED [  9%]
tests/test_configurable_training.py::test_capped_visits_preserve_every_target_and_real_document[isolated_document-1] PASSED [ 10%]
tests/test_configurable_training.py::test_capped_visits_preserve_every_target_and_real_document[isolated_document-4] PASSED [ 12%]
tests/test_configurable_training.py::test_capped_visits_preserve_every_target_and_real_document[isolated_document-17] PASSED [ 13%]
tests/test_configurable_training.py::test_cap_changes_real_source_visits_and_shares PASSED [ 14%]
tests/test_configurable_training.py::test_mixture_partial_budget_rollback_and_resume_preserve_suffix PASSED [ 15%]
tests/test_training_resolution.py::test_declared_input_mismatches_are_refused[missing] PASSED [ 17%]
tests/test_training_resolution.py::test_declared_input_mismatches_are_refused[source] PASSED [ 18%]
tests/test_training_resolution.py::test_declared_input_mismatches_are_refused[tokenizer] PASSED [ 19%]
tests/test_training_resolution.py::test_declared_input_mismatches_are_refused[exposure] PASSED [ 20%]
tests/test_training_resolution.py::test_declared_input_mismatches_are_refused[seed] PASSED [ 21%]
tests/test_training_resolution.py::test_declared_input_mismatches_are_refused[field] PASSED [ 23%]
tests/test_training_resolution.py::test_declared_input_mismatches_are_refused[packing] PASSED [ 24%]
tests/test_training_resolution.py::test_token_exposure_projection_is_recomputed PASSED [ 25%]
tests/test_training_resolution.py::test_exposure_quotas_and_block_size_change_actual_stream PASSED [ 26%]
tests/test_training_resolution.py::test_registered_unsupported_capabilities_fail_before_training PASSED [ 28%]
tests/test_training_resolution.py::test_explicit_existing_control_plugin_does_not_mutate_global_registry PASSED [ 29%]
tests/test_training_resolution.py::test_worker_disk_sampling_tolerates_retired_staging_only PASSED [ 30%]
tests/test_training_resolution.py::test_production_shapes_are_meta_only_and_smoke_refuses[50m] PASSED [ 31%]
tests/test_training_resolution.py::test_production_shapes_are_meta_only_and_smoke_refuses[150m] PASSED [ 32%]
tests/test_training_resolution.py::test_production_shapes_are_meta_only_and_smoke_refuses[300m] PASSED [ 34%]
tests/test_training_resolution.py::test_real_document_boundaries_positions_and_model_isolation[None] PASSED [ 35%]
tests/test_training_resolution.py::test_real_document_boundaries_positions_and_model_isolation[1] PASSED [ 36%]
tests/test_training_resolution.py::test_real_document_boundaries_positions_and_model_isolation[4] PASSED [ 37%]
tests/test_packing_scheduling.py::test_shift_feeds_first_t_and_targets_next_t PASSED [ 39%]
tests/test_packing_scheduling.py::test_partial_window_is_padded_and_masked_not_dropped PASSED [ 40%]
tests/test_packing_scheduling.py::test_window_shorter_than_two_tokens_is_rejected PASSED [ 41%]
tests/test_packing_scheduling.py::test_one_token_overlap_neither_drops_nor_double_counts_targets PASSED [ 42%]
tests/test_packing_scheduling.py::test_bos_is_context_only_and_never_a_target_position PASSED [ 43%]
tests/test_packing_scheduling.py::test_causal_stream_uses_one_segment_and_continuous_positions PASSED [ 45%]
tests/test_packing_scheduling.py::test_isolated_packing_resets_positions_and_masks_boundaries PASSED [ 46%]
tests/test_packing_scheduling.py::test_isolated_packing_preserves_document_and_byte_provenance PASSED [ 47%]
tests/test_packing_scheduling.py::test_isolated_packing_rejects_a_window_without_a_target PASSED [ 48%]
tests/test_packing_scheduling.py::test_build_packer_selects_the_declared_policy PASSED [ 50%]
tests/test_packing_scheduling.py::test_the_two_packing_policies_produce_different_masks PASSED [ 51%]
tests/test_packing_scheduling.py::test_deficit_scheduling_tracks_configured_weights PASSED [ 52%]
tests/test_packing_scheduling.py::test_first_selection_is_deterministic_not_arbitrary PASSED [ 53%]
tests/test_packing_scheduling.py::test_eos_is_attributed_to_its_own_source_and_reported_separately PASSED [ 54%]
tests/test_packing_scheduling.py::test_bos_and_padding_are_excluded_from_the_budget PASSED [ 56%]
tests/test_packing_scheduling.py::test_repeat_false_raises_on_exhaustion_without_redistributing PASSED [ 57%]
tests/test_packing_scheduling.py::test_bounded_repeat_allows_declared_epochs_then_stops PASSED [ 58%]
tests/test_packing_scheduling.py::test_repeated_exposure_is_counted_separately_from_unique PASSED [ 59%]
tests/test_packing_scheduling.py::test_repeat_ceiling_is_enforced_at_runtime PASSED [ 60%]
tests/test_packing_scheduling.py::test_scheduler_state_round_trips_exactly PASSED [ 62%]
tests/test_packing_scheduling.py::test_schedule_state_survives_a_dict_round_trip PASSED [ 63%]
tests/test_packing_scheduling.py::test_scheduler_rejects_a_source_without_availability PASSED [ 64%]
tests/test_packing_scheduling.py::test_negative_exposure_is_rejected PASSED [ 65%]
tests/test_mixture_stream.py::test_shard_records_offsets_markers_and_coverage PASSED [ 67%]
tests/test_mixture_stream.py::test_shard_counters_report_targets_and_structural_tokens PASSED [ 68%]
tests/test_mixture_stream.py::test_mmap_reads_match_direct_reads PASSED  [ 69%]
tests/test_mixture_stream.py::test_token_dtype_overflow_is_caught PASSED [ 70%]
tests/test_mixture_stream.py::test_corrupted_shard_fails_verification PASSED [ 71%]
tests/test_mixture_stream.py::test_a_second_mixture_reuses_the_same_shards PASSED [ 73%]
tests/test_mixture_stream.py::test_a_second_tokenizer_invalidates_the_shards PASSED [ 74%]
tests/test_mixture_stream.py::test_matched_byte_plan_holds_raw_exposure_across_real_tokenizers PASSED [ 75%]
tests/test_mixture_stream.py::test_observed_shares_match_configured_weights_on_unequal_sources PASSED [ 76%]
tests/test_mixture_stream.py::test_exact_token_stopping_at_a_nonmultiple_budget PASSED [ 78%]
tests/test_mixture_stream.py::test_zero_or_negative_budget_produces_no_batches PASSED [ 79%]
tests/test_mixture_stream.py::test_batches_carry_masks_positions_and_source_attribution PASSED [ 80%]
tests/test_mixture_stream.py::test_isolated_packing_mode_is_honoured PASSED [ 81%]
tests/test_mixture_stream.py::test_interrupted_run_resumes_to_identical_ids_and_masks PASSED [ 82%]
tests/test_mixture_stream.py::test_resume_restores_masks_and_scheduler_counters PASSED [ 84%]
tests/test_mixture_stream.py::test_rollback_discards_speculative_progress PASSED [ 85%]
tests/test_mixture_stream.py::test_resume_refuses_a_checkpoint_from_a_different_mixture PASSED [ 86%]
tests/test_mixture_stream.py::test_batching_is_independent_of_microbatch_grouping PASSED [ 87%]
tests/test_mixture_stream.py::test_exhaustion_raises_when_repeat_is_disabled PASSED [ 89%]
tests/test_mixture_stream.py::test_bounded_repeat_counts_repeated_targets_separately PASSED [ 90%]
tests/test_mixture_stream.py::test_missing_shard_for_a_weighted_source_is_refused PASSED [ 91%]
tests/test_mixture_stream.py::test_invalid_batcher_configuration_is_rejected PASSED [ 92%]
tests/test_trainer_mixture.py::test_real_trainer_consumes_the_mixture_loader PASSED [ 93%]
tests/test_trainer_mixture.py::test_mixture_batches_are_tensors_with_correct_shapes PASSED [ 95%]
tests/test_trainer_mixture.py::test_mixture_run_resumes_to_the_same_committed_data PASSED [ 96%]
tests/test_trainer_mixture.py::test_trainer_checkpoint_carries_mixture_state PASSED [ 97%]
tests/test_trainer_mixture.py::test_trainer_loss_decreases_on_a_bounded_mixture_run PASSED [ 98%]
tests/test_trainer_mixture.py::test_share_drift_converges_as_the_run_lengthens PASSED [100%]

================================== FAILURES ===================================
________ test_public_two_source_prepare_direct_queue_and_resume[False] ________

tmp_path = WindowsPath('D:/Project/xlm/data/audit/p23-remediation/stage04/after02/d03-tmp/test_public_two_source_prepare0')
auxiliary = False

    @pytest.mark.parametrize("auxiliary", [False, True])
    def test_public_two_source_prepare_direct_queue_and_resume(tmp_path: Path, auxiliary: bool) -> None:
        from test_frozen_execution import authored_tree
    
        tree = authored_tree(tmp_path / "tree")
        if auxiliary:
            plugin = tree / "src/xlm/plugins/authored_aux"
            plugin.mkdir()
            (plugin / "plugin.yaml").write_text(
                yaml.safe_dump(
                    {
                        "plugin_id": "authored_aux",
                        "version": "1",
                        "category": "objective",
                        "enabled": True,
                        "entry_module": "entry.py",
                        "files": ["entry.py"],
                        "capabilities": {
                            "loss_protocol": "token_additive",
                            "supports_microbatching": True,
                            "has_auxiliary_parameters": True,
                            "requires_hidden_states": False,
                        },
                    }
                ),
                encoding="utf-8",
            )
            (plugin / "entry.py").write_text(
                """from typing import Literal
    from xlm.config.schemas import StrictConfigModel
    from xlm.objectives.auxiliary_fixture import AuxiliaryLearningObjective
    import random
    import numpy as np
    import torch
    class Config(StrictConfigModel):
        type: Literal["authored_aux"] = "authored_aux"
        version: str = "1"
        init_val: float = 1.0
        target_val: float = 3.0
    class Objective(AuxiliaryLearningObjective):
        def forward(self, *args, **kwargs):
            self.target_val = 3.0 + random.random() + float(np.random.random()) + float(torch.rand(()))
            return super().forward(*args, **kwargs)
    def factory(config):
        print("AUTHORED_AUX_FACTORY_EXECUTED", flush=True)
        return Objective(config.init_val, config.target_val)
    def register(registry, capabilities):
        return registry.register("authored_aux", "1", Config,
            capabilities.to_dict(), "1", factory)
    """,
                encoding="utf-8",
            )
        docs = documents()
        documents_path = tmp_path / "documents.jsonl"
        documents_path.write_text(
            "".join(json.dumps(d.to_dict()) + "\n" for d in docs), encoding="utf-8"
        )
        tokenizer = ByteLevelBPETokenizer.train_from_documents(
            docs, target_vocab_size=260, max_train_docs=4, max_train_bytes=1024
        )
        tokenizer.save(tmp_path / "tokenizer")
        recipe = MixtureRecipe(
            mixture_id="two_sources",
            components=[
                MixtureComponent(source_id="alpha", weight=0.75),
                MixtureComponent(source_id="zeta", weight=0.25),
            ],
            packing=PackingPolicy(max_document_tokens=4),
            data_seed=42,
            model_seed=7,
        )
        recipe_path = tmp_path / "mixture.yaml"
        recipe_path.write_text(yaml.safe_dump(recipe.model_dump(mode="json")), encoding="utf-8")
        shards = tmp_path / "shards"
        exposure = tmp_path / "exposure.json"
        prepare = tree / "prepare.yaml"
        prepare.write_text(
            yaml.safe_dump(
                {
                    "id": "authored_d03",
                    "output_root": str(tmp_path / "preparation"),
                    "stages": [
                        {
                            "stage_id": "tokenize",
                            "kind": "run",
                            "command": [
                                "data",
                                "tokenize",
                                "--input",
                                str(documents_path),
                                "--tokenizer",
                                str(tmp_path / "tokenizer"),
                                "--output-dir",
                                str(shards),
                                "--pool-id",
                                "authored_d03",
                                "--split",
                                "train",
                            ],
                            "outputs": [str(shards)],
                            "invalidates": ["exposure"],
                        },
                        {
                            "stage_id": "exposure",
                            "kind": "run",
                            "command": [
                                "mixture",
                                "plan",
                                "--recipe",
                                str(recipe_path),
                                "--shards",
                                str(shards),
                                "--budget-targets",
                                "33",
                                "--block-size",
                                "8",
                                "--output",
                                str(exposure),
                            ],
                            "outputs": [str(exposure)],
                        },
                    ],
                }
            ),
            encoding="utf-8",
        )
        evidence = tmp_path / "commands"
>       cli(
            tree,
            tmp_path / "prepare-home",
            evidence,
            "prepare",
            "--config",
            str(prepare),
            "--authorize",
            "--timeout",
            "60",
        )

tests\test_configurable_workflow.py:305: 
_ _ _ _ _ _ _ _ _ _ _ _ _ _ _ _ _ _ _ _ _ _ _ _ _ _ _ _ _ _ _ _ _ _ _ _ _ _ _ _

root = WindowsPath('D:/Project/xlm/data/audit/p23-remediation/stage04/after02/d03-tmp/test_public_two_source_prepare0/tree')
home = WindowsPath('D:/Project/xlm/data/audit/p23-remediation/stage04/after02/d03-tmp/test_public_two_source_prepare0/prepare-home')
evidence = WindowsPath('D:/Project/xlm/data/audit/p23-remediation/stage04/after02/d03-tmp/test_public_two_source_prepare0/commands')
args = ('prepare', '--config', 'D:\\Project\\xlm\\data\\audit\\p23-remediation\\stage04\\after02\\d03-tmp\\test_public_two_source_prepare0\\tree\\prepare.yaml', '--authorize', '--timeout', '60')

    def cli(root: Path, home: Path, evidence: Path, *args: str) -> subprocess.CompletedProcess[str]:
        evidence.mkdir(parents=True, exist_ok=True)
        result = subprocess.run(
            [sys.executable, "-m", "xlm.cli.main", *args],
            cwd=root,
            env={
                **os.environ,
                "XLM_HOME": str(home),
                "PYTHONPATH": str(root / "src"),
                "UV_OFFLINE": "1",
                "HF_HUB_OFFLINE": "1",
                "HF_DATASETS_OFFLINE": "1",
                "OMP_NUM_THREADS": "1",
                "MKL_NUM_THREADS": "1",
            },
            text=True,
            capture_output=True,
            timeout=240,
        )
        index = len(list(evidence.glob("*.json")))
        (evidence / f"{index:02}.json").write_text(
            json.dumps(
                {
                    "argv": [sys.executable, "-m", "xlm.cli.main", *args],
                    "cwd": str(root),
                    "returncode": result.returncode,
                    "stdout": result.stdout,
                    "stderr": result.stderr,
                }
            ),
            encoding="utf-8",
        )
>       assert result.returncode == 0, result.stdout + result.stderr
E       AssertionError: <frozen runpy>:128: RuntimeWarning: 'xlm.cli.main' found in sys.modules after import of package 'xlm.cli', but prior to execution of 'xlm.cli.main'; this may result in unpredictable behaviour
E         Error: preparation output must stay inside output_root or XLM_HOME
E         
E       assert 1 == 0
E        +  where 1 = CompletedProcess(args=['D:\\Project\\xlm\\data\\audit\\p23-remediation\\stage01\\after01\\.venv\\Scripts\\python.exe', '-m', 'xlm.cli.main', 'prepare', '--config', 'D:\\Project\\xlm\\data\\audit\\p23-remediation\\stage04\\after02\\d03-tmp\\test_public_two_source_prepare0\\tree\\prepare.yaml', '--authorize', '--timeout', '60'], returncode=1, stdout='', stderr="<frozen runpy>:128: RuntimeWarning: 'xlm.cli.main' found in sys.modules after import of package 'xlm.cli', but prior to execution of 'xlm.cli.main'; this may result in unpredictable behaviour\nError: preparation output must stay inside output_root or XLM_HOME\n").returncode

tests\test_configurable_workflow.py:84: AssertionError
________ test_public_two_source_prepare_direct_queue_and_resume[True] _________

tmp_path = WindowsPath('D:/Project/xlm/data/audit/p23-remediation/stage04/after02/d03-tmp/test_public_two_source_prepare1')
auxiliary = True

    @pytest.mark.parametrize("auxiliary", [False, True])
    def test_public_two_source_prepare_direct_queue_and_resume(tmp_path: Path, auxiliary: bool) -> None:
        from test_frozen_execution import authored_tree
    
        tree = authored_tree(tmp_path / "tree")
        if auxiliary:
            plugin = tree / "src/xlm/plugins/authored_aux"
            plugin.mkdir()
            (plugin / "plugin.yaml").write_text(
                yaml.safe_dump(
                    {
                        "plugin_id": "authored_aux",
                        "version": "1",
                        "category": "objective",
                        "enabled": True,
                        "entry_module": "entry.py",
                        "files": ["entry.py"],
                        "capabilities": {
                            "loss_protocol": "token_additive",
                            "supports_microbatching": True,
                            "has_auxiliary_parameters": True,
                            "requires_hidden_states": False,
                        },
                    }
                ),
                encoding="utf-8",
            )
            (plugin / "entry.py").write_text(
                """from typing import Literal
    from xlm.config.schemas import StrictConfigModel
    from xlm.objectives.auxiliary_fixture import AuxiliaryLearningObjective
    import random
    import numpy as np
    import torch
    class Config(StrictConfigModel):
        type: Literal["authored_aux"] = "authored_aux"
        version: str = "1"
        init_val: float = 1.0
        target_val: float = 3.0
    class Objective(AuxiliaryLearningObjective):
        def forward(self, *args, **kwargs):
            self.target_val = 3.0 + random.random() + float(np.random.random()) + float(torch.rand(()))
            return super().forward(*args, **kwargs)
    def factory(config):
        print("AUTHORED_AUX_FACTORY_EXECUTED", flush=True)
        return Objective(config.init_val, config.target_val)
    def register(registry, capabilities):
        return registry.register("authored_aux", "1", Config,
            capabilities.to_dict(), "1", factory)
    """,
                encoding="utf-8",
            )
        docs = documents()
        documents_path = tmp_path / "documents.jsonl"
        documents_path.write_text(
            "".join(json.dumps(d.to_dict()) + "\n" for d in docs), encoding="utf-8"
        )
        tokenizer = ByteLevelBPETokenizer.train_from_documents(
            docs, target_vocab_size=260, max_train_docs=4, max_train_bytes=1024
        )
        tokenizer.save(tmp_path / "tokenizer")
        recipe = MixtureRecipe(
            mixture_id="two_sources",
            components=[
                MixtureComponent(source_id="alpha", weight=0.75),
                MixtureComponent(source_id="zeta", weight=0.25),
            ],
            packing=PackingPolicy(max_document_tokens=4),
            data_seed=42,
            model_seed=7,
        )
        recipe_path = tmp_path / "mixture.yaml"
        recipe_path.write_text(yaml.safe_dump(recipe.model_dump(mode="json")), encoding="utf-8")
        shards = tmp_path / "shards"
        exposure = tmp_path / "exposure.json"
        prepare = tree / "prepare.yaml"
        prepare.write_text(
            yaml.safe_dump(
                {
                    "id": "authored_d03",
                    "output_root": str(tmp_path / "preparation"),
                    "stages": [
                        {
                            "stage_id": "tokenize",
                            "kind": "run",
                            "command": [
                                "data",
                                "tokenize",
                                "--input",
                                str(documents_path),
                                "--tokenizer",
                                str(tmp_path / "tokenizer"),
                                "--output-dir",
                                str(shards),
                                "--pool-id",
                                "authored_d03",
                                "--split",
                                "train",
                            ],
                            "outputs": [str(shards)],
                            "invalidates": ["exposure"],
                        },
                        {
                            "stage_id": "exposure",
                            "kind": "run",
                            "command": [
                                "mixture",
                                "plan",
                                "--recipe",
                                str(recipe_path),
                                "--shards",
                                str(shards),
                                "--budget-targets",
                                "33",
                                "--block-size",
                                "8",
                                "--output",
                                str(exposure),
                            ],
                            "outputs": [str(exposure)],
                        },
                    ],
                }
            ),
            encoding="utf-8",
        )
        evidence = tmp_path / "commands"
>       cli(
            tree,
            tmp_path / "prepare-home",
            evidence,
            "prepare",
            "--config",
            str(prepare),
            "--authorize",
            "--timeout",
            "60",
        )

tests\test_configurable_workflow.py:305: 
_ _ _ _ _ _ _ _ _ _ _ _ _ _ _ _ _ _ _ _ _ _ _ _ _ _ _ _ _ _ _ _ _ _ _ _ _ _ _ _

root = WindowsPath('D:/Project/xlm/data/audit/p23-remediation/stage04/after02/d03-tmp/test_public_two_source_prepare1/tree')
home = WindowsPath('D:/Project/xlm/data/audit/p23-remediation/stage04/after02/d03-tmp/test_public_two_source_prepare1/prepare-home')
evidence = WindowsPath('D:/Project/xlm/data/audit/p23-remediation/stage04/after02/d03-tmp/test_public_two_source_prepare1/commands')
args = ('prepare', '--config', 'D:\\Project\\xlm\\data\\audit\\p23-remediation\\stage04\\after02\\d03-tmp\\test_public_two_source_prepare1\\tree\\prepare.yaml', '--authorize', '--timeout', '60')

    def cli(root: Path, home: Path, evidence: Path, *args: str) -> subprocess.CompletedProcess[str]:
        evidence.mkdir(parents=True, exist_ok=True)
        result = subprocess.run(
            [sys.executable, "-m", "xlm.cli.main", *args],
            cwd=root,
            env={
                **os.environ,
                "XLM_HOME": str(home),
                "PYTHONPATH": str(root / "src"),
                "UV_OFFLINE": "1",
                "HF_HUB_OFFLINE": "1",
                "HF_DATASETS_OFFLINE": "1",
                "OMP_NUM_THREADS": "1",
                "MKL_NUM_THREADS": "1",
            },
            text=True,
            capture_output=True,
            timeout=240,
        )
        index = len(list(evidence.glob("*.json")))
        (evidence / f"{index:02}.json").write_text(
            json.dumps(
                {
                    "argv": [sys.executable, "-m", "xlm.cli.main", *args],
                    "cwd": str(root),
                    "returncode": result.returncode,
                    "stdout": result.stdout,
                    "stderr": result.stderr,
                }
            ),
            encoding="utf-8",
        )
>       assert result.returncode == 0, result.stdout + result.stderr
E       AssertionError: <frozen runpy>:128: RuntimeWarning: 'xlm.cli.main' found in sys.modules after import of package 'xlm.cli', but prior to execution of 'xlm.cli.main'; this may result in unpredictable behaviour
E         Error: preparation output must stay inside output_root or XLM_HOME
E         
E       assert 1 == 0
E        +  where 1 = CompletedProcess(args=['D:\\Project\\xlm\\data\\audit\\p23-remediation\\stage01\\after01\\.venv\\Scripts\\python.exe', '-m', 'xlm.cli.main', 'prepare', '--config', 'D:\\Project\\xlm\\data\\audit\\p23-remediation\\stage04\\after02\\d03-tmp\\test_public_two_source_prepare1\\tree\\prepare.yaml', '--authorize', '--timeout', '60'], returncode=1, stdout='', stderr="<frozen runpy>:128: RuntimeWarning: 'xlm.cli.main' found in sys.modules after import of package 'xlm.cli', but prior to execution of 'xlm.cli.main'; this may result in unpredictable behaviour\nError: preparation output must stay inside output_root or XLM_HOME\n").returncode

tests\test_configurable_workflow.py:84: AssertionError
- generated xml file: D:\Project\xlm\data\audit\p23-remediation\stage04\after02\d03.xml -
=========================== short test summary info ===========================
FAILED tests/test_configurable_workflow.py::test_public_two_source_prepare_direct_queue_and_resume[False] - AssertionError: <frozen runpy>:128: RuntimeWarning: 'xlm.cli.main' found in sys.modules after import of package 'xlm.cli', but prior to execution of 'xlm.cli.main'; this may result in unpredictable behaviour
  Error: preparation output must stay inside output_root or XLM_HOME
  
assert 1 == 0
 +  where 1 = CompletedProcess(args=['D:\\Project\\xlm\\data\\audit\\p23-remediation\\stage01\\after01\\.venv\\Scripts\\python.exe', '-m', 'xlm.cli.main', 'prepare', '--config', 'D:\\Project\\xlm\\data\\audit\\p23-remediation\\stage04\\after02\\d03-tmp\\test_public_two_source_prepare0\\tree\\prepare.yaml', '--authorize', '--timeout', '60'], returncode=1, stdout='', stderr="<frozen runpy>:128: RuntimeWarning: 'xlm.cli.main' found in sys.modules after import of package 'xlm.cli', but prior to execution of 'xlm.cli.main'; this may result in unpredictable behaviour\nError: preparation output must stay inside output_root or XLM_HOME\n").returncode
FAILED tests/test_configurable_workflow.py::test_public_two_source_prepare_direct_queue_and_resume[True] - AssertionError: <frozen runpy>:128: RuntimeWarning: 'xlm.cli.main' found in sys.modules after import of package 'xlm.cli', but prior to execution of 'xlm.cli.main'; this may result in unpredictable behaviour
  Error: preparation output must stay inside output_root or XLM_HOME
  
assert 1 == 0
 +  where 1 = CompletedProcess(args=['D:\\Project\\xlm\\data\\audit\\p23-remediation\\stage01\\after01\\.venv\\Scripts\\python.exe', '-m', 'xlm.cli.main', 'prepare', '--config', 'D:\\Project\\xlm\\data\\audit\\p23-remediation\\stage04\\after02\\d03-tmp\\test_public_two_source_prepare1\\tree\\prepare.yaml', '--authorize', '--timeout', '60'], returncode=1, stdout='', stderr="<frozen runpy>:128: RuntimeWarning: 'xlm.cli.main' found in sys.modules after import of package 'xlm.cli', but prior to execution of 'xlm.cli.main'; this may result in unpredictable behaviour\nError: preparation output must stay inside output_root or XLM_HOME\n").returncode
=================== 2 failed, 80 passed in 94.28s (0:01:34) ===================
