============================= test session starts =============================
platform win32 -- Python 3.12.13, pytest-9.1.1, pluggy-1.6.0 -- D:\Project\xlm\data\audit\p23-remediation\stage01\after01\.venv\Scripts\python.exe
cachedir: .pytest_cache
rootdir: D:\Project\xlm
configfile: pyproject.toml
plugins: anyio-4.15.1, cov-7.1.0
collecting ... collected 53 items

tests/test_frozen_execution.py::test_independent_persisted_bindings_refuse_before_worker PASSED [  1%]
tests/test_frozen_execution.py::test_authority_and_recomputed_envelope_fields_are_checked PASSED [  3%]
tests/test_frozen_execution.py::test_actual_environment_mismatch_fails_in_real_worker PASSED [  5%]
tests/test_frozen_execution.py::test_public_queue_and_diagnostic_receipt_keep_separate_provenance PASSED [  7%]
tests/test_frozen_execution.py::test_changed_tokenizer_and_real_shard_are_rejected PASSED [  9%]
tests/test_frozen_execution.py::test_real_worker_output_bound_and_terminal_failure PASSED [ 11%]
tests/test_frozen_execution.py::test_worker_rejects_cli_override_outside_frozen_envelope PASSED [ 13%]
tests/test_frozen_execution.py::test_unresolved_checkpoint_is_inspectable_but_not_frozen_resume PASSED [ 15%]
tests/test_frozen_execution.py::test_snapshot_reuse_conflicts_and_paths PASSED [ 16%]
tests/test_frozen_execution.py::test_relocated_locked_environment_ignores_editable_hooks_and_bytecode PASSED [ 18%]
tests/test_frozen_execution.py::test_real_frozen_worker_trains_and_publishes PASSED [ 20%]
tests/test_frozen_execution.py::test_intact_a_executes_after_live_b_and_import_override PASSED [ 22%]
tests/test_frozen_execution.py::test_snapshot_damage_rejects_before_worker[tamper] PASSED [ 24%]
tests/test_frozen_execution.py::test_snapshot_damage_rejects_before_worker[missing] PASSED [ 26%]
tests/test_frozen_execution.py::test_snapshot_damage_rejects_before_worker[extra] PASSED [ 28%]
tests/test_frozen_recovery.py::test_real_crash_preserves_committed_boundary_on_retry PASSED [ 30%]
tests/test_queue.py::test_submit_deduplicates_identical_plans PASSED     [ 32%]
tests/test_queue.py::test_submit_refuses_blocked_plans_and_missing_snapshots PASSED [ 33%]
tests/test_queue.py::test_submit_allows_explicit_duplicates PASSED       [ 35%]
tests/test_queue.py::test_only_one_gpu_lease_can_be_held PASSED          [ 37%]
tests/test_queue.py::test_stale_lease_is_reclaimable_and_recorded PASSED [ 39%]
tests/test_queue.py::test_cpu_environment_refuses_cuda_job_without_execution PASSED [ 41%]
tests/test_queue.py::test_toy_campaign_runs_sequentially_to_success PASSED [ 43%]
tests/test_queue.py::test_changed_live_tree_preserves_frozen_run PASSED  [ 45%]
tests/test_queue.py::test_failed_jobs_keep_evidence_and_stay_terminal PASSED [ 47%]
tests/test_queue.py::test_crash_recovery_requeues_once_when_retries_remain PASSED [ 49%]
tests/test_queue.py::test_crash_without_retries_fails_loudly PASSED      [ 50%]
tests/test_queue.py::test_cancel_stops_a_queued_job_and_a_running_job PASSED [ 52%]
tests/test_queue.py::test_prep_pool_is_bounded_and_ordered PASSED        [ 54%]
tests/test_queue.py::test_status_lists_jobs_with_attempts PASSED         [ 56%]
tests/test_queue.py::test_cli_experiment_plan_reports_blockers PASSED    [ 58%]
tests/test_queue.py::test_cli_campaign_plan_shows_six_mixtures_without_running PASSED [ 60%]
tests/test_queue.py::test_cli_submit_blocks_unauthorized_large_runs PASSED [ 62%]
tests/test_queue.py::test_cli_queue_status_and_cancel PASSED             [ 64%]
tests/test_experiment_plans.py::test_snapshot_round_trip_and_immutability PASSED [ 66%]
tests/test_experiment_plans.py::test_snapshot_refuses_secrets_fail_closed PASSED [ 67%]
tests/test_experiment_plans.py::test_snapshot_missing_tree_is_refused PASSED [ 69%]
tests/test_experiment_plans.py::test_smoke_ticket_covers_only_smoke_scale PASSED [ 71%]
tests/test_experiment_plans.py::test_ticket_binds_one_plan_hash PASSED   [ 73%]
tests/test_experiment_plans.py::test_ticket_round_trip_and_malformed_refusal PASSED [ 75%]
tests/test_experiment_plans.py::test_validate_against_ticket_applies_smoke_caps_by_default PASSED [ 77%]
tests/test_experiment_plans.py::test_resolve_reports_blockers_instead_of_defaults PASSED [ 79%]
tests/test_experiment_plans.py::test_seed_and_source_changes_alter_plan_identity PASSED [ 81%]
tests/test_experiment_plans.py::test_plan_round_trips_through_json PASSED [ 83%]
tests/test_experiment_plans.py::test_budget_beyond_horizon_requires_a_fork PASSED [ 84%]
tests/test_experiment_plans.py::test_extend_plan_budget_forks_with_lineage PASSED [ 86%]
tests/test_experiment_plans.py::test_grid_sweep_counts_and_orders_deterministically PASSED [ 88%]
tests/test_experiment_plans.py::test_random_proposals_are_deterministic_and_valid PASSED [ 90%]
tests/test_experiment_plans.py::test_simplex_proposals_cover_the_lattice PASSED [ 92%]
tests/test_experiment_plans.py::test_explicit_lists_and_diffs PASSED     [ 94%]
tests/test_experiment_plans.py::test_six_mixture_campaign_expands_with_gated_later_rounds PASSED [ 96%]
tests/test_experiment_plans.py::test_selection_unblocks_a_later_round PASSED [ 98%]
tests/test_experiment_plans.py::test_campaign_plan_is_hash_stable_and_budget_gated PASSED [100%]

- generated xml file: D:\Project\xlm\data\audit\p23-remediation\stage02\after05\core.xml -
======================= 53 passed in 1449.04s (0:24:09) =======================
