============================= test session starts =============================
platform win32 -- Python 3.12.13, pytest-9.1.1, pluggy-1.6.0 -- D:\Project\xlm\data\audit\p23-remediation\stage01\after01\.venv\Scripts\python.exe
cachedir: .pytest_cache
rootdir: D:\Project\xlm
configfile: pyproject.toml
plugins: anyio-4.15.1, cov-7.1.0
collecting ... collected 99 items

tests/test_artifact_identity.py::test_identical_request_reuses_unchanged_artifact PASSED [  1%]
tests/test_artifact_identity.py::test_conflicting_request_must_fail_and_preserve_original[payload] PASSED [  2%]
tests/test_artifact_identity.py::test_conflicting_request_must_fail_and_preserve_original[producer] PASSED [  3%]
tests/test_artifact_identity.py::test_conflicting_request_must_fail_and_preserve_original[dependency] PASSED [  4%]
tests/test_artifact_identity.py::test_conflicting_request_must_fail_and_preserve_original[lineage] PASSED [  5%]
tests/test_artifact_identity.py::test_publication_must_not_replace_an_incomplete_existing_directory PASSED [  6%]
tests/test_artifact_identity.py::test_cosmetics_reuse_without_touching_original_and_keys_are_separate PASSED [  7%]
tests/test_artifact_identity.py::test_behavioral_metadata_and_serializer_changes_conflict[seed] PASSED [  8%]
tests/test_artifact_identity.py::test_behavioral_metadata_and_serializer_changes_conflict[timestamp] PASSED [  9%]
tests/test_artifact_identity.py::test_behavioral_metadata_and_serializer_changes_conflict[serializer_version] PASSED [ 10%]
tests/test_artifact_identity.py::test_damaged_existing_destination_is_never_repaired[payload] PASSED [ 11%]
tests/test_artifact_identity.py::test_damaged_existing_destination_is_never_repaired[identity] PASSED [ 12%]
tests/test_artifact_identity.py::test_damaged_existing_destination_is_never_repaired[incomplete] PASSED [ 13%]
tests/test_artifact_identity.py::test_damaged_existing_destination_is_never_repaired[extra_file] PASSED [ 14%]
tests/test_artifact_identity.py::test_legacy_integrity_is_not_automatic_equivalent_reuse PASSED [ 15%]
tests/test_artifact_identity.py::test_verified_input_manifest_fingerprint_is_bound_and_checked PASSED [ 16%]
tests/test_artifact_identity.py::test_invalid_identifiers_fail_before_store_creation[../escape-artifact_id] PASSED [ 17%]
tests/test_artifact_identity.py::test_invalid_identifiers_fail_before_store_creation[../escape-kind] PASSED [ 18%]
tests/test_artifact_identity.py::test_invalid_identifiers_fail_before_store_creation[..\\escape-artifact_id] PASSED [ 19%]
tests/test_artifact_identity.py::test_invalid_identifiers_fail_before_store_creation[..\\escape-kind] PASSED [ 20%]
tests/test_artifact_identity.py::test_invalid_identifiers_fail_before_store_creation[/absolute-artifact_id] PASSED [ 21%]
tests/test_artifact_identity.py::test_invalid_identifiers_fail_before_store_creation[/absolute-kind] PASSED [ 22%]
tests/test_artifact_identity.py::test_invalid_identifiers_fail_before_store_creation[C:\\absolute-artifact_id] PASSED [ 23%]
tests/test_artifact_identity.py::test_invalid_identifiers_fail_before_store_creation[C:\\absolute-kind] PASSED [ 24%]
tests/test_artifact_identity.py::test_invalid_identifiers_fail_before_store_creation[C:relative-artifact_id] PASSED [ 25%]
tests/test_artifact_identity.py::test_invalid_identifiers_fail_before_store_creation[C:relative-kind] PASSED [ 26%]
tests/test_artifact_identity.py::test_invalid_identifiers_fail_before_store_creation[\\\\server\\share-artifact_id] PASSED [ 27%]
tests/test_artifact_identity.py::test_invalid_identifiers_fail_before_store_creation[\\\\server\\share-kind] PASSED [ 28%]
tests/test_artifact_identity.py::test_invalid_identifiers_fail_before_store_creation[con-artifact_id] PASSED [ 29%]
tests/test_artifact_identity.py::test_invalid_identifiers_fail_before_store_creation[con-kind] PASSED [ 30%]
tests/test_artifact_identity.py::test_invalid_identifiers_fail_before_store_creation[NUL.txt-artifact_id] PASSED [ 31%]
tests/test_artifact_identity.py::test_invalid_identifiers_fail_before_store_creation[NUL.txt-kind] PASSED [ 32%]
tests/test_artifact_identity.py::test_invalid_identifiers_fail_before_store_creation[com\xb9-artifact_id] PASSED [ 33%]
tests/test_artifact_identity.py::test_invalid_identifiers_fail_before_store_creation[com\xb9-kind] PASSED [ 34%]
tests/test_artifact_identity.py::test_invalid_identifiers_fail_before_store_creation[name.-artifact_id] PASSED [ 35%]
tests/test_artifact_identity.py::test_invalid_identifiers_fail_before_store_creation[name.-kind] PASSED [ 36%]
tests/test_artifact_identity.py::test_invalid_identifiers_fail_before_store_creation[name -artifact_id] PASSED [ 37%]
tests/test_artifact_identity.py::test_invalid_identifiers_fail_before_store_creation[name -kind] PASSED [ 38%]
tests/test_artifact_identity.py::test_invalid_identifiers_fail_before_store_creation[a:b-artifact_id] PASSED [ 39%]
tests/test_artifact_identity.py::test_invalid_identifiers_fail_before_store_creation[a:b-kind] PASSED [ 40%]
tests/test_artifact_identity.py::test_invalid_identifiers_fail_before_store_creation[.locks-artifact_id] PASSED [ 41%]
tests/test_artifact_identity.py::test_invalid_identifiers_fail_before_store_creation[.locks-kind] PASSED [ 42%]
tests/test_artifact_identity.py::test_invalid_identifiers_fail_before_store_creation[-artifact_id] PASSED [ 43%]
tests/test_artifact_identity.py::test_invalid_identifiers_fail_before_store_creation[-kind] PASSED [ 44%]
tests/test_artifact_identity.py::test_payload_escape_marker_injection_and_collisions_have_no_side_effects[names0] PASSED [ 45%]
tests/test_artifact_identity.py::test_payload_escape_marker_injection_and_collisions_have_no_side_effects[names1] PASSED [ 46%]
tests/test_artifact_identity.py::test_payload_escape_marker_injection_and_collisions_have_no_side_effects[names2] PASSED [ 47%]
tests/test_artifact_identity.py::test_payload_escape_marker_injection_and_collisions_have_no_side_effects[names3] PASSED [ 48%]
tests/test_artifact_identity.py::test_payload_escape_marker_injection_and_collisions_have_no_side_effects[names4] PASSED [ 49%]
tests/test_artifact_identity.py::test_payload_escape_marker_injection_and_collisions_have_no_side_effects[names5] PASSED [ 50%]
tests/test_artifact_identity.py::test_payload_escape_marker_injection_and_collisions_have_no_side_effects[names6] PASSED [ 51%]
tests/test_artifact_identity.py::test_payload_escape_marker_injection_and_collisions_have_no_side_effects[names7] PASSED [ 52%]
tests/test_artifact_identity.py::test_payload_escape_marker_injection_and_collisions_have_no_side_effects[names8] PASSED [ 53%]
tests/test_artifact_identity.py::test_payload_escape_marker_injection_and_collisions_have_no_side_effects[names9] PASSED [ 54%]
tests/test_artifact_identity.py::test_payload_escape_marker_injection_and_collisions_have_no_side_effects[names10] PASSED [ 55%]
tests/test_artifact_identity.py::test_payload_escape_marker_injection_and_collisions_have_no_side_effects[names11] PASSED [ 56%]
tests/test_artifact_identity.py::test_payload_escape_marker_injection_and_collisions_have_no_side_effects[names12] PASSED [ 57%]
tests/test_artifact_identity.py::test_payload_escape_marker_injection_and_collisions_have_no_side_effects[names13] PASSED [ 58%]
tests/test_artifact_identity.py::test_payload_escape_marker_injection_and_collisions_have_no_side_effects[names14] PASSED [ 59%]
tests/test_artifact_identity.py::test_payload_escape_marker_injection_and_collisions_have_no_side_effects[names15] PASSED [ 60%]
tests/test_artifact_identity.py::test_payload_escape_marker_injection_and_collisions_have_no_side_effects[names16] PASSED [ 61%]
tests/test_artifact_identity.py::test_payload_escape_marker_injection_and_collisions_have_no_side_effects[names17] PASSED [ 62%]
tests/test_artifact_identity.py::test_payload_escape_marker_injection_and_collisions_have_no_side_effects[names18] PASSED [ 63%]
tests/test_artifact_identity.py::test_streaming_limits_preserve_foreign_staging PASSED [ 64%]
tests/test_artifact_identity.py::test_existing_junction_cannot_redirect_publication[kind] PASSED [ 65%]
tests/test_artifact_identity.py::test_existing_junction_cannot_redirect_publication[staging] PASSED [ 66%]
tests/test_artifact_identity.py::test_existing_junction_cannot_redirect_publication[locks] PASSED [ 67%]
tests/test_artifact_identity.py::test_existing_junction_cannot_redirect_publication[payload] PASSED [ 68%]
tests/test_artifact_identity.py::test_actual_public_cli_current_and_legacy_artifacts PASSED [ 69%]
tests/test_artifact_identity.py::test_fresh_process_publishers_have_one_permitted_outcome[False] PASSED [ 70%]
tests/test_artifact_identity.py::test_fresh_process_publishers_have_one_permitted_outcome[True] PASSED [ 71%]
tests/test_artifact_identity.py::test_json_types_are_part_of_request_identity[1-True] PASSED [ 72%]
tests/test_artifact_identity.py::test_json_types_are_part_of_request_identity[1-1.0] PASSED [ 73%]
tests/test_artifact_identity.py::test_verification_is_bounded_and_unresolved_lineage_is_explicit PASSED [ 74%]
tests/test_artifact_identity.py::test_internal_kind_rejected_before_side_effects[ledger] PASSED [ 75%]
tests/test_artifact_identity.py::test_internal_kind_rejected_before_side_effects[runs] PASSED [ 76%]
tests/test_artifact_identity.py::test_internal_kind_rejected_before_side_effects[TMP] PASSED [ 77%]
tests/test_artifact_identity.py::test_path_alias_and_ambiguous_cli_lookup_are_refused PASSED [ 78%]
tests/test_artifacts.py::test_atomic_publication_and_verification PASSED [ 79%]
tests/test_artifacts.py::test_idempotent_publication_and_conflict_rejection PASSED [ 80%]
tests/test_artifacts.py::test_corrupt_artifact_rejection PASSED          [ 81%]
tests/test_artifacts.py::test_interrupted_artifact_rejection PASSED      [ 82%]
tests/test_artifacts.py::test_path_traversal_rejection PASSED            [ 83%]
tests/test_artifacts.py::test_concurrent_writer_lock_contention PASSED   [ 84%]
tests/test_artifacts.py::test_artifact_lineage_round_trip PASSED         [ 85%]
tests/test_artifacts.py::test_cli_artifact_commands PASSED               [ 86%]
tests/test_artifacts.py::test_artifact_lookup_by_id_covers_newly_introduced_kinds PASSED [ 87%]
tests/test_artifacts.py::test_artifact_lookup_ignores_internal_store_directories PASSED [ 88%]
tests/test_ledger.py::test_ledger_initialization_and_run_state_transitions PASSED [ 89%]
tests/test_ledger.py::test_stale_authorization_rejection PASSED          [ 90%]
tests/test_ledger.py::test_rebuild_from_filesystem PASSED                [ 91%]
tests/test_ledger.py::test_cli_rebuild_ledger_command PASSED             [ 92%]
tests/test_ledger.py::test_catalog_collision_cannot_replace_existing_kind_or_path PASSED [ 93%]
data/audit/p23-remediation/stage01/test_d01_before.py::test_identical_request_reuses_unchanged_artifact PASSED [ 94%]
data/audit/p23-remediation/stage01/test_d01_before.py::test_conflicting_request_must_fail_and_preserve_original[payload] PASSED [ 95%]
data/audit/p23-remediation/stage01/test_d01_before.py::test_conflicting_request_must_fail_and_preserve_original[producer] PASSED [ 96%]
data/audit/p23-remediation/stage01/test_d01_before.py::test_conflicting_request_must_fail_and_preserve_original[dependency] PASSED [ 97%]
data/audit/p23-remediation/stage01/test_d01_before.py::test_conflicting_request_must_fail_and_preserve_original[lineage] PASSED [ 98%]
data/audit/p23-remediation/stage01/test_d01_before.py::test_publication_must_not_replace_an_incomplete_existing_directory PASSED [100%]

- generated xml file: D:\Project\xlm\data\audit\p23-remediation\stage02\after05\d01.xml -
============================= 99 passed in 26.15s =============================
